Component: ARM Compiler 5.06 update 6 (build 750) Tool: armlink [4d35ed]

==============================================================================

Section Cross References

    main.o(.text) refers to app_error.o(.text) for app_error_handler
    main.o(.text) refers to strlen.o(.text) for strlen
    main.o(.text) refers to ble_nus.o(.text) for ble_nus_string_send
    main.o(.text) refers to nrf_delay.o(.text) for nrf_delay_ms
    main.o(.text) refers to ble_data.o(.text) for Data_Input
    main.o(.text) refers to memseta.o(.text) for __aeabi_memclr4
    main.o(.text) refers to ble_conn_params.o(.text) for ble_conn_params_init
    main.o(.text) refers to bsp.o(.text) for bsp_indication_set
    main.o(.text) refers to bsp_btn_ble.o(.text) for bsp_btn_ble_sleep_mode_prepare
    main.o(.text) refers to ble_advertising.o(.text) for ble_advertising_on_ble_evt
    main.o(.text) refers to softdevice_handler.o(.text) for softdevice_handler_init
    main.o(.text) refers to main.o(.data) for DEVICE_NAME
    main.o(.text) refers to main.o(.bss) for m_nus
    main.o(.text) refers to ble_data.o(.data) for IN_BLE_Dat_SW
    main.o(.text) refers to w25q32.o(.text) for Spi_Flash_Init
    main.o(.text) refers to sky1311t.o(.text) for irqClearAll
    main.o(.text) refers to mpr121.o(.text) for mpr121_Run
    main.o(.text) refers to flash_rw.o(.text) for Add_Flash_AD_TypeA_Data
    main.o(.text) refers to speak.o(.text) for input_speak
    main.o(.text) refers to app_timer.o(.text) for app_timer_start
    main.o(.text) refers to w25q32.o(.data) for SPI0_Start
    main.o(.text) refers to cardoper.o(.bss) for Type_AB_UID
    main.o(.text) refers to main.o(.constdata) for Read_My_Key
    main.o(.text) refers to devic_init.o(.data) for Devic_Static
    main.o(.text) refers to sky1311_drv.o(.text) for sky1311ReadReg
    main.o(.text) refers to cardoper.o(.text) for Type_A_Rrun
    main.o(.text) refers to devic_init.o(.text) for Devic_static_read
    main.o(.text) refers to act_password.o(.text) for Data_Card_Run
    main.o(.text) refers to moto_run.o(.text) for Lock_Open
    main.o(.text) refers to unix_time.o(.text) for Time_to_Unix
    main.o(.text) refers to f_print.o(.data) for Test_Ps_Mark
    main.o(.text) refers to sky1311t.o(.data) for irq_sta
    main.o(.text) refers to flash_rw.o(.bss) for Op_Door_Buff
    main.o(.text) refers to flash_rw.o(.constdata) for Open_Note_Num_Len
    main.o(.text) refers to simple_uart.o(.text) for simple_uart_config
    main.o(.text) refers to devic_init.o(.bss) for Devic_Num
    main.o(.text) refers to flash_rw.o(.data) for Once_Act_Num
    main.o(.text) refers to uidiv.o(.text) for __aeabi_uidivmod
    main.o(.text) refers to stm8_eval.o(.text) for system_Init
    main.o(.text) refers to f_print.o(.text) for Controllable_Power_Off
    main.o(.text) refers to nrf_wdt.o(.text) for NRF_WDT_Init
    main.o(.text) refers to uart_run.o(.text) for Uart_Get_String
    main.o(.text) refers to main.o(i.__ARM_common_switch8) for __ARM_common_switch8
    main.o(.text) refers to f_print.o(.constdata) for PS_Getlmage
    main.o(.text) refers to f_print.o(.bss) for Ps_Data_Tab
    main.o(.constdata) refers to main.o(.bss) for my_test_timer_data
    bsp.o(.text) refers to main.o(.text) for bsp_event_handler_O
    bsp.o(.text) refers to app_button.o(.text) for app_button_init
    bsp.o(.text) refers to app_timer.o(.text) for app_timer_create
    bsp.o(.text) refers to bsp.o(.constdata) for m_buttons_list
    bsp.o(.constdata) refers to bsp.o(.bss) for m_button_timer_id_data
    bsp.o(.constdata) refers to bsp.o(.text) for bsp_button_event_handler
    bsp_btn_ble.o(.text) refers to bsp.o(.text) for bsp_event_to_button_action_assign
    bsp_btn_ble.o(.text) refers to bsp_btn_ble.o(.data) for m_num_connections
    arm_startup_nrf51.o(RESET) refers to arm_startup_nrf51.o(STACK) for __initial_sp
    arm_startup_nrf51.o(RESET) refers to arm_startup_nrf51.o(.text) for Reset_Handler
    arm_startup_nrf51.o(RESET) refers to nrf_drv_uart.o(.text) for UART0_IRQHandler
    arm_startup_nrf51.o(RESET) refers to nrf_drv_gpiote.o(.text) for GPIOTE_IRQHandler
    arm_startup_nrf51.o(RESET) refers to speak.o(.text) for TIMER2_IRQHandler
    arm_startup_nrf51.o(RESET) refers to app_timer.o(.text) for RTC1_IRQHandler
    arm_startup_nrf51.o(RESET) refers to softdevice_handler.o(.text) for SWI2_IRQHandler
    arm_startup_nrf51.o(.text) refers to system_nrf51.o(.text) for SystemInit
    arm_startup_nrf51.o(.text) refers to entry.o(.ARM.Collect$$$$00000000) for __main
    system_nrf51.o(.text) refers to system_nrf51.o(.data) for SystemCoreClock
    ble_advdata.o(.text) refers to memcpya.o(.text) for __aeabi_memcpy
    ble_advertising.o(.text) refers to memseta.o(.text) for __aeabi_memclr
    ble_advertising.o(.text) refers to memcpya.o(.text) for __aeabi_memcpy4
    ble_advertising.o(.text) refers to ble_advdata.o(.text) for ble_advdata_set
[...]
    uart_init                                0x00019921   Thumb Code    32  main.o(.text)
    Uart_Start_TC                            0x00019941   Thumb Code    70  main.o(.text)
    close_uart                               0x00019987   Thumb Code    12  main.o(.text)
    advertising_IDLE_Init                    0x00019993   Thumb Code   112  main.o(.text)
    mac_set                                  0x00019a81   Thumb Code    84  main.o(.text)
    read_a_key                               0x00019d63   Thumb Code   146  main.o(.text)
    PassWord_Con                             0x00019df5   Thumb Code  1196  main.o(.text)
    Pass_Word_Run                            0x0001a2a1   Thumb Code  1854  main.o(.text)
    sky1311_In_Read                          0x0001ac83   Thumb Code   130  main.o(.text)
    sky1311_Init                             0x0001ad05   Thumb Code    22  main.o(.text)
    sky1311_Read                             0x0001ad1b   Thumb Code   202  main.o(.text)
    sky1311_run                              0x0001ade5   Thumb Code   244  main.o(.text)
    CL_SKY1311_IRQ                           0x0001aed9   Thumb Code    20  main.o(.text)
    Uart_Close_Hander                        0x0001aeed   Thumb Code    66  main.o(.text)
    FD_Key_Run                               0x0001af2f   Thumb Code    72  main.o(.text)
    main                                     0x0001af77   Thumb Code   734  main.o(.text)
    F_Print_Input_Ps_Run                     0x0001b255   Thumb Code   148  main.o(.text)
    PS_Print_Run                             0x0001b2e9   Thumb Code  1344  main.o(.text)
    CL_PS_Print_Run                          0x0001b829   Thumb Code  1028  main.o(.text)
    bsp_buttons_state_get                    0x0001bc75   Thumb Code    54  bsp.o(.text)
    bsp_button_is_pressed                    0x0001bcab   Thumb Code    48  bsp.o(.text)
    bsp_indication_set                       0x0001bcf5   Thumb Code     6  bsp.o(.text)
    bsp_indication_text_set                  0x0001bcfb   Thumb Code    18  bsp.o(.text)
    bsp_event_to_button_action_assign        0x0001bd0d   Thumb Code    58  bsp.o(.text)
    bsp_init                                 0x0001bd47   Thumb Code    90  bsp.o(.text)
    Bsp_Set                                  0x0001bda1   Thumb Code    44  bsp.o(.text)
    bsp_buttons_enable                       0x0001bdcd   Thumb Code     8  bsp.o(.text)
    bsp_buttons_disable                      0x0001bdd5   Thumb Code     8  bsp.o(.text)
    bsp_wakeup_buttons_set                   0x0001bddd   Thumb Code    84  bsp.o(.text)
    bsp_btn_ble_sleep_mode_prepare           0x0001bf51   Thumb Code    30  bsp_btn_ble.o(.text)
    bsp_btn_ble_on_ble_evt                   0x0001bf6f   Thumb Code   122  bsp_btn_ble.o(.text)
    bsp_btn_ble_init                         0x0001bfe9   Thumb Code    54  bsp_btn_ble.o(.text)
    Reset_Handler                            0x0001c029   Thumb Code    26  arm_startup_nrf51.o(.text)
    NMI_Handler                              0x0001c043   Thumb Code     2  arm_startup_nrf51.o(.text)
    HardFault_Handler                        0x0001c045   Thumb Code     2  arm_startup_nrf51.o(.text)
    SVC_Handler                              0x0001c047   Thumb Code     2  arm_startup_nrf51.o(.text)
    PendSV_Handler                           0x0001c049   Thumb Code     2  arm_startup_nrf51.o(.text)
    SysTick_Handler                          0x0001c04b   Thumb Code     2  arm_startup_nrf51.o(.text)
    ADC_IRQHandler                           0x0001c04d   Thumb Code     0  arm_startup_nrf51.o(.text)
    CCM_AAR_IRQHandler                       0x0001c04d   Thumb Code     0  arm_startup_nrf51.o(.text)
    ECB_IRQHandler                           0x0001c04d   Thumb Code     0  arm_startup_nrf51.o(.text)
    LPCOMP_IRQHandler                        0x0001c04d   Thumb Code     0  arm_startup_nrf51.o(.text)
    POWER_CLOCK_IRQHandler                   0x0001c04d   Thumb Code     0  arm_startup_nrf51.o(.text)
    QDEC_IRQHandler                          0x0001c04d   Thumb Code     0  arm_startup_nrf51.o(.text)
    RADIO_IRQHandler                         0x0001c04d   Thumb Code     0  arm_startup_nrf51.o(.text)
    RNG_IRQHandler                           0x0001c04d   Thumb Code     0  arm_startup_nrf51.o(.text)
    RTC0_IRQHandler                          0x0001c04d   Thumb Code     0  arm_startup_nrf51.o(.text)
    SPI0_TWI0_IRQHandler                     0x0001c04d   Thumb Code     0  arm_startup_nrf51.o(.text)
    SPI1_TWI1_IRQHandler                     0x0001c04d   Thumb Code     0  arm_startup_nrf51.o(.text)
    SWI1_IRQHandler                          0x0001c04d   Thumb Code     0  arm_startup_nrf51.o(.text)
    SWI3_IRQHandler                          0x0001c04d   Thumb Code     0  arm_startup_nrf51.o(.text)
    SWI4_IRQHandler                          0x0001c04d   Thumb Code     0  arm_startup_nrf51.o(.text)
    SWI5_IRQHandler                          0x0001c04d   Thumb Code     0  arm_startup_nrf51.o(.text)
    TEMP_IRQHandler                          0x0001c04d   Thumb Code     0  arm_startup_nrf51.o(.text)
    TIMER0_IRQHandler                        0x0001c04d   Thumb Code     0  arm_startup_nrf51.o(.text)
    TIMER1_IRQHandler                        0x0001c04d   Thumb Code     0  arm_startup_nrf51.o(.text)
    WDT_IRQHandler                           0x0001c04d   Thumb Code     0  arm_startup_nrf51.o(.text)
    SystemCoreClockUpdate                    0x0001c061   Thumb Code     8  system_nrf51.o(.text)
    SystemInit                               0x0001c105   Thumb Code    38  system_nrf51.o(.text)
    adv_data_encode                          0x0001c701   Thumb Code   444  ble_advdata.o(.text)
    ble_advdata_set                          0x0001c8e1   Thumb Code   142  ble_advdata.o(.text)
    ble_advertising_init                     0x0001c9bd   Thumb Code   316  ble_advertising.o(.text)
    ble_advertising_start                    0x0001caf9   Thumb Code   770  ble_advertising.o(.text)
    ble_advertising_stop                     0x0001cdfb   Thumb Code    68  ble_advertising.o(.text)
    ble_advertising_on_ble_evt               0x0001ce3f   Thumb Code   236  ble_advertising.o(.text)
    ble_advertising_on_sys_evt               0x0001cf2b   Thumb Code    70  ble_advertising.o(.text)
    ble_advertising_peer_addr_reply          0x0001cf71   Thumb Code    50  ble_advertising.o(.text)
    ble_advertising_whitelist_reply          0x0001cfa3   Thumb Code    88  ble_advertising.o(.text)
    ble_advertising_restart_without_whitelist 0x0001cffb   Thumb Code    78  ble_advertising.o(.text)
    ble_conn_params_init                     0x0001d127   Thumb Code    90  ble_conn_params.o(.text)
    ble_conn_params_stop                     0x0001d181   Thumb Code    12  ble_conn_params.o(.text)
    ble_conn_params_on_ble_evt               0x0001d2cf   Thumb Code    62  ble_conn_params.o(.text)
    ble_conn_params_change_conn_params       0x0001d30d   Thumb Code    86  ble_conn_params.o(.text)
    ble_nus_on_ble_evt                       0x0001d5ed   Thumb Code    70  ble_nus.o(.text)
    ble_nus_init                             0x0001d633   Thumb Code   256  ble_nus.o(.text)
    ble_nus_string_send                      0x0001d733   Thumb Code    84  ble_nus.o(.text)
    nrf_delay_ms                             0x0001d795   Thumb Code    24  nrf_delay.o(.text)
    nrf_drv_common_irq_enable                0x0001d7b1   Thumb Code    48  nrf_drv_common.o(.text)
    nrf_drv_gpiote_init                      0x0001d975   Thumb Code    80  nrf_drv_gpiote.o(.text)
    nrf_drv_gpiote_is_init                   0x0001d9c5   Thumb Code    18  nrf_drv_gpiote.o(.text)
    nrf_drv_gpiote_in_event_disable          0x0001d9d7   Thumb Code    88  nrf_drv_gpiote.o(.text)
    nrf_drv_gpiote_in_uninit                 0x0001da2f   Thumb Code    60  nrf_drv_gpiote.o(.text)
    nrf_drv_gpiote_out_uninit                0x0001da6b   Thumb Code    54  nrf_drv_gpiote.o(.text)
    nrf_drv_gpiote_uninit                    0x0001daa1   Thumb Code    68  nrf_drv_gpiote.o(.text)
    nrf_drv_gpiote_out_init                  0x0001dae5   Thumb Code   230  nrf_drv_gpiote.o(.text)
    nrf_drv_gpiote_out_set                   0x0001dbcb   Thumb Code    12  nrf_drv_gpiote.o(.text)
    nrf_drv_gpiote_out_clear                 0x0001dbd7   Thumb Code    12  nrf_drv_gpiote.o(.text)
    nrf_drv_gpiote_out_toggle                0x0001dbe3   Thumb Code    38  nrf_drv_gpiote.o(.text)
    nrf_drv_gpiote_out_task_enable           0x0001dc09   Thumb Code    62  nrf_drv_gpiote.o(.text)
    nrf_drv_gpiote_out_task_disable          0x0001dc47   Thumb Code    40  nrf_drv_gpiote.o(.text)
    nrf_drv_gpiote_out_task_addr_get         0x0001dc6f   Thumb Code    24  nrf_drv_gpiote.o(.text)
    nrf_drv_gpiote_out_task_force            0x0001dc87   Thumb Code    92  nrf_drv_gpiote.o(.text)
    nrf_drv_gpiote_out_task_trigger          0x0001dce3   Thumb Code    28  nrf_drv_gpiote.o(.text)
    nrf_drv_gpiote_in_init                   0x0001dcff   Thumb Code   228  nrf_drv_gpiote.o(.text)
    nrf_drv_gpiote_in_event_enable           0x0001dde3   Thumb Code   186  nrf_drv_gpiote.o(.text)
    nrf_drv_gpiote_in_is_set                 0x0001de9d   Thumb Code    26  nrf_drv_gpiote.o(.text)
    nrf_drv_gpiote_in_event_addr_get         0x0001deb7   Thumb Code    26  nrf_drv_gpiote.o(.text)
    GPIOTE_IRQHandler                        0x0001ded1   Thumb Code   378  nrf_drv_gpiote.o(.text)
    nrf_drv_uart_init                        0x0001e14b   Thumb Code   110  nrf_drv_uart.o(.text)
    nrf_drv_uart_uninit                      0x0001e1b9   Thumb Code    74  nrf_drv_uart.o(.text)
    nrf_drv_uart_tx                          0x0001e233   Thumb Code   170  nrf_drv_uart.o(.text)
    nrf_drv_uart_rx                          0x0001e30d   Thumb Code   216  nrf_drv_uart.o(.text)
    nrf_drv_uart_rx_enable                   0x0001e3e5   Thumb Code    22  nrf_drv_uart.o(.text)
    nrf_drv_uart_rx_disable                  0x0001e3fb   Thumb Code    18  nrf_drv_uart.o(.text)
    nrf_drv_uart_errorsrc_get                0x0001e40d   Thumb Code    24  nrf_drv_uart.o(.text)
    nrf_drv_uart_tx_abort                    0x0001e471   Thumb Code    40  nrf_drv_uart.o(.text)
    nrf_drv_uart_rx_abort                    0x0001e499   Thumb Code    22  nrf_drv_uart.o(.text)
    UART0_IRQHandler                         0x0001e4af   Thumb Code   330  nrf_drv_uart.o(.text)
    pstorage_sys_event_handler               0x0001f10b   Thumb Code    66  pstorage.o(.text)
    pstorage_init                            0x0001f14d   Thumb Code   104  pstorage.o(.text)
    pstorage_register                        0x0001f1b5   Thumb Code   270  pstorage.o(.text)
    pstorage_block_identifier_get            0x0001f2c3   Thumb Code   154  pstorage.o(.text)
    pstorage_store                           0x0001f35d   Thumb Code   262  pstorage.o(.text)
    pstorage_update                          0x0001f463   Thumb Code   216  pstorage.o(.text)
    pstorage_load                            0x0001f53b   Thumb Code   242  pstorage.o(.text)
    pstorage_clear                           0x0001f62d   Thumb Code   270  pstorage.o(.text)
    pstorage_access_status_get               0x0001f73b   Thumb Code    40  pstorage.o(.text)
    app_button_init                          0x0001f879   Thumb Code   128  app_button.o(.text)
    app_button_enable                        0x0001f8f9   Thumb Code    34  app_button.o(.text)
    app_button_disable                       0x0001f91b   Thumb Code    38  app_button.o(.text)
    app_button_is_pushed                     0x0001f941   Thumb Code    44  app_button.o(.text)
    app_error_handler                        0x0001f991   Thumb Code    22  app_error.o(.text)
    RTC1_IRQHandler                          0x00020067   Thumb Code    34  app_timer.o(.text)
    SWI0_IRQHandler                          0x00020089   Thumb Code     8  app_timer.o(.text)
    app_timer_init                           0x00020091   Thumb Code   156  app_timer.o(.text)
    app_timer_create                         0x0002012d   Thumb Code    60  app_timer.o(.text)
    app_timer_start                          0x0002018b   Thumb Code    82  app_timer.o(.text)
    app_timer_stop                           0x000201dd   Thumb Code    96  app_timer.o(.text)
    app_timer_stop_all                       0x0002023d   Thumb Code    26  app_timer.o(.text)
    app_timer_cnt_get                        0x00020257   Thumb Code    14  app_timer.o(.text)
    app_timer_cnt_diff_compute               0x00020265   Thumb Code    22  app_timer.o(.text)
    softdevice_assertion_handler             0x00020329   Thumb Code    18  softdevice_handler.o(.text)
    intern_softdevice_events_execute         0x0002033b   Thumb Code   168  softdevice_handler.o(.text)
    softdevice_handler_isEnabled             0x000203e3   Thumb Code     6  softdevice_handler.o(.text)
    softdevice_handler_init                  0x000203e9   Thumb Code    84  softdevice_handler.o(.text)
    softdevice_handler_sd_disable            0x0002043d   Thumb Code    24  softdevice_handler.o(.text)
    softdevice_ble_evt_handler_set           0x00020455   Thumb Code    18  softdevice_handler.o(.text)
    softdevice_sys_evt_handler_set           0x00020467   Thumb Code    18  softdevice_handler.o(.text)
    SWI2_IRQHandler                          0x00020479   Thumb Code    50  softdevice_handler.o(.text)
    SPI_Tranfer                              0x00020557   Thumb Code    46  w25q32.o(.text)
    SpiFlash_ReadOneByte                     0x00020585   Thumb Code    14  w25q32.o(.text)
    SpiFlash_WriteOneByte                    0x00020593   Thumb Code    12  w25q32.o(.text)
    SpiFlash_ReadSR                          0x000205b9   Thumb Code    36  w25q32.o(.text)
    SpiFlash_Read                            0x000205e9   Thumb Code   102  w25q32.o(.text)
    SpiFlash_PowerDown                       0x00020669   Thumb Code     2  w25q32.o(.text)
    SpiFlash_PowerUp                         0x0002066b   Thumb Code    26  w25q32.o(.text)
    SPIFlash_EnableReset                     0x00020685   Thumb Code    26  w25q32.o(.text)
    SPIFlash_Reset                           0x0002069f   Thumb Code    26  w25q32.o(.text)
    SPIFlash_CMD_init                        0x000206b9   Thumb Code    18  w25q32.o(.text)
    SPIFlash_Erase_Sector                    0x000206cb   Thumb Code    62  w25q32.o(.text)
    SpiFlash_Write_Page                      0x00020709   Thumb Code   122  w25q32.o(.text)
    SpiFlash_Write_MorePage                  0x00020783   Thumb Code    70  w25q32.o(.text)
    SPIFlash_GPIO_GetBit                     0x000207c9   Thumb Code     4  w25q32.o(.text)
    SPIFlash_Erase_Block                     0x000207cd   Thumb Code    48  w25q32.o(.text)
    SpiFlash_Write_Data                      0x000207fd   Thumb Code    80  w25q32.o(.text)
    SpiFlash_Write_Sector_Data               0x0002084d   Thumb Code    64  w25q32.o(.text)
    SpiFlash_Read_Sector_Data                0x0002088d   Thumb Code   116  w25q32.o(.text)
    SpiFlash_Read_Data                       0x00020901   Thumb Code    72  w25q32.o(.text)
    SPI_Flash_Start                          0x00020949   Thumb Code    68  w25q32.o(.text)
    Spi_Flash_Init                           0x0002098d   Thumb Code     8  w25q32.o(.text)
    Spi_Flash_Sleep                          0x00020995   Thumb Code    78  w25q32.o(.text)
    BL_I2C_GPIO_init                         0x00020a6b   Thumb Code    28  bl5372.o(.text)
    BL_I2C_GPIO_SLEEP                        0x00020a87   Thumb Code    28  bl5372.o(.text)
    BLI2C_delay                              0x00020aa3   Thumb Code    10  bl5372.o(.text)
    BLI2C_START                              0x00020aad   Thumb Code    40  bl5372.o(.text)
    BLI2C_STOP                               0x00020ad5   Thumb Code    36  bl5372.o(.text)
    BL_I2C_WAIT_ACK                          0x00020af9   Thumb Code    44  bl5372.o(.text)
    BL_I2C_SEND_ACK                          0x00020b25   Thumb Code    54  bl5372.o(.text)
    BL_I2C_WRITE_BYTE                        0x00020b5b   Thumb Code    86  bl5372.o(.text)
    BLI2C_READ_BYTE                          0x00020bb1   Thumb Code    82  bl5372.o(.text)
    BL_write_i2c                             0x00020c03   Thumb Code    48  bl5372.o(.text)
    BL_read_i2c                              0x00020c33   Thumb Code    66  bl5372.o(.text)
    CaculateWeekDay                          0x00020c75   Thumb Code   100  bl5372.o(.text)
    bl_value_read                            0x00020cd9   Thumb Code   204  bl5372.o(.text)
    bl_value_write                           0x00020da5   Thumb Code   204  bl5372.o(.text)
    Get_Time                                 0x00020ed1   Thumb Code   304  devic_init.o(.text)
    Update_Time                              0x00021001   Thumb Code   330  devic_init.o(.text)
    Devic_static_read                        0x0002114b   Thumb Code    90  devic_init.o(.text)
    start_init                               0x000211a5   Thumb Code   402  devic_init.o(.text)
    SPI_Flash_Busy                           0x00021367   Thumb Code    46  flash_rw.o(.text)
    Read_Devic_Num                           0x00021395   Thumb Code    68  flash_rw.o(.text)
    Write_Devic_Num                          0x000213d9   Thumb Code   108  flash_rw.o(.text)
    CL_Devic_Num                             0x00021445   Thumb Code    12  flash_rw.o(.text)
    PAGE_to_BLOCK_PAGE                       0x00021451   Thumb Code    10  flash_rw.o(.text)
    PAGE_to_Block_Sector                     0x0002145b   Thumb Code    26  flash_rw.o(.text)
    Sector_to_Block_Page                     0x00021475   Thumb Code    26  flash_rw.o(.text)
    Sector_to_Block_Sector                   0x0002148f   Thumb Code    24  flash_rw.o(.text)
    Erase_PS_Print_Sector                    0x000214a7   Thumb Code    36  flash_rw.o(.text)
    CL_FlashWord_Num                         0x000214cb   Thumb Code   418  flash_rw.o(.text)
    SPIFlash_Read_Tab                        0x0002166d   Thumb Code    94  flash_rw.o(.text)
    SPIFlash_Write_Tab                       0x000216cb   Thumb Code   106  flash_rw.o(.text)
    Ev_Cat_Dat                               0x00021735   Thumb Code   370  flash_rw.o(.text)
    CL_Flash_PassWord                        0x000218a7   Thumb Code    12  flash_rw.o(.text)
    CL_Flash_OPEN_DOOR_NOTE                  0x000218b3   Thumb Code    12  flash_rw.o(.text)
    Get_Cat_Dat                              0x000218bf   Thumb Code   182  flash_rw.o(.text)
    PassWord_Same                            0x00021975   Thumb Code   162  flash_rw.o(.text)
    Add_Flash_PassWord                       0x00021a17   Thumb Code  1478  flash_rw.o(.text)
    Del_Flash_PassWord                       0x00021fdd   Thumb Code   476  flash_rw.o(.text)
    read_Soctor                              0x000221b9   Thumb Code     2  flash_rw.o(.text)
    Del_A_Type_PS_Print                      0x000221bb   Thumb Code   252  flash_rw.o(.text)
    Del_Admin_PassWord                       0x000222b7   Thumb Code   962  flash_rw.o(.text)
    Del_User_PassWord                        0x00022679   Thumb Code   938  flash_rw.o(.text)
    Del_SN_PassWord                          0x00022a23   Thumb Code   876  flash_rw.o(.text)
    ADD_Op_Door_Note                         0x00022d8f   Thumb Code   704  flash_rw.o(.text)
    Read_Op_Note                             0x0002304f   Thumb Code   154  flash_rw.o(.text)
    More_Act_PassWord_Save                   0x000230e9   Thumb Code   576  flash_rw.o(.text)
    Act_PassWord_Save                        0x00023329   Thumb Code   248  flash_rw.o(.text)
    Per_Act_PassWord_Save                    0x00023421   Thumb Code   286  flash_rw.o(.text)
    Act_PassWord_Verify                      0x0002353f   Thumb Code   364  flash_rw.o(.text)
    More_Act_PassWord_Verify                 0x000236ab   Thumb Code   368  flash_rw.o(.text)
    Dle_A_More_Act_PassWord_Verify           0x0002381b   Thumb Code   344  flash_rw.o(.text)
    Per_Act_PassWord_Verify                  0x00023973   Thumb Code   242  flash_rw.o(.text)
    Once_Act_PassWord_Verify                 0x00023a65   Thumb Code   350  flash_rw.o(.text)
    History_Time_Act_PassWord                0x00023bc3   Thumb Code   306  flash_rw.o(.text)
    Add_Flash_AD_TypeA_Data                  0x00023cf5   Thumb Code  1068  flash_rw.o(.text)
    Erase_AD_TypeA_Sector                    0x00024121   Thumb Code    42  flash_rw.o(.text)
    Add_Flash_US_TypeA_Data                  0x0002414b   Thumb Code  1056  flash_rw.o(.text)
    Erase_US_TypeA_Sector                    0x0002456b   Thumb Code    42  flash_rw.o(.text)
    Add_Flash_AD_TypeB_Data                  0x00024595   Thumb Code  1134  flash_rw.o(.text)
    Add_Flash_US_TypeB_Data                  0x00024a03   Thumb Code  1148  flash_rw.o(.text)
    Del_AD_Type_A                            0x00024e7f   Thumb Code   358  flash_rw.o(.text)
    Del_US_Type_A                            0x00024fe5   Thumb Code   354  flash_rw.o(.text)
    Del_AD_Type_B                            0x00025147   Thumb Code   454  flash_rw.o(.text)
    Del_US_Type_B                            0x0002530d   Thumb Code   462  flash_rw.o(.text)
    Need_TypeA_Data_SN                       0x000254db   Thumb Code   604  flash_rw.o(.text)
    Need_TypeB_Data_SN                       0x00025737   Thumb Code   752  flash_rw.o(.text)
    Erase_AD_TypeB_Sector                    0x00025a27   Thumb Code    42  flash_rw.o(.text)
    Erase_US_TypeB_Sector                    0x00025a51   Thumb Code    44  flash_rw.o(.text)
    Add_Flash_PS_Print                       0x00025a7d   Thumb Code   464  flash_rw.o(.text)
    Need_Of_Ps_Print_Data_IDLE_ID            0x00025c4d   Thumb Code   112  flash_rw.o(.text)
    Opinion_PS_Print_Valid                   0x00025cbd   Thumb Code   496  flash_rw.o(.text)
    Del_A_ID_PS_Print                        0x00025ead   Thumb Code   320  flash_rw.o(.text)
    TSM12MC_Sen_Read                         0x00025fed   Thumb Code   468  flash_rw.o(.text)
    TSM12MC_Sen_Code_update                  0x000261c1   Thumb Code   126  flash_rw.o(.text)
    Lock_Mot_Init                            0x0002627f   Thumb Code    16  moto_run.o(.text)
    Lock_Mot_Default                         0x0002628f   Thumb Code    28  moto_run.o(.text)
    Lock_Open                                0x000262ab   Thumb Code   142  moto_run.o(.text)
    Lock_Close                               0x00026339   Thumb Code    68  moto_run.o(.text)
    timer2_init                              0x00026411   Thumb Code     2  speak.o(.text)
    TIMER2_IRQHandler                        0x00026413   Thumb Code     2  speak.o(.text)
    auart_init                               0x00026415   Thumb Code    28  speak.o(.text)
    auart_sleep                              0x00026431   Thumb Code     2  speak.o(.text)
    LEDR_Close_Init                          0x00026447   Thumb Code    78  speak.o(.text)
    Buzzer_Error                             0x00026495   Thumb Code   130  speak.o(.text)
    Buzzer_Ok                                0x00026517   Thumb Code   130  speak.o(.text)
    Buzzer_Di                                0x00026599   Thumb Code    44  speak.o(.text)
    Buzzer_Cl                                0x000265c5   Thumb Code    44  speak.o(.text)
    Buzzer_Run                               0x000265f1   Thumb Code   280  speak.o(.text)
    input_abus_byte                          0x00026709   Thumb Code    86  speak.o(.text)
    input_speak                              0x0002675f   Thumb Code   320  speak.o(.text)
    ADC_F                                    0x000268e7   Thumb Code    28  adc.o(.text)
    adc_init                                 0x00026903   Thumb Code    40  adc.o(.text)
    ADC_N                                    0x0002692b   Thumb Code    22  adc.o(.text)
    nrf_adc_read                             0x00026941   Thumb Code    48  adc.o(.text)
    adc_stop                                 0x00026971   Thumb Code     8  adc.o(.text)
    NRF_WDT_Init                             0x000269a1   Thumb Code    30  nrf_wdt.o(.text)
    NRF_WDT_Feed                             0x000269bf   Thumb Code    20  nrf_wdt.o(.text)
    LED_BR_Init                              0x00026a0f   Thumb Code    16  key_run.o(.text)
    Read_Lock_Bon                            0x00026a1f   Thumb Code   100  key_run.o(.text)
    LOCK_OPEN_Init                           0x00026a83   Thumb Code    12  key_run.o(.text)
    Moto_Timer_Init                          0x00026aff   Thumb Code    78  key_run.o(.text)
    Del_A_More_Act_PassWord_Run              0x00026bb5   Thumb Code   386  ble_data.o(.text)
    More_Act_PassWord_Mode_Run               0x00026d37   Thumb Code   350  ble_data.o(.text)
    Normally_Open_Door_Run                   0x00026e95   Thumb Code   364  ble_data.o(.text)
    Manual_Add_Card                          0x00027001   Thumb Code   344  ble_data.o(.text)
    CL_Door_note                             0x00027159   Thumb Code   298  ble_data.o(.text)
    TX_Door_note                             0x00027283   Thumb Code   394  ble_data.o(.text)
    Read_OP_Door_note                        0x0002740d   Thumb Code   356  ble_data.o(.text)
    Del_Mate_Run                             0x00027571   Thumb Code   360  ble_data.o(.text)
    Del_A_PassWord_Run                       0x000276d9   Thumb Code   730  ble_data.o(.text)
    updata_Devic_Num                         0x000279b3   Thumb Code   108  ble_data.o(.text)
    Del_Information_Run                      0x00027a1f   Thumb Code   706  ble_data.o(.text)
    Add_Information_Run                      0x00027ce1   Thumb Code  1164  ble_data.o(.text)
    Batt_Value                               0x0002816d   Thumb Code   182  ble_data.o(.text)
    APP_OpenLock_Run                         0x00028223   Thumb Code   722  ble_data.o(.text)
    Get_Time_Run                             0x000284f5   Thumb Code   418  ble_data.o(.text)
    Time_Ref_Run                             0x00028697   Thumb Code   518  ble_data.o(.text)
    Mate_Command_Run                         0x0002889d   Thumb Code   542  ble_data.o(.text)
    BLE_Dat_Select                           0x00028abb   Thumb Code   656  ble_data.o(.text)
    BLE_DAT_SW                               0x00028d4b   Thumb Code   240  ble_data.o(.text)
    Data_Input                               0x00028e3b   Thumb Code    88  ble_data.o(.text)
    EX_BLE_ACK_Run                           0x00028e93   Thumb Code   224  ble_data.o(.text)
    Del_User_Key                             0x00028f73   Thumb Code    96  ble_data.o(.text)
    Manual_Add_Card_ACK                      0x00028fd3   Thumb Code   458  ble_data.o(.text)
    Time_to_Unix                             0x000291b9   Thumb Code   632  unix_time.o(.text)
    Unix_Time_to_Time                        0x00029431   Thumb Code   642  unix_time.o(.text)
    simple_uart_get                          0x000296f3   Thumb Code    24  simple_uart.o(.text)
    simple_uart_get_with_timeout             0x0002970b   Thumb Code    62  simple_uart.o(.text)
    simple_uart_put                          0x00029749   Thumb Code    22  simple_uart.o(.text)
    simple_uart_putstring                    0x0002975f   Thumb Code    32  simple_uart.o(.text)
    simple_uart_config                       0x0002977f   Thumb Code    90  simple_uart.o(.text)
    enc_time_psw                             0x0002984b   Thumb Code  1082  act_password.o(.text)
    des_psw                                  0x00029c85   Thumb Code   948  act_password.o(.text)
    Data_Card_Run                            0x0002a039   Thumb Code  2152  act_password.o(.text)
    SPIByteCom                               0x0002a8cd   Thumb Code    16  sky1311_drv.o(.text)
    sky1311WriteCmd                          0x0002a8dd   Thumb Code    32  sky1311_drv.o(.text)
    sky1311WriteReg                          0x0002a8fd   Thumb Code    36  sky1311_drv.o(.text)
    sky1311ReadReg                           0x0002a921   Thumb Code    42  sky1311_drv.o(.text)
    sky1311WriteFifo                         0x0002a94b   Thumb Code    48  sky1311_drv.o(.text)
    sky1311ReadFifo                          0x0002a97b   Thumb Code    50  sky1311_drv.o(.text)
    sky1311RxCrcOn                           0x0002a9c5   Thumb Code    12  mifare1.o(.text)
    sky1311RxCrcOff                          0x0002a9d1   Thumb Code    12  mifare1.o(.text)
    sky1311TxCrcOn                           0x0002a9dd   Thumb Code    12  mifare1.o(.text)
    sky1311TxCrcOff                          0x0002a9e9   Thumb Code    12  mifare1.o(.text)
    M1_Authentication_Auto                   0x0002a9f5   Thumb Code   292  mifare1.o(.text)
    M1_Authentication                        0x0002ab19   Thumb Code   378  mifare1.o(.text)
    M1_Write                                 0x0002ac93   Thumb Code   118  mifare1.o(.text)
    M1_PwdChange                             0x0002ad09   Thumb Code    92  mifare1.o(.text)
    M1_Read                                  0x0002ad65   Thumb Code    50  mifare1.o(.text)
    M1_Increment                             0x0002ad97   Thumb Code   142  mifare1.o(.text)
    M1_Decrement                             0x0002ae25   Thumb Code   160  mifare1.o(.text)
    M1_Restore                               0x0002aec5   Thumb Code    72  mifare1.o(.text)
    M1_Transfer                              0x0002af0d   Thumb Code    72  mifare1.o(.text)
    piccRequestB                             0x0002af55   Thumb Code   128  iso14443b.o(.text)
    piccSlotMarker                           0x0002afd5   Thumb Code   118  iso14443b.o(.text)
    piccAttrib                               0x0002b04b   Thumb Code   196  iso14443b.o(.text)
    piccHaltB                                0x0002b10f   Thumb Code    56  iso14443b.o(.text)
    piccDeselectB                            0x0002b147   Thumb Code    44  iso14443b.o(.text)
    piccRequestA                             0x0002b175   Thumb Code    82  iso14443a.o(.text)
    piccWakeupA                              0x0002b1c7   Thumb Code    66  iso14443a.o(.text)
    piccAntiA                                0x0002b209   Thumb Code   470  iso14443a.o(.text)
    piccSelectA                              0x0002b3df   Thumb Code   104  iso14443a.o(.text)
    piccHaltA                                0x0002b447   Thumb Code    34  iso14443a.o(.text)
    piccDeselectA                            0x0002b469   Thumb Code    58  iso14443a.o(.text)
    piccATS                                  0x0002b4a3   Thumb Code   182  iso14443a.o(.text)
    piccPPS                                  0x0002b559   Thumb Code    64  iso14443a.o(.text)
    SetBitMask                               0x0002b5ad   Thumb Code    28  sky1311t.o(.text)
    ClearBitMask                             0x0002b5c9   Thumb Code    28  sky1311t.o(.text)
    pcdAntennaOn                             0x0002b5e5   Thumb Code    40  sky1311t.o(.text)
    pcdAntennaOff                            0x0002b60d   Thumb Code    12  sky1311t.o(.text)
    irqClearAll                              0x0002b619   Thumb Code    12  sky1311t.o(.text)
    irqClear                                 0x0002b625   Thumb Code    14  sky1311t.o(.text)
    bitRateSet                               0x0002b633   Thumb Code   108  sky1311t.o(.text)
    typeAOperate                             0x0002b69f   Thumb Code    60  sky1311t.o(.text)
    typeBOperate                             0x0002b6db   Thumb Code    60  sky1311t.o(.text)
    sky1311Init                              0x0002b795   Thumb Code    92  sky1311t.o(.text)
    sky1311Init_A                            0x0002b7f1   Thumb Code    92  sky1311t.o(.text)
    sky1311Init_B                            0x0002b84d   Thumb Code    92  sky1311t.o(.text)
    sky1311Reset                             0x0002b8a9   Thumb Code    24  sky1311t.o(.text)
    resetPicc                                0x0002b8c1   Thumb Code    32  sky1311t.o(.text)
    sky1311_fifo_tx                          0x0002b8e1   Thumb Code   324  sky1311t.o(.text)
    sky1311_fifo_rx                          0x0002ba25   Thumb Code   398  sky1311t.o(.text)
    ExchangeData                             0x0002bbb3   Thumb Code    38  sky1311t.o(.text)
    bitCollisionTrans                        0x0002bbd9   Thumb Code   272  sky1311t.o(.text)
    sky1311RCFreqCali                        0x0002bce9   Thumb Code   196  sky1311t.o(.text)
    checkCardInit                            0x0002bdad   Thumb Code   116  sky1311t.o(.text)
    checkCardDeinit                          0x0002be21   Thumb Code    46  sky1311t.o(.text)
    checkCardRemove                          0x0002be4f   Thumb Code   158  sky1311t.o(.text)
    mifare1_ReadTest                         0x0002bf19   Thumb Code   188  cardoper.o(.text)
    mifare1_WriteTest                        0x0002bfd5   Thumb Code   144  cardoper.o(.text)
    smartTypeA_test                          0x0002c065   Thumb Code   100  cardoper.o(.text)
    TypeA_test                               0x0002c0c9   Thumb Code   308  cardoper.o(.text)
    Type_A_Rrun                              0x0002c1fd   Thumb Code   526  cardoper.o(.text)
    Type_A_Null_Key_Rrun                     0x0002c40b   Thumb Code   432  cardoper.o(.text)
    TypeB_test                               0x0002c5bb   Thumb Code   184  cardoper.o(.text)
    Type_B_Rrun                              0x0002c673   Thumb Code   224  cardoper.o(.text)
    delay                                    0x0002c795   Thumb Code    10  stm8_eval.o(.text)
    TimingDelay_Init                         0x0002c79f   Thumb Code     2  stm8_eval.o(.text)
    DelayMS                                  0x0002c7a1   Thumb Code    26  stm8_eval.o(.text)
    SKY1311_SPI_Init                         0x0002c7bb   Thumb Code    22  stm8_eval.o(.text)
    SKY1311_Init                             0x0002c7d1   Thumb Code    14  stm8_eval.o(.text)
    SKY1311_DeInit                           0x0002c7df   Thumb Code    26  stm8_eval.o(.text)
    LED_Init                                 0x0002c7f9   Thumb Code     2  stm8_eval.o(.text)
    I2C_Interface_Init                       0x0002c7fb   Thumb Code     2  stm8_eval.o(.text)
    Uart_Inerface_Init                       0x0002c7fd   Thumb Code     2  stm8_eval.o(.text)
    uart_putChar                             0x0002c7ff   Thumb Code     2  stm8_eval.o(.text)
    uart_sendData                            0x0002c801   Thumb Code     2  stm8_eval.o(.text)
    uart_putHex                              0x0002c803   Thumb Code     2  stm8_eval.o(.text)
    uart_printBuffer                         0x0002c805   Thumb Code     2  stm8_eval.o(.text)
    uart_puts                                0x0002c807   Thumb Code     2  stm8_eval.o(.text)
    uart_newrow                              0x0002c809   Thumb Code     2  stm8_eval.o(.text)
    systemClk_Init                           0x0002c80b   Thumb Code     2  stm8_eval.o(.text)
    IRQ_Init                                 0x0002c80d   Thumb Code     2  stm8_eval.o(.text)
    IRQ_DeInit                               0x0002c80f   Thumb Code     2  stm8_eval.o(.text)
    systemGPIOInit                           0x0002c811   Thumb Code     2  stm8_eval.o(.text)
    system_Init                              0x0002c813   Thumb Code     8  stm8_eval.o(.text)
    I2C_GPIO_init                            0x0002c84f   Thumb Code    58  mpr121.o(.text)
    I2C_delay                                0x0002c889   Thumb Code    10  mpr121.o(.text)
    I2C_START                                0x0002c893   Thumb Code    40  mpr121.o(.text)
    I2C_STOP                                 0x0002c8bb   Thumb Code    36  mpr121.o(.text)
    I2C_WAIT_ACK                             0x0002c8df   Thumb Code    44  mpr121.o(.text)
    I2C_SEND_ACK                             0x0002c90b   Thumb Code    54  mpr121.o(.text)
    I2C_WRITE_BYTE                           0x0002c941   Thumb Code    86  mpr121.o(.text)
    I2C_READ_BYTE                            0x0002c997   Thumb Code    82  mpr121.o(.text)
    write_i2c                                0x0002c9e9   Thumb Code    48  mpr121.o(.text)
    read_i2c                                 0x0002ca19   Thumb Code    66  mpr121.o(.text)
    mpr121_init_I                            0x0002ca5b   Thumb Code     8  mpr121.o(.text)
    mpr121_init                              0x0002ca63   Thumb Code     2  mpr121.o(.text)
    mpr121_Run_I                             0x0002ca65   Thumb Code     2  mpr121.o(.text)
    mpr121_Run                               0x0002ca67   Thumb Code     2  mpr121.o(.text)
    MSR_121_READ                             0x0002ca69   Thumb Code     2  mpr121.o(.text)
    MPR121_CL_Key                            0x0002ca6b   Thumb Code     2  mpr121.o(.text)
    MSR_121_read_key                         0x0002ca6d   Thumb Code     4  mpr121.o(.text)
    MPR121_Key_Run                           0x0002ca71   Thumb Code     4  mpr121.o(.text)
    TSM12_Init                               0x0002ca75   Thumb Code   170  mpr121.o(.text)
    TSM12_Into_Sleep_Mode                    0x0002cb1f   Thumb Code    52  mpr121.o(.text)
    TSM12_Exit_Sleep_Mode                    0x0002cb53   Thumb Code   170  mpr121.o(.text)
    TSM12_read_tast                          0x0002cbfd   Thumb Code    74  mpr121.o(.text)
    TSM12_read_key_Num                       0x0002cc47   Thumb Code   806  mpr121.o(.text)
    Uart_Put_String                          0x0002cfc9   Thumb Code    52  uart_run.o(.text)
    Uart_Get_String                          0x0002cffd   Thumb Code   102  uart_run.o(.text)
    A71_Dat_Cheak                            0x0002d063   Thumb Code   126  uart_run.o(.text)
    A71_Send_Init                            0x0002d0e1   Thumb Code    52  uart_run.o(.text)
    A71_Send_ID                              0x0002d115   Thumb Code    78  uart_run.o(.text)
    A71_Send_PD                              0x0002d163   Thumb Code    52  uart_run.o(.text)
    A71_Send_RX                              0x0002d197   Thumb Code    52  uart_run.o(.text)
    A71_Data_TX                              0x0002d1cb   Thumb Code   116  uart_run.o(.text)
    A71_RF_RX_MODE                           0x0002d23f   Thumb Code   220  uart_run.o(.text)
    Need_Of_RX_Dat                           0x0002d31b   Thumb Code   290  uart_run.o(.text)
    A71_TX_Dat                               0x0002d43d   Thumb Code   254  uart_run.o(.text)
    PS_LED_Run                               0x0002d559   Thumb Code   350  f_print.o(.text)
    Controllable_Power_No                    0x0002d6b7   Thumb Code    86  f_print.o(.text)
    Controllable_Power_Off                   0x0002d70d   Thumb Code    28  f_print.o(.text)
    PS_Input_Order_Run                       0x0002d729   Thumb Code   332  f_print.o(.text)
    PS_Data_Cheak                            0x0002d875   Thumb Code   348  f_print.o(.text)
    F_print_Goto_Sleep                       0x0002d9d1   Thumb Code   208  f_print.o(.text)
    Input_PS_Lmage_Run                       0x0002daa1   Thumb Code  2360  f_print.o(.text)
    Input_PS_Lmage                           0x0002e3d9   Thumb Code    88  f_print.o(.text)
    CL_Ps_Print                              0x0002e431   Thumb Code   220  f_print.o(.text)
    PS_LED_Shutdown                          0x0002e50d   Thumb Code    40  f_print.o(.text)
    __aeabi_uidiv                            0x0002e571   Thumb Code     0  uidiv.o(.text)
    __aeabi_uidivmod                         0x0002e571   Thumb Code    44  uidiv.o(.text)
    __aeabi_idiv                             0x0002e59d   Thumb Code     0  idiv.o(.text)
    __aeabi_idivmod                          0x0002e59d   Thumb Code    40  idiv.o(.text)
    __aeabi_uldivmod                         0x0002e5c5   Thumb Code    96  uldiv.o(.text)
    __aeabi_ldivmod                          0x0002e625   Thumb Code    76  ldiv.o(.text)
    __aeabi_lmul                             0x0002e671   Thumb Code   122  llmul.o(.text)
    _ll_mul                                  0x0002e671   Thumb Code     0  llmul.o(.text)
    __aeabi_memcpy                           0x0002e6eb   Thumb Code    36  memcpya.o(.text)
    __aeabi_memcpy4                          0x0002e6eb   Thumb Code     0  memcpya.o(.text)
    __aeabi_memcpy8                          0x0002e6eb   Thumb Code     0  memcpya.o(.text)
    __aeabi_memset                           0x0002e70f   Thumb Code    14  memseta.o(.text)
    __aeabi_memset4                          0x0002e70f   Thumb Code     0  memseta.o(.text)
    __aeabi_memset8                          0x0002e70f   Thumb Code     0  memseta.o(.text)
    __aeabi_memclr                           0x0002e71d   Thumb Code     4  memseta.o(.text)
    __aeabi_memclr4                          0x0002e71d   Thumb Code     0  memseta.o(.text)
    __aeabi_memclr8                          0x0002e71d   Thumb Code     0  memseta.o(.text)
    _memset$wrapper                          0x0002e721   Thumb Code    18  memseta.o(.text)
    strlen                                   0x0002e733   Thumb Code    14  strlen.o(.text)
    __aeabi_llsl                             0x0002e741   Thumb Code    32  llshl.o(.text)
    _ll_shift_l                              0x0002e741   Thumb Code     0  llshl.o(.text)
    __aeabi_llsr                             0x0002e761   Thumb Code    34  llushr.o(.text)
    _ll_ushift_r                             0x0002e761   Thumb Code     0  llushr.o(.text)
    __scatterload                            0x0002e785   Thumb Code    28  init.o(.text)
    __scatterload_rt2                        0x0002e785   Thumb Code     0  init.o(.text)
    __decompress                             0x0002e7a9   Thumb Code     0  __dczerorl.o(.text)
    __decompress0                            0x0002e7a9   Thumb Code    58  __dczerorl.o(.text)
    __ARM_common_switch8                     0x0002e7e3   Thumb Code    28  main.o(i.__ARM_common_switch8)
    __scatterload_copy                       0x0002e7ff   Thumb Code    14  handlers.o(i.__scatterload_copy)
    __scatterload_null                       0x0002e80d   Thumb Code     2  handlers.o(i.__scatterload_null)
    __scatterload_zeroinit                   0x0002e80f   Thumb Code    14  handlers.o(i.__scatterload_zeroinit)
    Admin_TypeA_Card                         0x0002e82c   Data           1  main.o(.constdata)
    User_TypeA_Card                          0x0002e82d   Data           1  main.o(.constdata)
    Admin_TypeB_Card                         0x0002e82e   Data           1  main.o(.constdata)
    User_TypeB_Card                          0x0002e82f   Data           1  main.o(.constdata)
    Wait_Card_Remove_Timeout_Value           0x0002e830   Data           1  main.o(.constdata)
    SPI0_Run_Time_Out                        0x0002e832   Data           2  main.o(.constdata)
    Key_Num_Tab_Len                          0x0002e834   Data           1  main.o(.constdata)
    PS_Delay_Out_T                           0x0002e836   Data           2  main.o(.constdata)
    PS_Dat_T_Out                             0x0002e838   Data           2  main.o(.constdata)
    CL_PS_Delay_T_Out                        0x0002e83a   Data           2  main.o(.constdata)
    CL_PS_Time_Out                           0x0002e83c   Data           2  main.o(.constdata)
    CL_PS_Run_Del_Nor_Mode                   0x0002e83e   Data           1  main.o(.constdata)
    CL_PS_Run_Del_Single_Mode                0x0002e83f   Data           1  main.o(.constdata)
    CL_PS_Run_Del_All_Mode                   0x0002e840   Data           1  main.o(.constdata)
    CL_PS_Run_Del_Batch_Mode                 0x0002e841   Data           1  main.o(.constdata)
    TSM12MC_Sen_Sector_Num                   0x0002e908   Data           2  flash_rw.o(.constdata)
    Cat_Dat_Sector1                          0x0002e90a   Data           1  flash_rw.o(.constdata)
    Cat_Dat_Sector_Num                       0x0002e90b   Data           1  flash_rw.o(.constdata)
    Cat_Dat_len                              0x0002e90c   Data           4  flash_rw.o(.constdata)
    PassWord_Len                             0x0002e910   Data           1  flash_rw.o(.constdata)
    Open_Note_Num_Len                        0x0002e911   Data           1  flash_rw.o(.constdata)
    PassWord_Secotr1                         0x0002e912   Data           1  flash_rw.o(.constdata)
    PassWord_Secotr2                         0x0002e913   Data           1  flash_rw.o(.constdata)
    PassWord_SN_Secotr                       0x0002e914   Data           1  flash_rw.o(.constdata)
    Act_PassWord_Secotr                      0x0002e915   Data           1  flash_rw.o(.constdata)
    History_PassWord_Secotr                  0x0002e916   Data           1  flash_rw.o(.constdata)
    Per_Act_PassWord_Secotr                  0x0002e917   Data           1  flash_rw.o(.constdata)
    More_Act_PassWord_Secotr                 0x0002e918   Data           2  flash_rw.o(.constdata)
    More_Act_PassWord_Len                    0x0002e91a   Data           2  flash_rw.o(.constdata)
    More_Act_PassWord_MAX_Num                0x0002e91c   Data           1  flash_rw.o(.constdata)
    AD_TypeA_Data_Secotr1                    0x0002e91e   Data           2  flash_rw.o(.constdata)
    AD_TypeB_Data_Secotr1                    0x0002e920   Data           2  flash_rw.o(.constdata)
    US_TypeA_Data_Secotr1                    0x0002e922   Data           2  flash_rw.o(.constdata)
    US_TypeB_Data_Secotr1                    0x0002e924   Data           2  flash_rw.o(.constdata)
    TypeA_Data_Len                           0x0002e926   Data           1  flash_rw.o(.constdata)
    TypeB_Data_Len                           0x0002e927   Data           1  flash_rw.o(.constdata)
    A_Sector_TypeA_Data_Num                  0x0002e928   Data           1  flash_rw.o(.constdata)
    A_Sector_TypeB_Data_Num                  0x0002e929   Data           1  flash_rw.o(.constdata)
    AD_TypeA_Data_Sector_Num                 0x0002e92a   Data           1  flash_rw.o(.constdata)
    US_TypeA_Data_Sector_Num                 0x0002e92b   Data           1  flash_rw.o(.constdata)
    AD_TypeB_Data_Sector_Num                 0x0002e92c   Data           1  flash_rw.o(.constdata)
    US_TypeB_Data_Sector_Num                 0x0002e92d   Data           1  flash_rw.o(.constdata)
    Flash_Word_Num                           0x0002e92e   Data           1  flash_rw.o(.constdata)
    OpenDoorNote_Num_Code                    0x0002e92f   Data           1  flash_rw.o(.constdata)
    Act_PassWord_Num_Code                    0x0002e930   Data           1  flash_rw.o(.constdata)
    Failure_Act_PassWord_Num_Code            0x0002e931   Data           1  flash_rw.o(.constdata)
    Per_Act_PassWord_Num_Code                0x0002e932   Data           1  flash_rw.o(.constdata)
    More_Act_PassWord_Num_Code               0x0002e933   Data           1  flash_rw.o(.constdata)
    AD_TypeA_Data_Num_Code                   0x0002e934   Data           1  flash_rw.o(.constdata)
    AD_TypeB_Data_Num_Code                   0x0002e935   Data           1  flash_rw.o(.constdata)
    US_TypeA_Data_Num_Code                   0x0002e936   Data           1  flash_rw.o(.constdata)
    US_TypeB_Data_Num_Code                   0x0002e937   Data           1  flash_rw.o(.constdata)
    CK_Auth_Index_Code                       0x0002e938   Data           1  flash_rw.o(.constdata)
    Nmg_Auth_Index_Code                      0x0002e939   Data           1  flash_rw.o(.constdata)
    PS_Print_Num_Code                        0x0002e93a   Data           1  flash_rw.o(.constdata)
    OPEN_Door_Speak                          0x0002e93b   Data           1  flash_rw.o(.constdata)
    Open_Note_Secotr1                        0x0002e93c   Data           2  flash_rw.o(.constdata)
    Open_Note_Secotr2                        0x0002e93e   Data           2  flash_rw.o(.constdata)
    Open_Note_Secotr3                        0x0002e940   Data           2  flash_rw.o(.constdata)
    Open_Note_Secotr4                        0x0002e942   Data           2  flash_rw.o(.constdata)
    Open_Note_Size                           0x0002e944   Data           2  flash_rw.o(.constdata)
    A_Sector_Open_Note_Size                  0x0002e946   Data           2  flash_rw.o(.constdata)
    Max_PassWord_Num                         0x0002e948   Data           1  flash_rw.o(.constdata)
    A_Sector_PassWord_Num                    0x0002e949   Data           1  flash_rw.o(.constdata)
    PS_Print_Len                             0x0002e94a   Data           1  flash_rw.o(.constdata)
    PS_Print_Num                             0x0002e94b   Data           1  flash_rw.o(.constdata)
    PS_Print_Soctor1                         0x0002e94c   Data           2  flash_rw.o(.constdata)
    Act_PassWord_SLen                        0x0002e94e   Data           1  flash_rw.o(.constdata)
    Common_Act_Len                           0x0002e94f   Data           1  flash_rw.o(.constdata)
    Once_Act_Len                             0x0002e950   Data           1  flash_rw.o(.constdata)
    Once_PassWord_Size                       0x0002e951   Data           1  flash_rw.o(.constdata)
    History_Time_Len                         0x0002e952   Data           1  flash_rw.o(.constdata)
    History_Max_Num                          0x0002e953   Data           1  flash_rw.o(.constdata)
    Buzzer_Tab                               0x0002e954   Data          20  speak.o(.constdata)
    key0                                     0x0002e970   Data           8  mpr121.o(.constdata)
    key1                                     0x0002e978   Data           4  mpr121.o(.constdata)
    key_num_s                                0x0002e97c   Data           4  mpr121.o(.constdata)
    key_num_tab1                             0x0002e980   Data           4  mpr121.o(.constdata)
    key_num_tab2                             0x0002e984   Data           4  mpr121.o(.constdata)
    key_num_tab3                             0x0002e988   Data           4  mpr121.o(.constdata)
    A71_Init                                 0x0002e98c   Data          12  uart_run.o(.constdata)
    A71_Set_ID                               0x0002e998   Data          17  uart_run.o(.constdata)
    A71_RX_Mod                               0x0002e9a9   Data          12  uart_run.o(.constdata)
    A71_TX_Mod                               0x0002e9b5   Data           6  uart_run.o(.constdata)
    A71_Power_Down                           0x0002e9bb   Data          12  uart_run.o(.constdata)
    A71_Send_Sp_Num                          0x0002e9c7   Data           1  uart_run.o(.constdata)
    PS_Getlmage                              0x0002e9c8   Data          12  f_print.o(.constdata)
    Null_Getlmage                            0x0002e9d4   Data          12  f_print.o(.constdata)
    Err_Getlmage                             0x0002e9e0   Data          12  f_print.o(.constdata)
    Be_Getlmage                              0x0002e9ec   Data          12  f_print.o(.constdata)
    Get_Dat_Save_1                           0x0002e9f8   Data          13  f_print.o(.constdata)
    Get_Dat_Save_2                           0x0002ea05   Data          13  f_print.o(.constdata)
    Get_Dat_Save_3                           0x0002ea12   Data          13  f_print.o(.constdata)
    Get_Dat_Save_4                           0x0002ea1f   Data          13  f_print.o(.constdata)
    Get_Dat_Save_5                           0x0002ea2c   Data          13  f_print.o(.constdata)
    Get_Dat_Save_6                           0x0002ea39   Data          13  f_print.o(.constdata)
    Merge_Lmage_Dat                          0x0002ea46   Data          12  f_print.o(.constdata)
    Ps_Save_ID                               0x0002ea52   Data          15  f_print.o(.constdata)
    Se_Lmage_Dat                             0x0002ea61   Data          17  f_print.o(.constdata)
    Not_Se_Lmage                             0x0002ea72   Data          16  f_print.o(.constdata)
    Se_Lmarge                                0x0002ea82   Data          16  f_print.o(.constdata)
    PS_Del_A_Lmage                           0x0002ea92   Data          16  f_print.o(.constdata)
    PS_Del_A_Lmage_ACK                       0x0002eaa2   Data          12  f_print.o(.constdata)
    PS_Del_All_Lmage                         0x0002eaae   Data          12  f_print.o(.constdata)
    PS_Del_Lmage_ACK                         0x0002eaba   Data          12  f_print.o(.constdata)
    PS_Read_Lmage_Num                        0x0002eac6   Data          12  f_print.o(.constdata)
    PS_Lmage_Num_ACK                         0x0002ead2   Data          14  f_print.o(.constdata)
    PS_HandShake                             0x0002eae0   Data          12  f_print.o(.constdata)
    PS_HandShake_ACK                         0x0002eaec   Data          12  f_print.o(.constdata)
    PS_PowDlow                               0x0002eaf8   Data          12  f_print.o(.constdata)
    PS_PowDlow_ACK                           0x0002eb04   Data          12  f_print.o(.constdata)
    PS_LED_CFG                               0x0002eb10   Data          16  f_print.o(.constdata)
    PS_LED_POWER                             0x0002eb20   Data          16  f_print.o(.constdata)
    PS_LED_R1                                0x0002eb30   Data          16  f_print.o(.constdata)
    PS_LED_R2                                0x0002eb40   Data          16  f_print.o(.constdata)
    PS_LED_G1                                0x0002eb50   Data          16  f_print.o(.constdata)
    PS_LED_G2                                0x0002eb60   Data          16  f_print.o(.constdata)
    PS_LED_B1                                0x0002eb70   Data          16  f_print.o(.constdata)
    PS_LED_B2                                0x0002eb80   Data          16  f_print.o(.constdata)
    PS_LED_W1                                0x0002eb90   Data          16  f_print.o(.constdata)
    PS_LED_W2                                0x0002eba0   Data          16  f_print.o(.constdata)
    PS_LED_Sleep                             0x0002ebb0   Data          16  f_print.o(.constdata)
    FP_Goto_Sleep_Out                        0x0002ebc0   Data           4  f_print.o(.constdata)
    input_ps_T_Out                           0x0002ebc4   Data           2  f_print.o(.constdata)
    Region$$Table$$Base                      0x0002ebc8   Number         0  anon$$obj.o(Region$$Table)
    Region$$Table$$Limit                     0x0002ebe8   Number         0  anon$$obj.o(Region$$Table)
    DEVICE_NAME                              0x20002000   Data          28  main.o(.data)
    MAC_ADD                                  0x20002022   Data           6  main.o(.data)
    TX_SUC                                   0x20002028   Data           1  main.o(.data)
    BLE_LINK                                 0x20002029   Data           1  main.o(.data)
    Ble_Lin_T                                0x2000202a   Data           1  main.o(.data)
    LEDOP_RC_VALUE                           0x2000202c   Data           4  main.o(.data)
    LEDCL_RC_VALUE                           0x20002030   Data           4  main.o(.data)
    Init_Key_Num                             0x20002034   Data           1  main.o(.data)
    rcValue                                  0x20002036   Data           2  main.o(.data)
    hasCardIn                                0x20002038   Data           1  main.o(.data)
    cardStatus                               0x20002039   Data           1  main.o(.data)
    read_TypeAB_SN                           0x2000203c   Data           4  main.o(.data)
    TypeAB_Start_Unix                        0x20002040   Data           4  main.o(.data)
    TypeAB_Stop_Unix                         0x20002044   Data           4  main.o(.data)
    FD_Key                                   0x20002048   Data           1  main.o(.data)
    Unix_T                                   0x2000204c   Data           4  main.o(.data)
    Read_Card_Error_Num                      0x20002050   Data           4  main.o(.data)
    SKY1311_Error                            0x20002054   Data           1  main.o(.data)
    DatCrd_AU                                0x20002055   Data           1  main.o(.data)
    WAITEMOVE_Time                           0x20002056   Data           1  main.o(.data)
    Wait_Card_Remove_Timeout                 0x20002058   Data           4  main.o(.data)
    Wait_SPI0_Run_Time                       0x2000205c   Data           2  main.o(.data)
    Manual_Add_Card_Num                      0x2000205e   Data           1  main.o(.data)
    Type_AB_ID                               0x2000205f   Data           1  main.o(.data)
    Manual_Err_num                           0x20002060   Data           1  main.o(.data)
    Init_Key_T                               0x20002061   Data           1  main.o(.data)
    Lock_Open_EN                             0x20002062   Data           1  main.o(.data)
    UART_RUN                                 0x20002063   Data           1  main.o(.data)
    MPR121_RUN                               0x20002064   Data           1  main.o(.data)
    MPR121_T                                 0x20002066   Data           2  main.o(.data)
    ADC_Value                                0x20002068   Data           4  main.o(.data)
    VCC_Value                                0x2000206c   Data           4  main.o(.data)
    VCC_Value_H                              0x20002070   Data           4  main.o(.data)
    VCC_Value_L1                             0x20002074   Data           4  main.o(.data)
    VCC_Value_L2                             0x20002078   Data           4  main.o(.data)
    ADC_Div                                  0x2000207c   Data           2  main.o(.data)
    MPR_Del                                  0x2000207e   Data           2  main.o(.data)
    MPR_Value                                0x20002080   Data           2  main.o(.data)
    MOT_RL                                   0x20002082   Data           1  main.o(.data)
    CL_Init_Key_Num                          0x20002084   Data           2  main.o(.data)
    Once_Act_CL                              0x20002088   Data           4  main.o(.data)
    Board_Unix                               0x2000208c   Data           4  main.o(.data)
    Board_Time                               0x20002090   Data           8  main.o(.data)
    updat_Time_T                             0x20002098   Data           1  main.o(.data)
    Err_PassWord_CL                          0x2000209a   Data           2  main.o(.data)
    LOCK_OPEN_Time                           0x2000209c   Data           2  main.o(.data)
    Lock_OPEN_Spean                          0x2000209e   Data           2  main.o(.data)
    Auto_Card_Init                           0x200020a0   Data           4  main.o(.data)
    Key_Num_n                                0x200020a4   Data           1  main.o(.data)
    PassWord_Error_Num                       0x200020a5   Data           1  main.o(.data)
    PassWord_Error_Time                      0x200020a8   Data           4  main.o(.data)
    Manual_Add_Card_T                        0x200020ac   Data           4  main.o(.data)
    PassWord_Con_User                        0x200020b0   Data           1  main.o(.data)
    Uart_Close_T                             0x200020b4   Data           4  main.o(.data)
    id1                                      0x200020b8   Data           4  main.o(.data)
    id2                                      0x200020bc   Data           4  main.o(.data)
    Input_PS_Lmage_t                         0x200020c0   Data           4  main.o(.data)
    PS_Goto_Sleep_t                          0x200020c4   Data           4  main.o(.data)
    Type_Card_Id                             0x200020c8   Data          16  main.o(.data)
    Note_Num_Delay                           0x200020d8   Data           4  main.o(.data)
    FD_Key_Time                              0x200020dc   Data           4  main.o(.data)
    MPR121_Flag                              0x200020e0   Data           1  main.o(.data)
    OP_PS_AU                                 0x200020e4   Data           4  main.o(.data)
    PS_Print_Run_Now                         0x200020e8   Data           1  main.o(.data)
    PS_Delay_T                               0x200020ea   Data           2  main.o(.data)
    PS_Int_T                                 0x200020ec   Data           1  main.o(.data)
    Need_For_Ps_Print_ID                     0x200020ee   Data           2  main.o(.data)
    CL_PS_ID                                 0x200020f0   Data           2  main.o(.data)
    CL_PS_Run                                0x200020f2   Data           2  main.o(.data)
    CL_PS_Print_Now                          0x200020f4   Data           1  main.o(.data)
    CL_PS_Delay_T                            0x200020f6   Data           2  main.o(.data)
    SystemCoreClock                          0x20002100   Data           4  system_nrf51.o(.data)
    SPI_FLASH_CS                             0x200021b4   Data           4  w25q32.o(.data)
    SPI_FLASH_CLK                            0x200021b8   Data           4  w25q32.o(.data)
    SPI_FLASH_MOSI                           0x200021bc   Data           4  w25q32.o(.data)
    SPI_FLASH_MISO                           0x200021c0   Data           4  w25q32.o(.data)
    SPI0_Start                               0x200021c4   Data           1  w25q32.o(.data)
    dati                                     0x200021c5   Data           1  devic_init.o(.data)
    datii                                    0x200021c6   Data           1  devic_init.o(.data)
    TIME_STATE                               0x200021c7   Data           1  devic_init.o(.data)
    SEC                                      0x200021c8   Data           1  devic_init.o(.data)
    MIN                                      0x200021c9   Data           1  devic_init.o(.data)
    HOUR                                     0x200021ca   Data           1  devic_init.o(.data)
    DAY                                      0x200021cb   Data           1  devic_init.o(.data)
    MON                                      0x200021cc   Data           1  devic_init.o(.data)
    YEAR                                     0x200021cd   Data           1  devic_init.o(.data)
    MPR121_ERR                               0x200021ce   Data           1  devic_init.o(.data)
    Flash_ERR                                0x200021cf   Data           1  devic_init.o(.data)
    Devic_Static                             0x200021da   Data           1  devic_init.o(.data)
    Act_PassWord_rese                        0x200021dc   Data           1  flash_rw.o(.data)
    Once_Act_Run                             0x200021e0   Data           4  flash_rw.o(.data)
    Once_Act_Num                             0x200021e4   Data           4  flash_rw.o(.data)
    LED_CL                                   0x200021e8   Data           1  moto_run.o(.data)
    Buzz_Data_T                              0x200021ea   Data           2  speak.o(.data)
    Buzzer_Di_Run                            0x200021ec   Data           1  speak.o(.data)
    speaki                                   0x200021ed   Data           1  speak.o(.data)
    Lock_State                               0x200021f0   Data           1  key_run.o(.data)
    Lock_N                                   0x200021f4   Data           4  key_run.o(.data)
    LO                                       0x200021f8   Data           1  key_run.o(.data)
    Double_Key                               0x200021f9   Data           1  key_run.o(.data)
    Turn_Key                                 0x200021fa   Data           1  key_run.o(.data)
    Latch_Bolt                               0x200021fb   Data           1  key_run.o(.data)
    BLE_Data_Len                             0x200021fc   Data           1  ble_data.o(.data)
    data_len                                 0x200021fe   Data           2  ble_data.o(.data)
    IN_BLE_Dat_SW                            0x20002200   Data           1  ble_data.o(.data)
    irw                                      0x20002201   Data           1  ble_data.o(.data)
    Update_Time_Flag                         0x20002202   Data           1  ble_data.o(.data)
    Batt_Value_T                             0x20002203   Data           1  ble_data.o(.data)
    TX_Door_X                                0x20002204   Data           2  ble_data.o(.data)
    Note_Out_Num                             0x20002208   Data           4  ble_data.o(.data)
    Start_Manual_Add_Card                    0x20002214   Data           1  ble_data.o(.data)
    Manual_Add_Card_Start_Unix               0x20002218   Data           4  ble_data.o(.data)
    Manual_Add_Card_Stop_Unix                0x2000221c   Data           4  ble_data.o(.data)
    g_FWI                                    0x20002220   Data           1  iso14443a.o(.data)
    g_bCID                                   0x20002221   Data           1  iso14443a.o(.data)
    g_bFSD                                   0x20002222   Data           2  iso14443a.o(.data)
    g_bFSC                                   0x20002224   Data           2  iso14443a.o(.data)
    g_bBlockNum                              0x20002226   Data           1  iso14443a.o(.data)
    g_bCIDFollowed                           0x20002227   Data           1  iso14443a.o(.data)
    g_bLastTransmitPCB                       0x20002228   Data           1  iso14443a.o(.data)
    g_pbaLastTransmitBuf                     0x2000222c   Data           4  iso14443a.o(.data)
    g_wLastTransmitLength                    0x20002230   Data           2  iso14443a.o(.data)
    maxRCADVal                               0x20002232   Data           1  sky1311t.o(.data)
    freqScanNeed                             0x20002233   Data           1  sky1311t.o(.data)
    err_sta                                  0x20002234   Data           1  sky1311t.o(.data)
    irq_sta                                  0x20002235   Data           1  sky1311t.o(.data)
    i2c_statue                               0x20002236   Data           1  mpr121.o(.data)
    TOU_THRESH                               0x20002237   Data           1  mpr121.o(.data)
    REL_THRESH                               0x20002238   Data           1  mpr121.o(.data)
    TOU_THRESH1                              0x20002239   Data           1  mpr121.o(.data)
    REL_THRESH1                              0x2000223a   Data           1  mpr121.o(.data)
    run1                                     0x2000223b   Data           1  mpr121.o(.data)
    key_flag                                 0x2000223c   Data           1  mpr121.o(.data)
    readkey_now                              0x2000223d   Data           1  mpr121.o(.data)
    read_ir                                  0x2000223e   Data           1  mpr121.o(.data)
    TSM12_RUN_Sen                            0x2000223f   Data           6  mpr121.o(.data)
    TSM12MC_Status                           0x20002245   Data           1  mpr121.o(.data)
    key_out_Time                             0x20002246   Data           1  mpr121.o(.data)
    Touch_key_Num                            0x20002247   Data           1  mpr121.o(.data)
    Uart_RX_len                              0x20002248   Data           4  uart_run.o(.data)
    Get_String_t                             0x2000224c   Data           4  uart_run.o(.data)
    A71_Str_Len                              0x20002250   Data           1  uart_run.o(.data)
    A71_ID_Tab                               0x20002251   Data           4  uart_run.o(.data)
    F_Print_Run_Flag                         0x20002258   Data           1  f_print.o(.data)
    Controllable_Power_State                 0x20002259   Data           1  f_print.o(.data)
    Input_Ps_Lmage_Type                      0x2000225a   Data           1  f_print.o(.data)
    Input_Ps_Source                          0x2000225b   Data           1  f_print.o(.data)
    Test_Ps_Mark                             0x2000225c   Data           1  f_print.o(.data)
    Start_PS_Unix                            0x20002260   Data           4  f_print.o(.data)
    Stop_PS_Unix                             0x20002264   Data           4  f_print.o(.data)
    F_print_Enable                           0x20002268   Data           4  f_print.o(.data)
    F_Print_Goto_Sleep_Now                   0x2000226c   Data           1  f_print.o(.data)
    FP_Goto_Sleep_T                          0x20002270   Data           4  f_print.o(.data)
    PS_Goto_Sleep_Num                        0x20002274   Data           1  f_print.o(.data)
    Input_Ps_Lmage_Run_Now                   0x20002275   Data           1  f_print.o(.data)
    Input_Ps_Lmage_ID                        0x20002276   Data           2  f_print.o(.data)
    input_ps_T                               0x20002278   Data           2  f_print.o(.data)
    CL_Ps_Print_Now                          0x2000227a   Data           1  f_print.o(.data)
    CL_PS_Num                                0x2000227b   Data           1  f_print.o(.data)
    tab_dat                                  0x200022b8   Data        1850  main.o(.bss)
    read_TypeA_Data                          0x20002a74   Data         128  main.o(.bss)
    Key_Num_Tab                              0x20002af4   Data          51  main.o(.bss)
    TX_BUFF                                  0x20002b27   Data          64  main.o(.bss)
    BL_VALUE_READ                            0x20003244   Data          16  bl5372.o(.bss)
    BL_VALUE_WRITE                           0x20003254   Data          16  bl5372.o(.bss)
    flash_test_tab                           0x20003284   Data          10  devic_init.o(.bss)
    Devic_Num                                0x2000328e   Data          60  devic_init.o(.bss)
    Read_Op_Tab                              0x200032ec   Data          26  flash_rw.o(.bss)
    Op_Door_Buff                             0x20003306   Data          26  flash_rw.o(.bss)
    TypeAB_Unix_T                            0x20003320   Data           9  flash_rw.o(.bss)
    BLE_Data                                 0x200033d0   Data         100  ble_data.o(.bss)
    EX_BLE_ACK_TX                            0x20003434   Data         100  ble_data.o(.bss)
    time1                                    0x20003498   Data          12  unix_time.o(.bss)
    etp                                      0x200034c4   Data          10  act_password.o(.bss)
    Type_AB_UID                              0x200034f0   Data          20  cardoper.o(.bss)
    mpr121_Baseline_Init                     0x20003524   Data          12  mpr121.o(.bss)
    mpr121_Baseline                          0x20003530   Data          12  mpr121.o(.bss)
    key_num_t                                0x2000353c   Data          13  mpr121.o(.bss)
    key_num_t1                               0x20003549   Data          13  mpr121.o(.bss)
    key_num_is                               0x20003556   Data          13  mpr121.o(.bss)
    Uart_TX_String                           0x20003584   Data          20  uart_run.o(.bss)
    Uart_RX_String                           0x20003598   Data          20  uart_run.o(.bss)
    Get_A71_Str                              0x200035ac   Data         100  uart_run.o(.bss)
    Send_Buff                                0x20003610   Data         100  uart_run.o(.bss)
    A71_RX_Dat_Tab                           0x20003674   Data          64  uart_run.o(.bss)
    Ps_Data_Tab                              0x200036d4   Data          50  f_print.o(.bss)
    __initial_sp                             0x20003f08   Data           0  arm_startup_nrf51.o(STACK)



==============================================================================

Memory Map of the image

  Image Entry point : 0x000180c1

  Load Region LR_IROM1 (Base: 0x00018000, Size: 0x00016e64, Max: 0x00028000, ABSOLUTE, COMPRESSED[0x00016c38])

    Execution Region ER_IROM1 (Exec base: 0x00018000, Load base: 0x00018000, Size: 0x00016be8, Max: 0x00028000, ABSOLUTE)

    Exec Addr    Load Addr    Size         Type   Attr      Idx    E Section Name        Object

    0x00018000   0x00018000   0x000000c0   Data   RO          395    RESET               arm_startup_nrf51.o
    0x000180c0   0x000180c0   0x00000000   Code   RO         1826  * .ARM.Collect$$$$00000000  mc_p.l(entry.o)
    0x000180c0   0x000180c0   0x00000004   Code   RO         1853    .ARM.Collect$$$$00000001  mc_p.l(entry2.o)
    0x000180c4   0x000180c4   0x00000004   Code   RO         1856    .ARM.Collect$$$$00000004  mc_p.l(entry5.o)
    0x000180c8   0x000180c8   0x00000000   Code   RO         1858    .ARM.Collect$$$$00000008  mc_p.l(entry7b.o)
    0x000180c8   0x000180c8   0x00000000   Code   RO         1860    .ARM.Collect$$$$0000000A  mc_p.l(entry8b.o)
    0x000180c8   0x000180c8   0x00000008   Code   RO         1861    .ARM.Collect$$$$0000000B  mc_p.l(entry9a.o)
    0x000180d0   0x000180d0   0x00000000   Code   RO         1863    .ARM.Collect$$$$0000000D  mc_p.l(entry10a.o)
    0x000180d0   0x000180d0   0x00000000   Code   RO         1865    .ARM.Collect$$$$0000000F  mc_p.l(entry11a.o)
    0x000180d0   0x000180d0   0x00000004   Code   RO         1854    .ARM.Collect$$$$00002712  mc_p.l(entry2.o)
    0x000180d4   0x000180d4   0x0000001e   Code   RO          590    .emb_text           nrf_delay.o
    0x000180f2   0x000180f2   0x00000002   PAD
    0x000180f4   0x000180f4   0x0000001e   Code   RO          828    .emb_text           app_timer.o
    0x00018112   0x00018112   0x00000002   PAD
    0x00018114   0x00018114   0x0000001e   Code   RO          925    .emb_text           w25q32.o
    0x00018132   0x00018132   0x00000002   PAD
    0x00018134   0x00018134   0x0000001e   Code   RO          969    .emb_text           bl5372.o
    0x00018152   0x00018152   0x00000002   PAD
    0x00018154   0x00018154   0x0000001e   Code   RO         1054    .emb_text           flash_rw.o
    0x00018172   0x00018172   0x00000002   PAD
    0x00018174   0x00018174   0x0000001e   Code   RO         1123    .emb_text           speak.o
    0x00018192   0x00018192   0x00000002   PAD
    0x00018194   0x00018194   0x0000001e   Code   RO         1416    .emb_text           simple_uart.o
    0x000181b2   0x000181b2   0x00000002   PAD
    0x000181b4   0x000181b4   0x0000001e   Code   RO         1675    .emb_text           stm8_eval.o
    0x000181d2   0x000181d2   0x00000002   PAD
    0x000181d4   0x000181d4   0x0000001e   Code   RO         1715    .emb_text           mpr121.o
    0x000181f2   0x000181f2   0x00000002   PAD
    0x000181f4   0x000181f4   0x00003a80   Code   RO            4    .text               main.o
    0x0001bc74   0x0001bc74   0x000001d4   Code   RO          305    .text               bsp.o
    0x0001be48   0x0001be48   0x000001e0   Code   RO          373    .text               bsp_btn_ble.o
    0x0001c028   0x0001c028   0x00000038   Code   RO          396    .text               arm_startup_nrf51.o
    0x0001c060   0x0001c060   0x000000e8   Code   RO          402    .text               system_nrf51.o
    0x0001c148   0x0001c148   0x00000838   Code   RO          426    .text               ble_advdata.o
    0x0001c980   0x0001c980   0x00000700   Code   RO          449    .text               ble_advertising.o
    0x0001d080   0x0001d080   0x00000308   Code   RO          483    .text               ble_conn_params.o
    0x0001d388   0x0001d388   0x0000040c   Code   RO          515    .text               ble_nus.o
    0x0001d794   0x0001d794   0x0000001c   Code   RO          591    .text               nrf_delay.o
    0x0001d7b0   0x0001d7b0   0x000000ac   Code   RO          618    .text               nrf_drv_common.o
    0x0001d85c   0x0001d85c   0x000008c8   Code   RO          645    .text               nrf_drv_gpiote.o
    0x0001e124   0x0001e124   0x000006b4   Code   RO          686    .text               nrf_drv_uart.o
    0x0001e7d8   0x0001e7d8   0x00000fb4   Code   RO          724    .text               pstorage.o
    0x0001f78c   0x0001f78c   0x00000204   Code   RO          760    .text               app_button.o
    0x0001f990   0x0001f990   0x00000020   Code   RO          793    .text               app_error.o
    0x0001f9b0   0x0001f9b0   0x00000978   Code   RO          829    .text               app_timer.o
    0x00020328   0x00020328   0x000001a0   Code   RO          903    .text               softdevice_handler.o
    0x000204c8   0x000204c8   0x0000057c   Code   RO          926    .text               w25q32.o
    0x00020a44   0x00020a44   0x0000048c   Code   RO          970    .text               bl5372.o
    0x00020ed0   0x00020ed0   0x00000466   Code   RO         1006    .text               devic_init.o
    0x00021336   0x00021336   0x00000002   PAD
    0x00021338   0x00021338   0x00004f20   Code   RO         1055    .text               flash_rw.o
    0x00026258   0x00026258   0x00000188   Code   RO         1095    .text               moto_run.o
    0x000263e0   0x000263e0   0x000004e0   Code   RO         1124    .text               speak.o
    0x000268c0   0x000268c0   0x000000e0   Code   RO         1159    .text               adc.o
    0x000269a0   0x000269a0   0x00000048   Code   RO         1189    .text               nrf_wdt.o
    0x000269e8   0x000269e8   0x000001cc   Code   RO         1217    .text               key_run.o
    0x00026bb4   0x00026bb4   0x00002604   Code   RO         1255    .text               ble_data.o
    0x000291b8   0x000291b8   0x00000514   Code   RO         1293    .text               unix_time.o
    0x000296cc   0x000296cc   0x00000150   Code   RO         1417    .text               simple_uart.o
    0x0002981c   0x0002981c   0x000010b0   Code   RO         1444    .text               act_password.o
    0x0002a8cc   0x0002a8cc   0x000000f8   Code   RO         1477    .text               sky1311_drv.o
    0x0002a9c4   0x0002a9c4   0x00000590   Code   RO         1509    .text               mifare1.o
    0x0002af54   0x0002af54   0x0000021e   Code   RO         1541    .text               iso14443b.o
    0x0002b172   0x0002b172   0x00000002   PAD
    0x0002b174   0x0002b174   0x00000438   Code   RO         1567    .text               iso14443a.o
    0x0002b5ac   0x0002b5ac   0x0000096c   Code   RO         1595    .text               sky1311t.o
    0x0002bf18   0x0002bf18   0x0000084c   Code   RO         1632    .text               cardoper.o
    0x0002c764   0x0002c764   0x000000c4   Code   RO         1676    .text               stm8_eval.o
    0x0002c828   0x0002c828   0x000007a0   Code   RO         1716    .text               mpr121.o
    0x0002cfc8   0x0002cfc8   0x00000590   Code   RO         1751    .text               uart_run.o
    0x0002d558   0x0002d558   0x00001018   Code   RO         1790    .text               f_print.o
    0x0002e570   0x0002e570   0x0000002c   Code   RO         1831    .text               mc_p.l(uidiv.o)
    0x0002e59c   0x0002e59c   0x00000028   Code   RO         1833    .text               mc_p.l(idiv.o)
    0x0002e5c4   0x0002e5c4   0x00000060   Code   RO         1835    .text               mc_p.l(uldiv.o)
    0x0002e624   0x0002e624   0x0000004c   Code   RO         1837    .text               mc_p.l(ldiv.o)
    0x0002e670   0x0002e670   0x0000007a   Code   RO         1839    .text               mc_p.l(llmul.o)
    0x0002e6ea   0x0002e6ea   0x00000024   Code   RO         1841    .text               mc_p.l(memcpya.o)
    0x0002e70e   0x0002e70e   0x00000024   Code   RO         1843    .text               mc_p.l(memseta.o)
    0x0002e732   0x0002e732   0x0000000e   Code   RO         1845    .text               mc_p.l(strlen.o)
    0x0002e740   0x0002e740   0x00000020   Code   RO         1867    .text               mc_p.l(llshl.o)
    0x0002e760   0x0002e760   0x00000022   Code   RO         1869    .text               mc_p.l(llushr.o)
    0x0002e782   0x0002e782   0x00000002   PAD
    0x0002e784   0x0002e784   0x00000024   Code   RO         1871    .text               mc_p.l(init.o)
    0x0002e7a8   0x0002e7a8   0x0000003a   Code   RO         1881    .text               mc_p.l(__dczerorl.o)
    0x0002e7e2   0x0002e7e2   0x0000001c   Code   RO           28    i.__ARM_common_switch8  main.o
    0x0002e7fe   0x0002e7fe   0x0000000e   Code   RO         1875    i.__scatterload_copy  mc_p.l(handlers.o)
    0x0002e80c   0x0002e80c   0x00000002   Code   RO         1876    i.__scatterload_null  mc_p.l(handlers.o)
    0x0002e80e   0x0002e80e   0x0000000e   Code   RO         1877    i.__scatterload_zeroinit  mc_p.l(handlers.o)
    0x0002e81c   0x0002e81c   0x00000026   Data   RO            6    .constdata          main.o
    0x0002e842   0x0002e842   0x00000002   PAD
    0x0002e844   0x0002e844   0x00000040   Data   RO          307    .constdata          bsp.o
    0x0002e884   0x0002e884   0x00000004   Data   RO          485    .constdata          ble_conn_params.o
    0x0002e888   0x0002e888   0x00000030   Data   RO          516    .constdata          ble_nus.o
    0x0002e8b8   0x0002e8b8   0x00000020   Data   RO          688    .constdata          nrf_drv_uart.o
    0x0002e8d8   0x0002e8d8   0x00000028   Data   RO          726    .constdata          pstorage.o
    0x0002e900   0x0002e900   0x00000008   Data   RO          762    .constdata          app_button.o
    0x0002e908   0x0002e908   0x0000004c   Data   RO         1057    .constdata          flash_rw.o
    0x0002e954   0x0002e954   0x00000018   Data   RO         1126    .constdata          speak.o
    0x0002e96c   0x0002e96c   0x00000004   Data   RO         1219    .constdata          key_run.o
    0x0002e970   0x0002e970   0x0000001c   Data   RO         1718    .constdata          mpr121.o
    0x0002e98c   0x0002e98c   0x0000003c   Data   RO         1753    .constdata          uart_run.o
    0x0002e9c8   0x0002e9c8   0x000001fe   Data   RO         1792    .constdata          f_print.o
    0x0002ebc6   0x0002ebc6   0x00000002   PAD
    0x0002ebc8   0x0002ebc8   0x00000020   Data   RO         1873    Region$$Table       anon$$obj.o


    Execution Region RW_IRAM1 (Exec base: 0x20002000, Load base: 0x0002ebe8, Size: 0x00001f08, Max: 0x00006000, ABSOLUTE, COMPRESSED[0x00000050])

    Exec Addr    Load Addr    Size         Type   Attr      Idx    E Section Name        Object

    0x20002000   COMPRESSED   0x000000f8   Data   RW            7    .data               main.o
    0x200020f8   COMPRESSED   0x00000008   Data   RW          374    .data               bsp_btn_ble.o
    0x20002100   COMPRESSED   0x00000004   Data   RW          403    .data               system_nrf51.o
    0x20002104   COMPRESSED   0x00000020   Data   RW          451    .data               ble_advertising.o
    0x20002124   COMPRESSED   0x00000015   Data   RW          486    .data               ble_conn_params.o
    0x20002139   COMPRESSED   0x00000003   PAD
    0x2000213c   COMPRESSED   0x00000028   Data   RW          727    .data               pstorage.o
    0x20002164   COMPRESSED   0x00000014   Data   RW          763    .data               app_button.o
    0x20002178   COMPRESSED   0x00000022   Data   RW          830    .data               app_timer.o
    0x2000219a   COMPRESSED   0x00000002   PAD
    0x2000219c   COMPRESSED   0x00000018   Data   RW          904    .data               softdevice_handler.o
    0x200021b4   COMPRESSED   0x00000011   Data   RW          928    .data               w25q32.o
    0x200021c5   COMPRESSED   0x00000016   Data   RW         1008    .data               devic_init.o
    0x200021db   COMPRESSED   0x00000001   PAD
    0x200021dc   COMPRESSED   0x0000000c   Data   RW         1058    .data               flash_rw.o
    0x200021e8   COMPRESSED   0x00000001   Data   RW         1097    .data               moto_run.o
    0x200021e9   COMPRESSED   0x00000001   PAD
    0x200021ea   COMPRESSED   0x00000004   Data   RW         1127    .data               speak.o
    0x200021ee   COMPRESSED   0x00000002   PAD
    0x200021f0   COMPRESSED   0x0000000c   Data   RW         1220    .data               key_run.o
    0x200021fc   COMPRESSED   0x00000024   Data   RW         1258    .data               ble_data.o
    0x20002220   COMPRESSED   0x00000012   Data   RW         1569    .data               iso14443a.o
    0x20002232   COMPRESSED   0x00000004   Data   RW         1597    .data               sky1311t.o
    0x20002236   COMPRESSED   0x00000012   Data   RW         1719    .data               mpr121.o
    0x20002248   COMPRESSED   0x0000000d   Data   RW         1754    .data               uart_run.o
    0x20002255   COMPRESSED   0x00000003   PAD
    0x20002258   COMPRESSED   0x00000024   Data   RW         1793    .data               f_print.o
    0x2000227c        -       0x00000cac   Zero   RW            5    .bss                main.o
    0x20002f28        -       0x00000040   Zero   RW          306    .bss                bsp.o
    0x20002f68        -       0x00000103   Zero   RW          450    .bss                ble_advertising.o
    0x2000306b   COMPRESSED   0x00000001   PAD
    0x2000306c        -       0x0000003c   Zero   RW          484    .bss                ble_conn_params.o
    0x200030a8        -       0x0000006c   Zero   RW          646    .bss                nrf_drv_gpiote.o
    0x20003114        -       0x00000018   Zero   RW          687    .bss                nrf_drv_uart.o
    0x2000312c        -       0x000000d8   Zero   RW          725    .bss                pstorage.o
    0x20003204        -       0x00000020   Zero   RW          761    .bss                app_button.o
    0x20003224        -       0x00000040   Zero   RW          971    .bss                bl5372.o
    0x20003264        -       0x00000066   Zero   RW         1007    .bss                devic_init.o
    0x200032ca   COMPRESSED   0x00000002   PAD
    0x200032cc        -       0x00000081   Zero   RW         1056    .bss                flash_rw.o
    0x2000334d   COMPRESSED   0x00000003   PAD
    0x20003350        -       0x00000040   Zero   RW         1125    .bss                speak.o
    0x20003390        -       0x00000020   Zero   RW         1218    .bss                key_run.o
    0x200033b0        -       0x000000e8   Zero   RW         1256    .bss                ble_data.o
    0x20003498        -       0x0000000c   Zero   RW         1294    .bss                unix_time.o
    0x200034a4        -       0x0000002a   Zero   RW         1445    .bss                act_password.o
    0x200034ce   COMPRESSED   0x00000002   PAD
    0x200034d0        -       0x00000034   Zero   RW         1633    .bss                cardoper.o
    0x20003504        -       0x0000005f   Zero   RW         1717    .bss                mpr121.o
    0x20003563   COMPRESSED   0x00000001   PAD
    0x20003564        -       0x00000150   Zero   RW         1752    .bss                uart_run.o
    0x200036b4        -       0x00000052   Zero   RW         1791    .bss                f_print.o
    0x20003706   COMPRESSED   0x00000002   PAD
    0x20003708        -       0x00000800   Zero   RW          393    STACK               arm_startup_nrf51.o


==============================================================================

Image component sizes


      Code (inc. data)   RO Data    RW Data    ZI Data      Debug   Object Name

      4272        174          0          0         42       7180   act_password.o
       224         16          0          0          0       5561   adc.o
       516         36          8         20         32       8304   app_button.o
        32         10          0          0          0       6984   app_error.o
      2454        130          0         34          0      22041   app_timer.o
         0          0          0          0          0       1480   app_uart_fifo.o
        56         18        192          0       2048        760   arm_startup_nrf51.o
      1194         14          0          0         64       8763   bl5372.o
      2104          6          0          0          0      15562   ble_advdata.o
      1792        138          0         32        259       6842   ble_advertising.o
       776         38          4         21         60      14346   ble_conn_params.o
      9732        468          0         36        232      21765   ble_data.o
      1036         14         48          0          0       4806   ble_nus.o
       468         24         64          0         64       9670   bsp.o
       480         10          0          8          0       3949   bsp_btn_ble.o
      2124         52          0          0         52      10306   cardoper.o
      1126         88          0         22        102       4058   devic_init.o
      4120        284        510         36         82      14071   f_print.o
     20286        410         76         12        129      47559   flash_rw.o
      1080         20          0         18          0       5735   iso14443a.o
       542          0          0          0          0       3113   iso14443b.o
       460         40          4         12         32       6493   key_run.o
     15004       1256         38        248       3244     113151   main.o
      1424         18          0          0          0       6580   mifare1.o
       392         32          0          1          0       2303   moto_run.o
      1982         80         28         18         95      11859   mpr121.o
        58          4          0          0          0       1791   nrf_delay.o
       172         14          0          0          0       7812   nrf_drv_common.o
      2248         56          0          0        108      21148   nrf_drv_gpiote.o
      1716         38         32          0         24      23838   nrf_drv_uart.o
        72         22          0          0          0        600   nrf_wdt.o
      4020        142         40         40        216      20838   pstorage.o
       366         18          0          0          0       6692   simple_uart.o
       248          4          0          0          0       2573   sky1311_drv.o
      2412         22          0          4          0      11263   sky1311t.o
       416         30          0         24          0       4761   softdevice_handler.o
      1278         68         24          4         64       8535   speak.o
       226          4          0          0          0       7545   stm8_eval.o
       232         30          0          4          0       1497   system_nrf51.o
      1424        130         60         13        336       5161   uart_run.o
      1300        186          0          0         12       2713   unix_time.o
      1434         64          0         17          0      12746   w25q32.o

    ----------------------------------------------------------------------
     91320       4208       1164        636       7308     502754   Object Totals
         0          0         32          0          0          0   (incl. Generated)
        22          0          4         12         11          0   (incl. Padding)

    ----------------------------------------------------------------------

      Code (inc. data)   RO Data    RW Data    ZI Data      Debug   Library Member Name

        58          0          0          0          0          0   __dczerorl.o
         0          0          0          0          0          0   entry.o
         0          0          0          0          0          0   entry10a.o
         0          0          0          0          0          0   entry11a.o
         8          4          0          0          0          0   entry2.o
         4          0          0          0          0          0   entry5.o
         0          0          0          0          0          0   entry7b.o
         0          0          0          0          0          0   entry8b.o
         8          4          0          0          0          0   entry9a.o
        30          0          0          0          0          0   handlers.o
        40          0          0          0          0         72   idiv.o
        36          8          0          0          0         68   init.o
        76          0          0          0          0         76   ldiv.o
       122          0          0          0          0         84   llmul.o
        32          0          0          0          0         68   llshl.o
        34          0          0          0          0         68   llushr.o
        36          0          0          0          0         60   memcpya.o
        36          0          0          0          0        100   memseta.o
        14          0          0          0          0         60   strlen.o
        44          0          0          0          0         72   uidiv.o
        96          0          0          0          0         84   uldiv.o

    ----------------------------------------------------------------------
       676         16          0          0          0        812   Library Totals
         2          0          0          0          0          0   (incl. Padding)

    ----------------------------------------------------------------------

      Code (inc. data)   RO Data    RW Data    ZI Data      Debug   Library Name

       674         16          0          0          0        812   mc_p.l

    ----------------------------------------------------------------------
       676         16          0          0          0        812   Library Totals

    ----------------------------------------------------------------------

==============================================================================


      Code (inc. data)   RO Data    RW Data    ZI Data      Debug   

     91996       4224       1164        636       7308     500374   Grand Totals
     91996       4224       1164         80       7308     500374   ELF Image Totals (compressed)
     91996       4224       1164         80          0          0   ROM Totals

==============================================================================

    Total RO  Size (Code + RO Data)                93160 (  90.98kB)
    Total RW  Size (RW Data + ZI Data)              7944 (   7.76kB)
    Total ROM Size (Code + RO Data + RW Data)      93240 (  91.05kB)

==============================================================================

