<html>
<body>
<pre>
<h1>µVision Build Log</h1>
<h2>Tool Versions:</h2>
IDE-Version: ¶ÃVision V5.26.2.0
Copyright (C) 2018 ARM Ltd and ARM Germany GmbH. All rights reserved.
License Information: jisuf Join, jisuf, LIC=FYKNN-Y3MXQ-NA1DU-SGBDH-X9RMS-7MGY8
 
Tool Versions:
Toolchain:       MDK-ARM Plus  Version: 5.26.2.0
Toolchain Path:  C:\Keil_v5\ARM\ARMCC\Bin
C Compiler:      Armcc.exe V5.06 update 6 (build 750)
Assembler:       Armasm.exe V5.06 update 6 (build 750)
Linker/Locator:  ArmLink.exe V5.06 update 6 (build 750)
Library Manager: ArmAr.exe V5.06 update 6 (build 750)
Hex Converter:   FromElf.exe V5.06 update 6 (build 750)
CPU DLL:         
Dialog DLL:      
Target DLL:      Segger\JL2CM3.dll V2.99.31.0
Dialog DLL:      TARMCM1.DLL V1.14.0.0
 
<h2>Project:</h2>
C:\Users\Join\Desktop\YD85_–ﬁ∏¥—∞ø®Õ£÷π_20220402\Flash_¿©»›≤‚ ‘_20210805\20180825\examples\ble_peripheral\ble_app\pca10028\s110\arm4\ble_app_uart_s110_pca10028.uvproj
Project File Date:  04/30/2022

<h2>Output:</h2>
*** Using Compiler 'V5.06 update 6 (build 750)', folder: 'C:\Keil_v5\ARM\ARMCC\Bin'
Build target 'nrf51422_xxac_s110'
compiling bsp_btn_ble.c...
compiling NRF_WDT.C...
compiling bsp.c...
compiling Moto_Run.c...
compiling W25Q32.C...
compiling speak.c...
compiling BL5372.C...
compiling Devic_Init.c...
compiling nrf_drv_gpiote.c...
compiling main.c...
compiling Flash_RW.c...
Flash-RW\Flash_RW.c(3195): warning:  #177-D: variable "is"  was declared but never referenced
  		uint32_t it,it1,it2,i,is,is1;
Flash-RW\Flash_RW.c(3195): warning:  #177-D: variable "is1"  was declared but never referenced
  		uint32_t it,it1,it2,i,is,is1;
Flash-RW\Flash_RW.c(3347): warning:  #177-D: variable "it2"  was declared but never referenced
  	uint32_t it,it1,it2,i,is,is1;
Flash-RW\Flash_RW.c(3347): warning:  #177-D: variable "is"  was declared but never referenced
  	uint32_t it,it1,it2,i,is,is1;
Flash-RW\Flash_RW.c(3347): warning:  #177-D: variable "is1"  was declared but never referenced
  	uint32_t it,it1,it2,i,is,is1;
Flash-RW\Flash_RW.c: 5 warnings, 0 errors
compiling KEY_Run.c...
compiling sky1311_drv.c...
compiling BLE_Data.c...
compiling iso14443b.c...
compiling mifare1.c...
compiling iso14443a.c...
compiling sky1311t.c...
compiling cardoper.c...
compiling Act_PassWord.c...
Act_PassWord\Act_PassWord.c(417): warning:  #177-D: variable "TX_BUFF"  was declared but never referenced
  	uint8_t TX_BUFF[100];
Act_PassWord\Act_PassWord.c: 1 warning, 0 errors
compiling NB_Mode1.c...
compiling stm8_eval.c...
compiling MPR121.C...
MPR121\MPR121.C(1108): warning:  #177-D: variable "it"  was declared but never referenced
  	uint8_t it,it1,it2,it3;
MPR121\MPR121.C: 1 warning, 0 errors
compiling Uart_Run.c...
compiling F_print.c...
linking...
Program Size: Code=91996 RO-data=1164 RW-data=636 ZI-data=7308  
FromELF: creating hex file...
".\_build\nrf51422_xxac_s110.axf" - 0 Error(s), 7 Warning(s).
Build Time Elapsed:  00:00:07
</pre>
</body>
</html>
