<html>
<body>
<pre>
<h1>µVision Build Log</h1>
<h2>Tool Versions:</h2>
IDE-Version: ¶ÃVision V5.26.2.0
Copyright (C) 2018 ARM Ltd and ARM Germany GmbH. All rights reserved.
License Information: jisuf ª√”∞jisuf, jisuf, LIC=8VRJ7-E0WWZ-LQI0Q-NVV4W-K4DU3-B0SM3
 
Tool Versions:
Toolchain:       MDK-ARM Plus  Version: 5.26.2.0
Toolchain Path:  C:\Keil_v5\ARM\ARMCC\Bin
C Compiler:      Armcc.exe V5.06 update 6 (build 750)
Assembler:       Armasm.exe V5.06 update 6 (build 750)
Linker/Locator:  ArmLink.exe V5.06 update 6 (build 750)
Library Manager: ArmAr.exe V5.06 update 6 (build 750)
Hex Converter:   FromElf.exe V5.06 update 6 (build 750)
CPU DLL:         
Dialog DLL:      
Target DLL:      Segger\JL2CM3.dll V2.99.31.0
Dialog DLL:      TARMCM1.DLL V1.14.0.0
 
<h2>Project:</h2>
C:\Users\ª√”∞jisuf\Desktop\YD80MK_\Flash_¿©»›≤‚ ‘_20210304\20180825\examples\ble_peripheral\ble_app\pca10028\s110\arm4\ble_app_uart_s110_pca10028.uvproj
Project File Date:  08/04/2021

<h2>Output:</h2>
*** Using Compiler 'V5.06 update 6 (build 750)', folder: 'C:\Keil_v5\ARM\ARMCC\Bin'
Build target 'nrf51422_xxac_s110'
compiling main.c...
linking...
Program Size: Code=91516 RO-data=1164 RW-data=624 ZI-data=7288  
FromELF: creating hex file...
".\_build\nrf51422_xxac_s110.axf" - 0 Error(s), 0 Warning(s).
Build Time Elapsed:  00:00:02
</pre>
</body>
</html>
