Component: ARM Compiler 5.06 update 6 (build 750) Tool: armlink [4d35ed]

==============================================================================

Section Cross References

    main.o(.text) refers to app_error.o(.text) for app_error_handler
    main.o(.text) refers to strlen.o(.text) for strlen
    main.o(.text) refers to ble_nus.o(.text) for ble_nus_string_send
    main.o(.text) refers to nrf_delay.o(.text) for nrf_delay_ms
    main.o(.text) refers to ble_data.o(.text) for Data_Input
    main.o(.text) refers to memseta.o(.text) for __aeabi_memclr4
    main.o(.text) refers to ble_conn_params.o(.text) for ble_conn_params_init
    main.o(.text) refers to bsp.o(.text) for bsp_indication_set
    main.o(.text) refers to bsp_btn_ble.o(.text) for bsp_btn_ble_sleep_mode_prepare
    main.o(.text) refers to ble_advertising.o(.text) for ble_advertising_on_ble_evt
    main.o(.text) refers to softdevice_handler.o(.text) for softdevice_handler_init
    main.o(.text) refers to main.o(.data) for DEVICE_NAME
    main.o(.text) refers to main.o(.bss) for m_nus
    main.o(.text) refers to ble_data.o(.data) for IN_BLE_Dat_SW
    main.o(.text) refers to w25q32.o(.text) for Spi_Flash_Init
    main.o(.text) refers to sky1311t.o(.text) for irqClearAll
    main.o(.text) refers to mpr121.o(.text) for mpr121_Run
    main.o(.text) refers to flash_rw.o(.text) for Add_Flash_AD_TypeA_Data
    main.o(.text) refers to speak.o(.text) for input_speak
    main.o(.text) refers to app_timer.o(.text) for app_timer_start
    main.o(.text) refers to w25q32.o(.data) for SPI0_Start
    main.o(.text) refers to cardoper.o(.bss) for Type_AB_UID
    main.o(.text) refers to main.o(.constdata) for Read_My_Key
    main.o(.text) refers to sky1311_drv.o(.text) for sky1311ReadReg
    main.o(.text) refers to cardoper.o(.text) for Type_A_Rrun
    main.o(.text) refers to devic_init.o(.text) for Devic_static_read
    main.o(.text) refers to act_password.o(.text) for Data_Card_Run
    main.o(.text) refers to moto_run.o(.text) for Lock_Open
    main.o(.text) refers to unix_time.o(.text) for Time_to_Unix
    main.o(.text) refers to devic_init.o(.data) for Devic_Static
    main.o(.text) refers to f_print.o(.data) for Test_Ps_Mark
    main.o(.text) refers to sky1311t.o(.data) for irq_sta
    main.o(.text) refers to flash_rw.o(.bss) for Op_Door_Buff
    main.o(.text) refers to flash_rw.o(.constdata) for Open_Note_Num_Len
    main.o(.text) refers to simple_uart.o(.text) for simple_uart_config
    main.o(.text) refers to devic_init.o(.bss) for Devic_Num
    main.o(.text) refers to flash_rw.o(.data) for Once_Act_Num
    main.o(.text) refers to uidiv.o(.text) for __aeabi_uidivmod
    main.o(.text) refers to stm8_eval.o(.text) for system_Init
    main.o(.text) refers to f_print.o(.text) for Controllable_Power_Off
    main.o(.text) refers to nrf_wdt.o(.text) for NRF_WDT_Init
    main.o(.text) refers to key_run.o(.text) for LOCK_OPEN_Init
    main.o(.text) refers to uart_run.o(.text) for Uart_Get_String
    main.o(.text) refers to main.o(i.__ARM_common_switch8) for __ARM_common_switch8
    main.o(.text) refers to f_print.o(.constdata) for PS_Getlmage
    main.o(.text) refers to f_print.o(.bss) for Ps_Data_Tab
    main.o(.constdata) refers to main.o(.bss) for my_test_timer_data
    bsp.o(.text) refers to main.o(.text) for bsp_event_handler_O
    bsp.o(.text) refers to app_button.o(.text) for app_button_init
    bsp.o(.text) refers to app_timer.o(.text) for app_timer_create
    bsp.o(.text) refers to bsp.o(.constdata) for m_buttons_list
    bsp.o(.constdata) refers to bsp.o(.bss) for m_button_timer_id_data
    bsp.o(.constdata) refers to bsp.o(.text) for bsp_button_event_handler
    bsp_btn_ble.o(.text) refers to bsp.o(.text) for bsp_event_to_button_action_assign
    bsp_btn_ble.o(.text) refers to bsp_btn_ble.o(.data) for m_num_connections
    arm_startup_nrf51.o(RESET) refers to arm_startup_nrf51.o(STACK) for __initial_sp
    arm_startup_nrf51.o(RESET) refers to arm_startup_nrf51.o(.text) for Reset_Handler
    arm_startup_nrf51.o(RESET) refers to nrf_drv_uart.o(.text) for UART0_IRQHandler
    arm_startup_nrf51.o(RESET) refers to nrf_drv_gpiote.o(.text) for GPIOTE_IRQHandler
    arm_startup_nrf51.o(RESET) refers to speak.o(.text) for TIMER2_IRQHandler
    arm_startup_nrf51.o(RESET) refers to app_timer.o(.text) for RTC1_IRQHandler
    arm_startup_nrf51.o(RESET) refers to softdevice_handler.o(.text) for SWI2_IRQHandler
    arm_startup_nrf51.o(.text) refers to system_nrf51.o(.text) for SystemInit
    arm_startup_nrf51.o(.text) refers to entry.o(.ARM.Collect$$$$00000000) for __main
    system_nrf51.o(.text) refers to system_nrf51.o(.data) for SystemCoreClock
    ble_advdata.o(.text) refers to memcpya.o(.text) for __aeabi_memcpy
    ble_advertising.o(.text) refers to memseta.o(.text) for __aeabi_memclr
    ble_advertising.o(.text) refers to memcpya.o(.text) for __aeabi_memcpy4
    ble_advertising.o(.text) refers to ble_advdata.o(.text) for ble_advdata_set
[...]
    Start_Key_Run                            0x000189dd   Thumb Code   252  main.o(.text)
    bsp_event_handler_O                      0x00018ad9   Thumb Code  2672  main.o(.text)
    SKY1311_State                            0x00019549   Thumb Code   290  main.o(.text)
    ref_BLE_Adv                              0x000196dd   Thumb Code   338  main.o(.text)
    Timer_1_Handler                          0x0001982f   Thumb Code   228  main.o(.text)
    uart_init                                0x00019913   Thumb Code    32  main.o(.text)
    Uart_Start_TC                            0x00019933   Thumb Code    70  main.o(.text)
    close_uart                               0x00019979   Thumb Code    12  main.o(.text)
    advertising_IDLE_Init                    0x00019985   Thumb Code   112  main.o(.text)
    mac_set                                  0x00019a73   Thumb Code    84  main.o(.text)
    read_a_key                               0x00019c99   Thumb Code   146  main.o(.text)
    PassWord_Con                             0x00019d2b   Thumb Code  1162  main.o(.text)
    Pass_Word_Run                            0x0001a1b5   Thumb Code  1860  main.o(.text)
    sky1311_In_Read                          0x0001ab9d   Thumb Code    20  main.o(.text)
    sky1311_Init                             0x0001abb1   Thumb Code    22  main.o(.text)
    sky1311_Read                             0x0001abc7   Thumb Code   202  main.o(.text)
    sky1311_run                              0x0001ac91   Thumb Code   332  main.o(.text)
    CL_SKY1311_IRQ                           0x0001addd   Thumb Code    20  main.o(.text)
    Uart_Close_Hander                        0x0001adf1   Thumb Code    66  main.o(.text)
    FD_Key_Run                               0x0001ae33   Thumb Code    72  main.o(.text)
    main                                     0x0001ae7b   Thumb Code   582  main.o(.text)
    F_Print_Input_Ps_Run                     0x0001b0c1   Thumb Code   314  main.o(.text)
    PS_Print_Run                             0x0001b1fb   Thumb Code  1300  main.o(.text)
    CL_PS_Print_Run                          0x0001b70f   Thumb Code  1028  main.o(.text)
    bsp_buttons_state_get                    0x0001bb51   Thumb Code    54  bsp.o(.text)
    bsp_button_is_pressed                    0x0001bb87   Thumb Code    48  bsp.o(.text)
    bsp_indication_set                       0x0001bbd1   Thumb Code     6  bsp.o(.text)
    bsp_indication_text_set                  0x0001bbd7   Thumb Code    18  bsp.o(.text)
    bsp_event_to_button_action_assign        0x0001bbe9   Thumb Code    58  bsp.o(.text)
    bsp_init                                 0x0001bc23   Thumb Code    90  bsp.o(.text)
    Bsp_Set                                  0x0001bc7d   Thumb Code    44  bsp.o(.text)
    bsp_buttons_enable                       0x0001bca9   Thumb Code     8  bsp.o(.text)
    bsp_buttons_disable                      0x0001bcb1   Thumb Code     8  bsp.o(.text)
    bsp_wakeup_buttons_set                   0x0001bcb9   Thumb Code    84  bsp.o(.text)
    bsp_btn_ble_sleep_mode_prepare           0x0001be2d   Thumb Code    30  bsp_btn_ble.o(.text)
    bsp_btn_ble_on_ble_evt                   0x0001be4b   Thumb Code   122  bsp_btn_ble.o(.text)
    bsp_btn_ble_init                         0x0001bec5   Thumb Code    54  bsp_btn_ble.o(.text)
    Reset_Handler                            0x0001bf05   Thumb Code    26  arm_startup_nrf51.o(.text)
    NMI_Handler                              0x0001bf1f   Thumb Code     2  arm_startup_nrf51.o(.text)
    HardFault_Handler                        0x0001bf21   Thumb Code     2  arm_startup_nrf51.o(.text)
    SVC_Handler                              0x0001bf23   Thumb Code     2  arm_startup_nrf51.o(.text)
    PendSV_Handler                           0x0001bf25   Thumb Code     2  arm_startup_nrf51.o(.text)
    SysTick_Handler                          0x0001bf27   Thumb Code     2  arm_startup_nrf51.o(.text)
    ADC_IRQHandler                           0x0001bf29   Thumb Code     0  arm_startup_nrf51.o(.text)
    CCM_AAR_IRQHandler                       0x0001bf29   Thumb Code     0  arm_startup_nrf51.o(.text)
    ECB_IRQHandler                           0x0001bf29   Thumb Code     0  arm_startup_nrf51.o(.text)
    LPCOMP_IRQHandler                        0x0001bf29   Thumb Code     0  arm_startup_nrf51.o(.text)
    POWER_CLOCK_IRQHandler                   0x0001bf29   Thumb Code     0  arm_startup_nrf51.o(.text)
    QDEC_IRQHandler                          0x0001bf29   Thumb Code     0  arm_startup_nrf51.o(.text)
    RADIO_IRQHandler                         0x0001bf29   Thumb Code     0  arm_startup_nrf51.o(.text)
    RNG_IRQHandler                           0x0001bf29   Thumb Code     0  arm_startup_nrf51.o(.text)
    RTC0_IRQHandler                          0x0001bf29   Thumb Code     0  arm_startup_nrf51.o(.text)
    SPI0_TWI0_IRQHandler                     0x0001bf29   Thumb Code     0  arm_startup_nrf51.o(.text)
    SPI1_TWI1_IRQHandler                     0x0001bf29   Thumb Code     0  arm_startup_nrf51.o(.text)
    SWI1_IRQHandler                          0x0001bf29   Thumb Code     0  arm_startup_nrf51.o(.text)
    SWI3_IRQHandler                          0x0001bf29   Thumb Code     0  arm_startup_nrf51.o(.text)
    SWI4_IRQHandler                          0x0001bf29   Thumb Code     0  arm_startup_nrf51.o(.text)
    SWI5_IRQHandler                          0x0001bf29   Thumb Code     0  arm_startup_nrf51.o(.text)
    TEMP_IRQHandler                          0x0001bf29   Thumb Code     0  arm_startup_nrf51.o(.text)
    TIMER0_IRQHandler                        0x0001bf29   Thumb Code     0  arm_startup_nrf51.o(.text)
    TIMER1_IRQHandler                        0x0001bf29   Thumb Code     0  arm_startup_nrf51.o(.text)
    WDT_IRQHandler                           0x0001bf29   Thumb Code     0  arm_startup_nrf51.o(.text)
    SystemCoreClockUpdate                    0x0001bf3d   Thumb Code     8  system_nrf51.o(.text)
    SystemInit                               0x0001bfe1   Thumb Code    38  system_nrf51.o(.text)
    adv_data_encode                          0x0001c5dd   Thumb Code   444  ble_advdata.o(.text)
    ble_advdata_set                          0x0001c7bd   Thumb Code   142  ble_advdata.o(.text)
    ble_advertising_init                     0x0001c899   Thumb Code   316  ble_advertising.o(.text)
    ble_advertising_start                    0x0001c9d5   Thumb Code   770  ble_advertising.o(.text)
    ble_advertising_stop                     0x0001ccd7   Thumb Code    68  ble_advertising.o(.text)
    ble_advertising_on_ble_evt               0x0001cd1b   Thumb Code   236  ble_advertising.o(.text)
    ble_advertising_on_sys_evt               0x0001ce07   Thumb Code    70  ble_advertising.o(.text)
    ble_advertising_peer_addr_reply          0x0001ce4d   Thumb Code    50  ble_advertising.o(.text)
    ble_advertising_whitelist_reply          0x0001ce7f   Thumb Code    88  ble_advertising.o(.text)
    ble_advertising_restart_without_whitelist 0x0001ced7   Thumb Code    78  ble_advertising.o(.text)
    ble_conn_params_init                     0x0001d003   Thumb Code    90  ble_conn_params.o(.text)
    ble_conn_params_stop                     0x0001d05d   Thumb Code    12  ble_conn_params.o(.text)
    ble_conn_params_on_ble_evt               0x0001d1ab   Thumb Code    62  ble_conn_params.o(.text)
    ble_conn_params_change_conn_params       0x0001d1e9   Thumb Code    86  ble_conn_params.o(.text)
    ble_nus_on_ble_evt                       0x0001d4c9   Thumb Code    70  ble_nus.o(.text)
    ble_nus_init                             0x0001d50f   Thumb Code   256  ble_nus.o(.text)
    ble_nus_string_send                      0x0001d60f   Thumb Code    84  ble_nus.o(.text)
    nrf_delay_ms                             0x0001d671   Thumb Code    24  nrf_delay.o(.text)
    nrf_drv_common_irq_enable                0x0001d68d   Thumb Code    48  nrf_drv_common.o(.text)
    nrf_drv_gpiote_init                      0x0001d851   Thumb Code    80  nrf_drv_gpiote.o(.text)
    nrf_drv_gpiote_is_init                   0x0001d8a1   Thumb Code    18  nrf_drv_gpiote.o(.text)
    nrf_drv_gpiote_in_event_disable          0x0001d8b3   Thumb Code    88  nrf_drv_gpiote.o(.text)
    nrf_drv_gpiote_in_uninit                 0x0001d90b   Thumb Code    60  nrf_drv_gpiote.o(.text)
    nrf_drv_gpiote_out_uninit                0x0001d947   Thumb Code    54  nrf_drv_gpiote.o(.text)
    nrf_drv_gpiote_uninit                    0x0001d97d   Thumb Code    68  nrf_drv_gpiote.o(.text)
    nrf_drv_gpiote_out_init                  0x0001d9c1   Thumb Code   230  nrf_drv_gpiote.o(.text)
    nrf_drv_gpiote_out_set                   0x0001daa7   Thumb Code    12  nrf_drv_gpiote.o(.text)
    nrf_drv_gpiote_out_clear                 0x0001dab3   Thumb Code    12  nrf_drv_gpiote.o(.text)
    nrf_drv_gpiote_out_toggle                0x0001dabf   Thumb Code    38  nrf_drv_gpiote.o(.text)
    nrf_drv_gpiote_out_task_enable           0x0001dae5   Thumb Code    62  nrf_drv_gpiote.o(.text)
    nrf_drv_gpiote_out_task_disable          0x0001db23   Thumb Code    40  nrf_drv_gpiote.o(.text)
    nrf_drv_gpiote_out_task_addr_get         0x0001db4b   Thumb Code    24  nrf_drv_gpiote.o(.text)
    nrf_drv_gpiote_out_task_force            0x0001db63   Thumb Code    92  nrf_drv_gpiote.o(.text)
    nrf_drv_gpiote_out_task_trigger          0x0001dbbf   Thumb Code    28  nrf_drv_gpiote.o(.text)
    nrf_drv_gpiote_in_init                   0x0001dbdb   Thumb Code   228  nrf_drv_gpiote.o(.text)
    nrf_drv_gpiote_in_event_enable           0x0001dcbf   Thumb Code   186  nrf_drv_gpiote.o(.text)
    nrf_drv_gpiote_in_is_set                 0x0001dd79   Thumb Code    26  nrf_drv_gpiote.o(.text)
    nrf_drv_gpiote_in_event_addr_get         0x0001dd93   Thumb Code    26  nrf_drv_gpiote.o(.text)
    GPIOTE_IRQHandler                        0x0001ddad   Thumb Code   378  nrf_drv_gpiote.o(.text)
    nrf_drv_uart_init                        0x0001e027   Thumb Code   110  nrf_drv_uart.o(.text)
    nrf_drv_uart_uninit                      0x0001e095   Thumb Code    74  nrf_drv_uart.o(.text)
    nrf_drv_uart_tx                          0x0001e10f   Thumb Code   170  nrf_drv_uart.o(.text)
    nrf_drv_uart_rx                          0x0001e1e9   Thumb Code   216  nrf_drv_uart.o(.text)
    nrf_drv_uart_rx_enable                   0x0001e2c1   Thumb Code    22  nrf_drv_uart.o(.text)
    nrf_drv_uart_rx_disable                  0x0001e2d7   Thumb Code    18  nrf_drv_uart.o(.text)
    nrf_drv_uart_errorsrc_get                0x0001e2e9   Thumb Code    24  nrf_drv_uart.o(.text)
    nrf_drv_uart_tx_abort                    0x0001e34d   Thumb Code    40  nrf_drv_uart.o(.text)
    nrf_drv_uart_rx_abort                    0x0001e375   Thumb Code    22  nrf_drv_uart.o(.text)
    UART0_IRQHandler                         0x0001e38b   Thumb Code   330  nrf_drv_uart.o(.text)
    pstorage_sys_event_handler               0x0001efe7   Thumb Code    66  pstorage.o(.text)
    pstorage_init                            0x0001f029   Thumb Code   104  pstorage.o(.text)
    pstorage_register                        0x0001f091   Thumb Code   270  pstorage.o(.text)
    pstorage_block_identifier_get            0x0001f19f   Thumb Code   154  pstorage.o(.text)
    pstorage_store                           0x0001f239   Thumb Code   262  pstorage.o(.text)
    pstorage_update                          0x0001f33f   Thumb Code   216  pstorage.o(.text)
    pstorage_load                            0x0001f417   Thumb Code   242  pstorage.o(.text)
    pstorage_clear                           0x0001f509   Thumb Code   270  pstorage.o(.text)
    pstorage_access_status_get               0x0001f617   Thumb Code    40  pstorage.o(.text)
    app_button_init                          0x0001f755   Thumb Code   128  app_button.o(.text)
    app_button_enable                        0x0001f7d5   Thumb Code    34  app_button.o(.text)
    app_button_disable                       0x0001f7f7   Thumb Code    38  app_button.o(.text)
    app_button_is_pushed                     0x0001f81d   Thumb Code    44  app_button.o(.text)
    app_error_handler                        0x0001f86d   Thumb Code    22  app_error.o(.text)
    RTC1_IRQHandler                          0x0001ff43   Thumb Code    34  app_timer.o(.text)
    SWI0_IRQHandler                          0x0001ff65   Thumb Code     8  app_timer.o(.text)
    app_timer_init                           0x0001ff6d   Thumb Code   156  app_timer.o(.text)
    app_timer_create                         0x00020009   Thumb Code    60  app_timer.o(.text)
    app_timer_start                          0x00020067   Thumb Code    82  app_timer.o(.text)
    app_timer_stop                           0x000200b9   Thumb Code    96  app_timer.o(.text)
    app_timer_stop_all                       0x00020119   Thumb Code    26  app_timer.o(.text)
    app_timer_cnt_get                        0x00020133   Thumb Code    14  app_timer.o(.text)
    app_timer_cnt_diff_compute               0x00020141   Thumb Code    22  app_timer.o(.text)
    softdevice_assertion_handler             0x00020205   Thumb Code    18  softdevice_handler.o(.text)
    intern_softdevice_events_execute         0x00020217   Thumb Code   168  softdevice_handler.o(.text)
    softdevice_handler_isEnabled             0x000202bf   Thumb Code     6  softdevice_handler.o(.text)
    softdevice_handler_init                  0x000202c5   Thumb Code    84  softdevice_handler.o(.text)
    softdevice_handler_sd_disable            0x00020319   Thumb Code    24  softdevice_handler.o(.text)
    softdevice_ble_evt_handler_set           0x00020331   Thumb Code    18  softdevice_handler.o(.text)
    softdevice_sys_evt_handler_set           0x00020343   Thumb Code    18  softdevice_handler.o(.text)
    SWI2_IRQHandler                          0x00020355   Thumb Code    50  softdevice_handler.o(.text)
    SPI_Tranfer                              0x00020433   Thumb Code    46  w25q32.o(.text)
    SpiFlash_ReadOneByte                     0x00020461   Thumb Code    14  w25q32.o(.text)
    SpiFlash_WriteOneByte                    0x0002046f   Thumb Code    12  w25q32.o(.text)
    SpiFlash_ReadSR                          0x00020495   Thumb Code    36  w25q32.o(.text)
    SpiFlash_Read                            0x000204c5   Thumb Code   102  w25q32.o(.text)
    SpiFlash_PowerDown                       0x00020545   Thumb Code     2  w25q32.o(.text)
    SpiFlash_PowerUp                         0x00020547   Thumb Code    26  w25q32.o(.text)
    SPIFlash_EnableReset                     0x00020561   Thumb Code    26  w25q32.o(.text)
    SPIFlash_Reset                           0x0002057b   Thumb Code    26  w25q32.o(.text)
    SPIFlash_CMD_init                        0x00020595   Thumb Code    18  w25q32.o(.text)
    SPIFlash_Erase_Sector                    0x000205a7   Thumb Code    62  w25q32.o(.text)
    SpiFlash_Write_Page                      0x000205e5   Thumb Code   122  w25q32.o(.text)
    SpiFlash_Write_MorePage                  0x0002065f   Thumb Code    70  w25q32.o(.text)
    SPIFlash_GPIO_GetBit                     0x000206a5   Thumb Code     4  w25q32.o(.text)
    SPIFlash_Erase_Block                     0x000206a9   Thumb Code    48  w25q32.o(.text)
    SpiFlash_Write_Data                      0x000206d9   Thumb Code    80  w25q32.o(.text)
    SpiFlash_Write_Sector_Data               0x00020729   Thumb Code    64  w25q32.o(.text)
    SpiFlash_Read_Sector_Data                0x00020769   Thumb Code   116  w25q32.o(.text)
    SpiFlash_Read_Data                       0x000207dd   Thumb Code    72  w25q32.o(.text)
    SPI_Flash_Start                          0x00020825   Thumb Code    68  w25q32.o(.text)
    Spi_Flash_Init                           0x00020869   Thumb Code     8  w25q32.o(.text)
    Spi_Flash_Sleep                          0x00020871   Thumb Code    78  w25q32.o(.text)
    BL_I2C_GPIO_init                         0x00020947   Thumb Code    28  bl5372.o(.text)
    BL_I2C_GPIO_SLEEP                        0x00020963   Thumb Code    28  bl5372.o(.text)
    BLI2C_delay                              0x0002097f   Thumb Code    10  bl5372.o(.text)
    BLI2C_START                              0x00020989   Thumb Code    40  bl5372.o(.text)
    BLI2C_STOP                               0x000209b1   Thumb Code    36  bl5372.o(.text)
    BL_I2C_WAIT_ACK                          0x000209d5   Thumb Code    44  bl5372.o(.text)
    BL_I2C_SEND_ACK                          0x00020a01   Thumb Code    54  bl5372.o(.text)
    BL_I2C_WRITE_BYTE                        0x00020a37   Thumb Code    86  bl5372.o(.text)
    BLI2C_READ_BYTE                          0x00020a8d   Thumb Code    82  bl5372.o(.text)
    BL_write_i2c                             0x00020adf   Thumb Code    48  bl5372.o(.text)
    BL_read_i2c                              0x00020b0f   Thumb Code    66  bl5372.o(.text)
    CaculateWeekDay                          0x00020b51   Thumb Code   100  bl5372.o(.text)
    bl_value_read                            0x00020bb5   Thumb Code   204  bl5372.o(.text)
    bl_value_write                           0x00020c81   Thumb Code   204  bl5372.o(.text)
    Get_Time                                 0x00020dad   Thumb Code   304  devic_init.o(.text)
    Update_Time                              0x00020edd   Thumb Code   312  devic_init.o(.text)
    Devic_static_read                        0x00021015   Thumb Code    90  devic_init.o(.text)
    start_init                               0x0002106f   Thumb Code   402  devic_init.o(.text)
    SPI_Flash_Busy                           0x0002122f   Thumb Code    46  flash_rw.o(.text)
    Read_Devic_Num                           0x0002125d   Thumb Code    68  flash_rw.o(.text)
    Write_Devic_Num                          0x000212a1   Thumb Code   108  flash_rw.o(.text)
    CL_Devic_Num                             0x0002130d   Thumb Code    12  flash_rw.o(.text)
    PAGE_to_BLOCK_PAGE                       0x00021319   Thumb Code    10  flash_rw.o(.text)
    PAGE_to_Block_Sector                     0x00021323   Thumb Code    26  flash_rw.o(.text)
    Sector_to_Block_Page                     0x0002133d   Thumb Code    26  flash_rw.o(.text)
    Sector_to_Block_Sector                   0x00021357   Thumb Code    24  flash_rw.o(.text)
    Erase_PS_Print_Sector                    0x0002136f   Thumb Code    36  flash_rw.o(.text)
    CL_FlashWord_Num                         0x00021393   Thumb Code   400  flash_rw.o(.text)
    SPIFlash_Read_Tab                        0x00021523   Thumb Code    94  flash_rw.o(.text)
    SPIFlash_Write_Tab                       0x00021581   Thumb Code   106  flash_rw.o(.text)
    Ev_Cat_Dat                               0x000215eb   Thumb Code   368  flash_rw.o(.text)
    CL_Flash_PassWord                        0x0002175b   Thumb Code    12  flash_rw.o(.text)
    CL_Flash_OPEN_DOOR_NOTE                  0x00021767   Thumb Code    12  flash_rw.o(.text)
    Get_Cat_Dat                              0x00021773   Thumb Code   182  flash_rw.o(.text)
    PassWord_Same                            0x00021829   Thumb Code   162  flash_rw.o(.text)
    Add_Flash_PassWord                       0x000218cb   Thumb Code  1478  flash_rw.o(.text)
    Del_Flash_PassWord                       0x00021e91   Thumb Code   476  flash_rw.o(.text)
    read_Soctor                              0x0002206d   Thumb Code     2  flash_rw.o(.text)
    Del_A_Type_PS_Print                      0x0002206f   Thumb Code   252  flash_rw.o(.text)
    Del_Admin_PassWord                       0x0002216b   Thumb Code   962  flash_rw.o(.text)
    Del_User_PassWord                        0x0002252d   Thumb Code   938  flash_rw.o(.text)
    Del_SN_PassWord                          0x000228d7   Thumb Code   876  flash_rw.o(.text)
    ADD_Op_Door_Note                         0x00022c43   Thumb Code   704  flash_rw.o(.text)
    Read_Op_Note                             0x00022f03   Thumb Code   154  flash_rw.o(.text)
    More_Act_PassWord_Save                   0x00022f9d   Thumb Code   576  flash_rw.o(.text)
    Act_PassWord_Save                        0x000231dd   Thumb Code   248  flash_rw.o(.text)
    Per_Act_PassWord_Save                    0x000232d5   Thumb Code   286  flash_rw.o(.text)
    Act_PassWord_Verify                      0x000233f3   Thumb Code   364  flash_rw.o(.text)
    More_Act_PassWord_Verify                 0x0002355f   Thumb Code   368  flash_rw.o(.text)
    Dle_A_More_Act_PassWord_Verify           0x000236cf   Thumb Code   344  flash_rw.o(.text)
    Per_Act_PassWord_Verify                  0x00023827   Thumb Code   242  flash_rw.o(.text)
    Once_Act_PassWord_Verify                 0x00023919   Thumb Code   350  flash_rw.o(.text)
    History_Time_Act_PassWord                0x00023a77   Thumb Code   306  flash_rw.o(.text)
    Add_Flash_AD_TypeA_Data                  0x00023ba9   Thumb Code  1068  flash_rw.o(.text)
    Erase_AD_TypeA_Sector                    0x00023fd5   Thumb Code    42  flash_rw.o(.text)
    Add_Flash_US_TypeA_Data                  0x00023fff   Thumb Code  1056  flash_rw.o(.text)
    Erase_US_TypeA_Sector                    0x0002441f   Thumb Code    42  flash_rw.o(.text)
    Add_Flash_AD_TypeB_Data                  0x00024449   Thumb Code  1134  flash_rw.o(.text)
    Add_Flash_US_TypeB_Data                  0x000248b7   Thumb Code  1148  flash_rw.o(.text)
    Del_AD_Type_A                            0x00024d33   Thumb Code   358  flash_rw.o(.text)
    Del_US_Type_A                            0x00024e99   Thumb Code   354  flash_rw.o(.text)
    Del_AD_Type_B                            0x00024ffb   Thumb Code   454  flash_rw.o(.text)
    Del_US_Type_B                            0x000251c1   Thumb Code   462  flash_rw.o(.text)
    Need_TypeA_Data_SN                       0x0002538f   Thumb Code   604  flash_rw.o(.text)
    Need_TypeB_Data_SN                       0x000255eb   Thumb Code   752  flash_rw.o(.text)
    Erase_AD_TypeB_Sector                    0x000258db   Thumb Code    42  flash_rw.o(.text)
    Erase_US_TypeB_Sector                    0x00025905   Thumb Code    44  flash_rw.o(.text)
    Add_Flash_PS_Print                       0x00025931   Thumb Code   464  flash_rw.o(.text)
    Need_Of_Ps_Print_Data_IDLE_ID            0x00025b01   Thumb Code   112  flash_rw.o(.text)
    Opinion_PS_Print_Valid                   0x00025b71   Thumb Code   496  flash_rw.o(.text)
    Del_A_ID_PS_Print                        0x00025d61   Thumb Code   320  flash_rw.o(.text)
    TSM12MC_Sen_Read                         0x00025ea1   Thumb Code   468  flash_rw.o(.text)
    TSM12MC_Sen_Code_update                  0x00026075   Thumb Code   126  flash_rw.o(.text)
    Lock_Mot_Init                            0x00026133   Thumb Code    16  moto_run.o(.text)
    Lock_Mot_Default                         0x00026143   Thumb Code    28  moto_run.o(.text)
    Lock_Open                                0x0002615f   Thumb Code   142  moto_run.o(.text)
    Lock_Close                               0x000261ed   Thumb Code    68  moto_run.o(.text)
    timer2_init                              0x000262c5   Thumb Code     2  speak.o(.text)
    TIMER2_IRQHandler                        0x000262c7   Thumb Code     2  speak.o(.text)
    auart_init                               0x000262c9   Thumb Code    28  speak.o(.text)
    auart_sleep                              0x000262e5   Thumb Code     2  speak.o(.text)
    LEDR_Close_Init                          0x000262fb   Thumb Code    78  speak.o(.text)
    Buzzer_Error                             0x00026349   Thumb Code   130  speak.o(.text)
    Buzzer_Ok                                0x000263cb   Thumb Code   130  speak.o(.text)
    Buzzer_Di                                0x0002644d   Thumb Code    44  speak.o(.text)
    Buzzer_Cl                                0x00026479   Thumb Code    44  speak.o(.text)
    Buzzer_Run                               0x000264a5   Thumb Code   270  speak.o(.text)
    input_abus_byte                          0x000265b3   Thumb Code    86  speak.o(.text)
    input_speak                              0x00026609   Thumb Code   320  speak.o(.text)
    ADC_F                                    0x0002678f   Thumb Code    28  adc.o(.text)
    adc_init                                 0x000267ab   Thumb Code    40  adc.o(.text)
    ADC_N                                    0x000267d3   Thumb Code    22  adc.o(.text)
    nrf_adc_read                             0x000267e9   Thumb Code    48  adc.o(.text)
    adc_stop                                 0x00026819   Thumb Code     8  adc.o(.text)
    NRF_WDT_Init                             0x00026849   Thumb Code    30  nrf_wdt.o(.text)
    NRF_WDT_Feed                             0x00026867   Thumb Code    20  nrf_wdt.o(.text)
    LED_BR_Init                              0x000268b7   Thumb Code    16  key_run.o(.text)
    Read_Lock_Bon                            0x000268c7   Thumb Code   100  key_run.o(.text)
    LOCK_OPEN_Init                           0x0002692b   Thumb Code    12  key_run.o(.text)
    Moto_Timer_Init                          0x000269a7   Thumb Code    78  key_run.o(.text)
    Del_A_More_Act_PassWord_Run              0x00026a5d   Thumb Code   386  ble_data.o(.text)
    More_Act_PassWord_Mode_Run               0x00026bdf   Thumb Code   350  ble_data.o(.text)
    Normally_Open_Door_Run                   0x00026d3d   Thumb Code   364  ble_data.o(.text)
    Manual_Add_Card                          0x00026ea9   Thumb Code   344  ble_data.o(.text)
    CL_Door_note                             0x00027001   Thumb Code   298  ble_data.o(.text)
    TX_Door_note                             0x0002712b   Thumb Code   394  ble_data.o(.text)
    Read_OP_Door_note                        0x000272b5   Thumb Code   356  ble_data.o(.text)
    Del_Mate_Run                             0x00027419   Thumb Code   360  ble_data.o(.text)
    Del_A_PassWord_Run                       0x00027581   Thumb Code   730  ble_data.o(.text)
    updata_Devic_Num                         0x0002785b   Thumb Code   108  ble_data.o(.text)
    Del_Information_Run                      0x000278c7   Thumb Code   706  ble_data.o(.text)
    Add_Information_Run                      0x00027b89   Thumb Code  1164  ble_data.o(.text)
    Batt_Value                               0x00028015   Thumb Code   182  ble_data.o(.text)
    APP_OpenLock_Run                         0x000280cb   Thumb Code   722  ble_data.o(.text)
    Get_Time_Run                             0x0002839d   Thumb Code   418  ble_data.o(.text)
    Time_Ref_Run                             0x0002853f   Thumb Code   518  ble_data.o(.text)
    Mate_Command_Run                         0x00028745   Thumb Code   596  ble_data.o(.text)
    BLE_Dat_Select                           0x00028999   Thumb Code   662  ble_data.o(.text)
    BLE_DAT_SW                               0x00028c2f   Thumb Code   240  ble_data.o(.text)
    Data_Input                               0x00028d1f   Thumb Code    88  ble_data.o(.text)
    EX_BLE_ACK_Run                           0x00028d77   Thumb Code   224  ble_data.o(.text)
    Del_User_Key                             0x00028e57   Thumb Code    96  ble_data.o(.text)
    Manual_Add_Card_ACK                      0x00028eb7   Thumb Code   462  ble_data.o(.text)
    Time_to_Unix                             0x000290a1   Thumb Code   632  unix_time.o(.text)
    Unix_Time_to_Time                        0x00029319   Thumb Code   642  unix_time.o(.text)
    simple_uart_get                          0x000295db   Thumb Code    24  simple_uart.o(.text)
    simple_uart_get_with_timeout             0x000295f3   Thumb Code    62  simple_uart.o(.text)
    simple_uart_put                          0x00029631   Thumb Code    22  simple_uart.o(.text)
    simple_uart_putstring                    0x00029647   Thumb Code    32  simple_uart.o(.text)
    simple_uart_config                       0x00029667   Thumb Code    90  simple_uart.o(.text)
    enc_time_psw                             0x00029733   Thumb Code  1082  act_password.o(.text)
    des_psw                                  0x00029b6d   Thumb Code   948  act_password.o(.text)
    Data_Card_Run                            0x00029f21   Thumb Code  1954  act_password.o(.text)
    SPIByteCom                               0x0002a6ed   Thumb Code    16  sky1311_drv.o(.text)
    sky1311WriteCmd                          0x0002a6fd   Thumb Code    32  sky1311_drv.o(.text)
    sky1311WriteReg                          0x0002a71d   Thumb Code    36  sky1311_drv.o(.text)
    sky1311ReadReg                           0x0002a741   Thumb Code    42  sky1311_drv.o(.text)
    sky1311WriteFifo                         0x0002a76b   Thumb Code    48  sky1311_drv.o(.text)
    sky1311ReadFifo                          0x0002a79b   Thumb Code    50  sky1311_drv.o(.text)
    sky1311RxCrcOn                           0x0002a7e5   Thumb Code    12  mifare1.o(.text)
    sky1311RxCrcOff                          0x0002a7f1   Thumb Code    12  mifare1.o(.text)
    sky1311TxCrcOn                           0x0002a7fd   Thumb Code    12  mifare1.o(.text)
    sky1311TxCrcOff                          0x0002a809   Thumb Code    12  mifare1.o(.text)
    M1_Authentication_Auto                   0x0002a815   Thumb Code   292  mifare1.o(.text)
    M1_Authentication                        0x0002a939   Thumb Code   378  mifare1.o(.text)
    M1_Write                                 0x0002aab3   Thumb Code   118  mifare1.o(.text)
    M1_PwdChange                             0x0002ab29   Thumb Code    92  mifare1.o(.text)
    M1_Read                                  0x0002ab85   Thumb Code    50  mifare1.o(.text)
    M1_Increment                             0x0002abb7   Thumb Code   142  mifare1.o(.text)
    M1_Decrement                             0x0002ac45   Thumb Code   160  mifare1.o(.text)
    M1_Restore                               0x0002ace5   Thumb Code    72  mifare1.o(.text)
    M1_Transfer                              0x0002ad2d   Thumb Code    72  mifare1.o(.text)
    piccRequestB                             0x0002ad75   Thumb Code   128  iso14443b.o(.text)
    piccSlotMarker                           0x0002adf5   Thumb Code   118  iso14443b.o(.text)
    piccAttrib                               0x0002ae6b   Thumb Code   196  iso14443b.o(.text)
    piccHaltB                                0x0002af2f   Thumb Code    56  iso14443b.o(.text)
    piccDeselectB                            0x0002af67   Thumb Code    44  iso14443b.o(.text)
    piccRequestA                             0x0002af95   Thumb Code    82  iso14443a.o(.text)
    piccWakeupA                              0x0002afe7   Thumb Code    66  iso14443a.o(.text)
    piccAntiA                                0x0002b029   Thumb Code   470  iso14443a.o(.text)
    piccSelectA                              0x0002b1ff   Thumb Code   104  iso14443a.o(.text)
    piccHaltA                                0x0002b267   Thumb Code    34  iso14443a.o(.text)
    piccDeselectA                            0x0002b289   Thumb Code    58  iso14443a.o(.text)
    piccATS                                  0x0002b2c3   Thumb Code   182  iso14443a.o(.text)
    piccPPS                                  0x0002b379   Thumb Code    64  iso14443a.o(.text)
    SetBitMask                               0x0002b3cd   Thumb Code    28  sky1311t.o(.text)
    ClearBitMask                             0x0002b3e9   Thumb Code    28  sky1311t.o(.text)
    pcdAntennaOn                             0x0002b405   Thumb Code    40  sky1311t.o(.text)
    pcdAntennaOff                            0x0002b42d   Thumb Code    12  sky1311t.o(.text)
    irqClearAll                              0x0002b439   Thumb Code    12  sky1311t.o(.text)
    irqClear                                 0x0002b445   Thumb Code    14  sky1311t.o(.text)
    bitRateSet                               0x0002b453   Thumb Code   108  sky1311t.o(.text)
    typeAOperate                             0x0002b4bf   Thumb Code    60  sky1311t.o(.text)
    typeBOperate                             0x0002b4fb   Thumb Code    60  sky1311t.o(.text)
    sky1311Init                              0x0002b5b5   Thumb Code    92  sky1311t.o(.text)
    sky1311Init_A                            0x0002b611   Thumb Code    92  sky1311t.o(.text)
    sky1311Init_B                            0x0002b66d   Thumb Code    92  sky1311t.o(.text)
    sky1311Reset                             0x0002b6c9   Thumb Code    24  sky1311t.o(.text)
    resetPicc                                0x0002b6e1   Thumb Code    32  sky1311t.o(.text)
    sky1311_fifo_tx                          0x0002b701   Thumb Code   324  sky1311t.o(.text)
    sky1311_fifo_rx                          0x0002b845   Thumb Code   398  sky1311t.o(.text)
    ExchangeData                             0x0002b9d3   Thumb Code    38  sky1311t.o(.text)
    bitCollisionTrans                        0x0002b9f9   Thumb Code   272  sky1311t.o(.text)
    sky1311RCFreqCali                        0x0002bb09   Thumb Code   196  sky1311t.o(.text)
    checkCardInit                            0x0002bbcd   Thumb Code   116  sky1311t.o(.text)
    checkCardDeinit                          0x0002bc41   Thumb Code    46  sky1311t.o(.text)
    checkCardRemove                          0x0002bc6f   Thumb Code   158  sky1311t.o(.text)
    mifare1_ReadTest                         0x0002bd39   Thumb Code   188  cardoper.o(.text)
    mifare1_WriteTest                        0x0002bdf5   Thumb Code   144  cardoper.o(.text)
    smartTypeA_test                          0x0002be85   Thumb Code   100  cardoper.o(.text)
    TypeA_test                               0x0002bee9   Thumb Code   308  cardoper.o(.text)
    Type_A_Rrun                              0x0002c01d   Thumb Code   526  cardoper.o(.text)
    Type_A_Null_Key_Rrun                     0x0002c22b   Thumb Code   432  cardoper.o(.text)
    TypeB_test                               0x0002c3db   Thumb Code   184  cardoper.o(.text)
    Type_B_Rrun                              0x0002c493   Thumb Code   224  cardoper.o(.text)
    delay                                    0x0002c5b5   Thumb Code    10  stm8_eval.o(.text)
    TimingDelay_Init                         0x0002c5bf   Thumb Code     2  stm8_eval.o(.text)
    DelayMS                                  0x0002c5c1   Thumb Code    26  stm8_eval.o(.text)
    SKY1311_SPI_Init                         0x0002c5db   Thumb Code    22  stm8_eval.o(.text)
    SKY1311_Init                             0x0002c5f1   Thumb Code    14  stm8_eval.o(.text)
    SKY1311_DeInit                           0x0002c5ff   Thumb Code    26  stm8_eval.o(.text)
    LED_Init                                 0x0002c619   Thumb Code     2  stm8_eval.o(.text)
    I2C_Interface_Init                       0x0002c61b   Thumb Code     2  stm8_eval.o(.text)
    Uart_Inerface_Init                       0x0002c61d   Thumb Code     2  stm8_eval.o(.text)
    uart_putChar                             0x0002c61f   Thumb Code     2  stm8_eval.o(.text)
    uart_sendData                            0x0002c621   Thumb Code     2  stm8_eval.o(.text)
    uart_putHex                              0x0002c623   Thumb Code     2  stm8_eval.o(.text)
    uart_printBuffer                         0x0002c625   Thumb Code     2  stm8_eval.o(.text)
    uart_puts                                0x0002c627   Thumb Code     2  stm8_eval.o(.text)
    uart_newrow                              0x0002c629   Thumb Code     2  stm8_eval.o(.text)
    systemClk_Init                           0x0002c62b   Thumb Code     2  stm8_eval.o(.text)
    IRQ_Init                                 0x0002c62d   Thumb Code     2  stm8_eval.o(.text)
    IRQ_DeInit                               0x0002c62f   Thumb Code     2  stm8_eval.o(.text)
    systemGPIOInit                           0x0002c631   Thumb Code     2  stm8_eval.o(.text)
    system_Init                              0x0002c633   Thumb Code     8  stm8_eval.o(.text)
    I2C_GPIO_init                            0x0002c66f   Thumb Code    58  mpr121.o(.text)
    I2C_delay                                0x0002c6a9   Thumb Code    10  mpr121.o(.text)
    I2C_START                                0x0002c6b3   Thumb Code    40  mpr121.o(.text)
    I2C_STOP                                 0x0002c6db   Thumb Code    36  mpr121.o(.text)
    I2C_WAIT_ACK                             0x0002c6ff   Thumb Code    44  mpr121.o(.text)
    I2C_SEND_ACK                             0x0002c72b   Thumb Code    54  mpr121.o(.text)
    I2C_WRITE_BYTE                           0x0002c761   Thumb Code    86  mpr121.o(.text)
    I2C_READ_BYTE                            0x0002c7b7   Thumb Code    82  mpr121.o(.text)
    write_i2c                                0x0002c809   Thumb Code    48  mpr121.o(.text)
    read_i2c                                 0x0002c839   Thumb Code    66  mpr121.o(.text)
    mpr121_init_I                            0x0002c87b   Thumb Code     8  mpr121.o(.text)
    mpr121_init                              0x0002c883   Thumb Code     2  mpr121.o(.text)
    mpr121_Run_I                             0x0002c885   Thumb Code     2  mpr121.o(.text)
    mpr121_Run                               0x0002c887   Thumb Code     2  mpr121.o(.text)
    MSR_121_READ                             0x0002c889   Thumb Code     2  mpr121.o(.text)
    MPR121_CL_Key                            0x0002c88b   Thumb Code     2  mpr121.o(.text)
    MSR_121_read_key                         0x0002c88d   Thumb Code     4  mpr121.o(.text)
    MPR121_Key_Run                           0x0002c891   Thumb Code     4  mpr121.o(.text)
    TSM12_Init                               0x0002c895   Thumb Code   170  mpr121.o(.text)
    TSM12_Into_Sleep_Mode                    0x0002c93f   Thumb Code    52  mpr121.o(.text)
    TSM12_Exit_Sleep_Mode                    0x0002c973   Thumb Code   170  mpr121.o(.text)
    TSM12_read_tast                          0x0002ca1d   Thumb Code    74  mpr121.o(.text)
    TSM12_read_key_Num                       0x0002ca67   Thumb Code   806  mpr121.o(.text)
    Uart_Put_String                          0x0002cde9   Thumb Code    52  uart_run.o(.text)
    Uart_Get_String                          0x0002ce1d   Thumb Code   102  uart_run.o(.text)
    A71_Dat_Cheak                            0x0002ce83   Thumb Code   126  uart_run.o(.text)
    A71_Send_Init                            0x0002cf01   Thumb Code    52  uart_run.o(.text)
    A71_Send_ID                              0x0002cf35   Thumb Code    78  uart_run.o(.text)
    A71_Send_PD                              0x0002cf83   Thumb Code    52  uart_run.o(.text)
    A71_Send_RX                              0x0002cfb7   Thumb Code    52  uart_run.o(.text)
    A71_Data_TX                              0x0002cfeb   Thumb Code   116  uart_run.o(.text)
    A71_RF_RX_MODE                           0x0002d05f   Thumb Code   220  uart_run.o(.text)
    Need_Of_RX_Dat                           0x0002d13b   Thumb Code   290  uart_run.o(.text)
    A71_TX_Dat                               0x0002d25d   Thumb Code   254  uart_run.o(.text)
    PS_LED_Run                               0x0002d379   Thumb Code   350  f_print.o(.text)
    Controllable_Power_No                    0x0002d4d7   Thumb Code    86  f_print.o(.text)
    Controllable_Power_Off                   0x0002d52d   Thumb Code    28  f_print.o(.text)
    PS_Input_Order_Run                       0x0002d549   Thumb Code   332  f_print.o(.text)
    PS_Data_Cheak                            0x0002d695   Thumb Code   348  f_print.o(.text)
    F_print_Goto_Sleep                       0x0002d7f1   Thumb Code   208  f_print.o(.text)
    Input_PS_Lmage_Run                       0x0002d8c1   Thumb Code  2360  f_print.o(.text)
    Input_PS_Lmage                           0x0002e1f9   Thumb Code    88  f_print.o(.text)
    CL_Ps_Print                              0x0002e251   Thumb Code   220  f_print.o(.text)
    PS_LED_Shutdown                          0x0002e32d   Thumb Code    40  f_print.o(.text)
    __aeabi_uidiv                            0x0002e391   Thumb Code     0  uidiv.o(.text)
    __aeabi_uidivmod                         0x0002e391   Thumb Code    44  uidiv.o(.text)
    __aeabi_idiv                             0x0002e3bd   Thumb Code     0  idiv.o(.text)
    __aeabi_idivmod                          0x0002e3bd   Thumb Code    40  idiv.o(.text)
    __aeabi_uldivmod                         0x0002e3e5   Thumb Code    96  uldiv.o(.text)
    __aeabi_ldivmod                          0x0002e445   Thumb Code    76  ldiv.o(.text)
    __aeabi_lmul                             0x0002e491   Thumb Code   122  llmul.o(.text)
    _ll_mul                                  0x0002e491   Thumb Code     0  llmul.o(.text)
    __aeabi_memcpy                           0x0002e50b   Thumb Code    36  memcpya.o(.text)
    __aeabi_memcpy4                          0x0002e50b   Thumb Code     0  memcpya.o(.text)
    __aeabi_memcpy8                          0x0002e50b   Thumb Code     0  memcpya.o(.text)
    __aeabi_memset                           0x0002e52f   Thumb Code    14  memseta.o(.text)
    __aeabi_memset4                          0x0002e52f   Thumb Code     0  memseta.o(.text)
    __aeabi_memset8                          0x0002e52f   Thumb Code     0  memseta.o(.text)
    __aeabi_memclr                           0x0002e53d   Thumb Code     4  memseta.o(.text)
    __aeabi_memclr4                          0x0002e53d   Thumb Code     0  memseta.o(.text)
    __aeabi_memclr8                          0x0002e53d   Thumb Code     0  memseta.o(.text)
    _memset$wrapper                          0x0002e541   Thumb Code    18  memseta.o(.text)
    strlen                                   0x0002e553   Thumb Code    14  strlen.o(.text)
    __aeabi_llsl                             0x0002e561   Thumb Code    32  llshl.o(.text)
    _ll_shift_l                              0x0002e561   Thumb Code     0  llshl.o(.text)
    __aeabi_llsr                             0x0002e581   Thumb Code    34  llushr.o(.text)
    _ll_ushift_r                             0x0002e581   Thumb Code     0  llushr.o(.text)
    __scatterload                            0x0002e5a5   Thumb Code    28  init.o(.text)
    __scatterload_rt2                        0x0002e5a5   Thumb Code     0  init.o(.text)
    __decompress                             0x0002e5c9   Thumb Code     0  __dczerorl.o(.text)
    __decompress0                            0x0002e5c9   Thumb Code    58  __dczerorl.o(.text)
    __ARM_common_switch8                     0x0002e603   Thumb Code    28  main.o(i.__ARM_common_switch8)
    __scatterload_copy                       0x0002e61f   Thumb Code    14  handlers.o(i.__scatterload_copy)
    __scatterload_null                       0x0002e62d   Thumb Code     2  handlers.o(i.__scatterload_null)
    __scatterload_zeroinit                   0x0002e62f   Thumb Code    14  handlers.o(i.__scatterload_zeroinit)
    Admin_TypeA_Card                         0x0002e64c   Data           1  main.o(.constdata)
    User_TypeA_Card                          0x0002e64d   Data           1  main.o(.constdata)
    Admin_TypeB_Card                         0x0002e64e   Data           1  main.o(.constdata)
    User_TypeB_Card                          0x0002e64f   Data           1  main.o(.constdata)
    Wait_Card_Remove_Timeout_Value           0x0002e650   Data           1  main.o(.constdata)
    SPI0_Run_Time_Out                        0x0002e652   Data           2  main.o(.constdata)
    Key_Num_Tab_Len                          0x0002e654   Data           1  main.o(.constdata)
    PS_Delay_Out_T                           0x0002e656   Data           2  main.o(.constdata)
    PS_Dat_T_Out                             0x0002e658   Data           2  main.o(.constdata)
    CL_PS_Delay_T_Out                        0x0002e65a   Data           2  main.o(.constdata)
    CL_PS_Time_Out                           0x0002e65c   Data           2  main.o(.constdata)
    CL_PS_Run_Del_Nor_Mode                   0x0002e65e   Data           1  main.o(.constdata)
    CL_PS_Run_Del_Single_Mode                0x0002e65f   Data           1  main.o(.constdata)
    CL_PS_Run_Del_All_Mode                   0x0002e660   Data           1  main.o(.constdata)
    CL_PS_Run_Del_Batch_Mode                 0x0002e661   Data           1  main.o(.constdata)
    TSM12MC_Sen_Sector_Num                   0x0002e728   Data           2  flash_rw.o(.constdata)
    Cat_Dat_Sector1                          0x0002e72a   Data           1  flash_rw.o(.constdata)
    Cat_Dat_Sector_Num                       0x0002e72b   Data           1  flash_rw.o(.constdata)
    Cat_Dat_len                              0x0002e72c   Data           4  flash_rw.o(.constdata)
    PassWord_Len                             0x0002e730   Data           1  flash_rw.o(.constdata)
    Open_Note_Num_Len                        0x0002e731   Data           1  flash_rw.o(.constdata)
    PassWord_Secotr1                         0x0002e732   Data           1  flash_rw.o(.constdata)
    PassWord_Secotr2                         0x0002e733   Data           1  flash_rw.o(.constdata)
    PassWord_SN_Secotr                       0x0002e734   Data           1  flash_rw.o(.constdata)
    Act_PassWord_Secotr                      0x0002e735   Data           1  flash_rw.o(.constdata)
    History_PassWord_Secotr                  0x0002e736   Data           1  flash_rw.o(.constdata)
    Per_Act_PassWord_Secotr                  0x0002e737   Data           1  flash_rw.o(.constdata)
    More_Act_PassWord_Secotr                 0x0002e738   Data           2  flash_rw.o(.constdata)
    More_Act_PassWord_Len                    0x0002e73a   Data           2  flash_rw.o(.constdata)
    More_Act_PassWord_MAX_Num                0x0002e73c   Data           1  flash_rw.o(.constdata)
    AD_TypeA_Data_Secotr1                    0x0002e73e   Data           2  flash_rw.o(.constdata)
    AD_TypeB_Data_Secotr1                    0x0002e740   Data           2  flash_rw.o(.constdata)
    US_TypeA_Data_Secotr1                    0x0002e742   Data           2  flash_rw.o(.constdata)
    US_TypeB_Data_Secotr1                    0x0002e744   Data           2  flash_rw.o(.constdata)
    TypeA_Data_Len                           0x0002e746   Data           1  flash_rw.o(.constdata)
    TypeB_Data_Len                           0x0002e747   Data           1  flash_rw.o(.constdata)
    A_Sector_TypeA_Data_Num                  0x0002e748   Data           1  flash_rw.o(.constdata)
    A_Sector_TypeB_Data_Num                  0x0002e749   Data           1  flash_rw.o(.constdata)
    AD_TypeA_Data_Sector_Num                 0x0002e74a   Data           1  flash_rw.o(.constdata)
    US_TypeA_Data_Sector_Num                 0x0002e74b   Data           1  flash_rw.o(.constdata)
    AD_TypeB_Data_Sector_Num                 0x0002e74c   Data           1  flash_rw.o(.constdata)
    US_TypeB_Data_Sector_Num                 0x0002e74d   Data           1  flash_rw.o(.constdata)
    Flash_Word_Num                           0x0002e74e   Data           1  flash_rw.o(.constdata)
    OpenDoorNote_Num_Code                    0x0002e74f   Data           1  flash_rw.o(.constdata)
    Act_PassWord_Num_Code                    0x0002e750   Data           1  flash_rw.o(.constdata)
    Failure_Act_PassWord_Num_Code            0x0002e751   Data           1  flash_rw.o(.constdata)
    Per_Act_PassWord_Num_Code                0x0002e752   Data           1  flash_rw.o(.constdata)
    More_Act_PassWord_Num_Code               0x0002e753   Data           1  flash_rw.o(.constdata)
    AD_TypeA_Data_Num_Code                   0x0002e754   Data           1  flash_rw.o(.constdata)
    AD_TypeB_Data_Num_Code                   0x0002e755   Data           1  flash_rw.o(.constdata)
    US_TypeA_Data_Num_Code                   0x0002e756   Data           1  flash_rw.o(.constdata)
    US_TypeB_Data_Num_Code                   0x0002e757   Data           1  flash_rw.o(.constdata)
    CK_Auth_Index_Code                       0x0002e758   Data           1  flash_rw.o(.constdata)
    Nmg_Auth_Index_Code                      0x0002e759   Data           1  flash_rw.o(.constdata)
    PS_Print_Num_Code                        0x0002e75a   Data           1  flash_rw.o(.constdata)
    Open_Note_Secotr1                        0x0002e75c   Data           2  flash_rw.o(.constdata)
    Open_Note_Secotr2                        0x0002e75e   Data           2  flash_rw.o(.constdata)
    Open_Note_Secotr3                        0x0002e760   Data           2  flash_rw.o(.constdata)
    Open_Note_Secotr4                        0x0002e762   Data           2  flash_rw.o(.constdata)
    Open_Note_Size                           0x0002e764   Data           2  flash_rw.o(.constdata)
    A_Sector_Open_Note_Size                  0x0002e766   Data           2  flash_rw.o(.constdata)
    Max_PassWord_Num                         0x0002e768   Data           1  flash_rw.o(.constdata)
    A_Sector_PassWord_Num                    0x0002e769   Data           1  flash_rw.o(.constdata)
    PS_Print_Len                             0x0002e76a   Data           1  flash_rw.o(.constdata)
    PS_Print_Num                             0x0002e76b   Data           1  flash_rw.o(.constdata)
    PS_Print_Soctor1                         0x0002e76c   Data           2  flash_rw.o(.constdata)
    Act_PassWord_SLen                        0x0002e76e   Data           1  flash_rw.o(.constdata)
    Common_Act_Len                           0x0002e76f   Data           1  flash_rw.o(.constdata)
    Once_Act_Len                             0x0002e770   Data           1  flash_rw.o(.constdata)
    Once_PassWord_Size                       0x0002e771   Data           1  flash_rw.o(.constdata)
    History_Time_Len                         0x0002e772   Data           1  flash_rw.o(.constdata)
    History_Max_Num                          0x0002e773   Data           1  flash_rw.o(.constdata)
    Buzzer_Tab                               0x0002e774   Data          20  speak.o(.constdata)
    key0                                     0x0002e790   Data           8  mpr121.o(.constdata)
    key1                                     0x0002e798   Data           4  mpr121.o(.constdata)
    key_num_s                                0x0002e79c   Data           4  mpr121.o(.constdata)
    key_num_tab1                             0x0002e7a0   Data           4  mpr121.o(.constdata)
    key_num_tab2                             0x0002e7a4   Data           4  mpr121.o(.constdata)
    key_num_tab3                             0x0002e7a8   Data           4  mpr121.o(.constdata)
    A71_Init                                 0x0002e7ac   Data          12  uart_run.o(.constdata)
    A71_Set_ID                               0x0002e7b8   Data          17  uart_run.o(.constdata)
    A71_RX_Mod                               0x0002e7c9   Data          12  uart_run.o(.constdata)
    A71_TX_Mod                               0x0002e7d5   Data           6  uart_run.o(.constdata)
    A71_Power_Down                           0x0002e7db   Data          12  uart_run.o(.constdata)
    A71_Send_Sp_Num                          0x0002e7e7   Data           1  uart_run.o(.constdata)
    PS_Getlmage                              0x0002e7e8   Data          12  f_print.o(.constdata)
    Null_Getlmage                            0x0002e7f4   Data          12  f_print.o(.constdata)
    Err_Getlmage                             0x0002e800   Data          12  f_print.o(.constdata)
    Be_Getlmage                              0x0002e80c   Data          12  f_print.o(.constdata)
    Get_Dat_Save_1                           0x0002e818   Data          13  f_print.o(.constdata)
    Get_Dat_Save_2                           0x0002e825   Data          13  f_print.o(.constdata)
    Get_Dat_Save_3                           0x0002e832   Data          13  f_print.o(.constdata)
    Get_Dat_Save_4                           0x0002e83f   Data          13  f_print.o(.constdata)
    Get_Dat_Save_5                           0x0002e84c   Data          13  f_print.o(.constdata)
    Get_Dat_Save_6                           0x0002e859   Data          13  f_print.o(.constdata)
    Merge_Lmage_Dat                          0x0002e866   Data          12  f_print.o(.constdata)
    Ps_Save_ID                               0x0002e872   Data          15  f_print.o(.constdata)
    Se_Lmage_Dat                             0x0002e881   Data          17  f_print.o(.constdata)
    Not_Se_Lmage                             0x0002e892   Data          16  f_print.o(.constdata)
    Se_Lmarge                                0x0002e8a2   Data          16  f_print.o(.constdata)
    PS_Del_A_Lmage                           0x0002e8b2   Data          16  f_print.o(.constdata)
    PS_Del_A_Lmage_ACK                       0x0002e8c2   Data          12  f_print.o(.constdata)
    PS_Del_All_Lmage                         0x0002e8ce   Data          12  f_print.o(.constdata)
    PS_Del_Lmage_ACK                         0x0002e8da   Data          12  f_print.o(.constdata)
    PS_Read_Lmage_Num                        0x0002e8e6   Data          12  f_print.o(.constdata)
    PS_Lmage_Num_ACK                         0x0002e8f2   Data          14  f_print.o(.constdata)
    PS_HandShake                             0x0002e900   Data          12  f_print.o(.constdata)
    PS_HandShake_ACK                         0x0002e90c   Data          12  f_print.o(.constdata)
    PS_PowDlow                               0x0002e918   Data          12  f_print.o(.constdata)
    PS_PowDlow_ACK                           0x0002e924   Data          12  f_print.o(.constdata)
    PS_LED_CFG                               0x0002e930   Data          16  f_print.o(.constdata)
    PS_LED_POWER                             0x0002e940   Data          16  f_print.o(.constdata)
    PS_LED_R1                                0x0002e950   Data          16  f_print.o(.constdata)
    PS_LED_R2                                0x0002e960   Data          16  f_print.o(.constdata)
    PS_LED_G1                                0x0002e970   Data          16  f_print.o(.constdata)
    PS_LED_G2                                0x0002e980   Data          16  f_print.o(.constdata)
    PS_LED_B1                                0x0002e990   Data          16  f_print.o(.constdata)
    PS_LED_B2                                0x0002e9a0   Data          16  f_print.o(.constdata)
    PS_LED_W1                                0x0002e9b0   Data          16  f_print.o(.constdata)
    PS_LED_W2                                0x0002e9c0   Data          16  f_print.o(.constdata)
    PS_LED_Sleep                             0x0002e9d0   Data          16  f_print.o(.constdata)
    FP_Goto_Sleep_Out                        0x0002e9e0   Data           4  f_print.o(.constdata)
    input_ps_T_Out                           0x0002e9e4   Data           2  f_print.o(.constdata)
    Region$$Table$$Base                      0x0002e9e8   Number         0  anon$$obj.o(Region$$Table)
    Region$$Table$$Limit                     0x0002ea08   Number         0  anon$$obj.o(Region$$Table)
    DEVICE_NAME                              0x20002000   Data          28  main.o(.data)
    MAC_ADD                                  0x20002022   Data           6  main.o(.data)
    TX_SUC                                   0x20002028   Data           1  main.o(.data)
    BLE_LINK                                 0x20002029   Data           1  main.o(.data)
    Ble_Lin_T                                0x2000202a   Data           1  main.o(.data)
    LEDOP_RC_VALUE                           0x2000202c   Data           4  main.o(.data)
    LEDCL_RC_VALUE                           0x20002030   Data           4  main.o(.data)
    Init_Key_Num                             0x20002034   Data           1  main.o(.data)
    rcValue                                  0x20002036   Data           2  main.o(.data)
    hasCardIn                                0x20002038   Data           1  main.o(.data)
    cardStatus                               0x20002039   Data           1  main.o(.data)
    read_TypeAB_SN                           0x2000203c   Data           4  main.o(.data)
    TypeAB_Start_Unix                        0x20002040   Data           4  main.o(.data)
    TypeAB_Stop_Unix                         0x20002044   Data           4  main.o(.data)
    FD_Key                                   0x20002048   Data           1  main.o(.data)
    Unix_T                                   0x2000204c   Data           4  main.o(.data)
    Read_Card_Error_Num                      0x20002050   Data           4  main.o(.data)
    SKY1311_Error                            0x20002054   Data           1  main.o(.data)
    DatCrd_AU                                0x20002055   Data           1  main.o(.data)
    WAITEMOVE_Time                           0x20002056   Data           1  main.o(.data)
    Wait_Card_Remove_Timeout                 0x20002058   Data           4  main.o(.data)
    Wait_SPI0_Run_Time                       0x2000205c   Data           2  main.o(.data)
    Manual_Add_Card_Num                      0x2000205e   Data           1  main.o(.data)
    Type_AB_ID                               0x2000205f   Data           1  main.o(.data)
    Manual_Err_num                           0x20002060   Data           1  main.o(.data)
    Init_Key_T                               0x20002061   Data           1  main.o(.data)
    UART_RUN                                 0x20002062   Data           1  main.o(.data)
    MPR121_RUN                               0x20002063   Data           1  main.o(.data)
    MPR121_T                                 0x20002064   Data           2  main.o(.data)
    ADC_Value                                0x20002068   Data           4  main.o(.data)
    VCC_Value                                0x2000206c   Data           4  main.o(.data)
    VCC_Value_H                              0x20002070   Data           4  main.o(.data)
    VCC_Value_L1                             0x20002074   Data           4  main.o(.data)
    VCC_Value_L2                             0x20002078   Data           4  main.o(.data)
    ADC_Div                                  0x2000207c   Data           2  main.o(.data)
    MPR_Del                                  0x2000207e   Data           2  main.o(.data)
    MPR_Value                                0x20002080   Data           2  main.o(.data)
    MOT_RL                                   0x20002082   Data           1  main.o(.data)
    CL_Init_Key_Num                          0x20002084   Data           2  main.o(.data)
    Once_Act_CL                              0x20002088   Data           4  main.o(.data)
    Board_Unix                               0x2000208c   Data           4  main.o(.data)
    Board_Time                               0x20002090   Data           8  main.o(.data)
    updat_Time_T                             0x20002098   Data           1  main.o(.data)
    Err_PassWord_CL                          0x20002099   Data           1  main.o(.data)
    Key_Num_n                                0x2000209a   Data           1  main.o(.data)
    PassWord_Error_Num                       0x2000209b   Data           1  main.o(.data)
    PassWord_Error_Time                      0x2000209c   Data           4  main.o(.data)
    Manual_Add_Card_T                        0x200020a0   Data           4  main.o(.data)
    PassWord_Con_User                        0x200020a4   Data           1  main.o(.data)
    Uart_Close_T                             0x200020a8   Data           4  main.o(.data)
    id1                                      0x200020ac   Data           4  main.o(.data)
    id2                                      0x200020b0   Data           4  main.o(.data)
    Input_PS_Lmage_t                         0x200020b4   Data           4  main.o(.data)
    PS_Goto_Sleep_t                          0x200020b8   Data           4  main.o(.data)
    Type_Card_Id                             0x200020bc   Data          16  main.o(.data)
    Note_Num_Delay                           0x200020cc   Data           4  main.o(.data)
    FD_Key_Time                              0x200020d0   Data           4  main.o(.data)
    MPR121_Flag                              0x200020d4   Data           1  main.o(.data)
    OP_PS_AU                                 0x200020d8   Data           4  main.o(.data)
    PS_Print_Run_Now                         0x200020dc   Data           1  main.o(.data)
    PS_Delay_T                               0x200020de   Data           2  main.o(.data)
    PS_Int_T                                 0x200020e0   Data           1  main.o(.data)
    Need_For_Ps_Print_ID                     0x200020e2   Data           2  main.o(.data)
    CL_PS_ID                                 0x200020e4   Data           2  main.o(.data)
    CL_PS_Run                                0x200020e6   Data           2  main.o(.data)
    CL_PS_Print_Now                          0x200020e8   Data           1  main.o(.data)
    CL_PS_Delay_T                            0x200020ea   Data           2  main.o(.data)
    SystemCoreClock                          0x200020f4   Data           4  system_nrf51.o(.data)
    SPI_FLASH_CS                             0x200021a8   Data           4  w25q32.o(.data)
    SPI_FLASH_CLK                            0x200021ac   Data           4  w25q32.o(.data)
    SPI_FLASH_MOSI                           0x200021b0   Data           4  w25q32.o(.data)
    SPI_FLASH_MISO                           0x200021b4   Data           4  w25q32.o(.data)
    SPI0_Start                               0x200021b8   Data           1  w25q32.o(.data)
    dati                                     0x200021b9   Data           1  devic_init.o(.data)
    datii                                    0x200021ba   Data           1  devic_init.o(.data)
    TIME_STATE                               0x200021bb   Data           1  devic_init.o(.data)
    SEC                                      0x200021bc   Data           1  devic_init.o(.data)
    MIN                                      0x200021bd   Data           1  devic_init.o(.data)
    HOUR                                     0x200021be   Data           1  devic_init.o(.data)
    DAY                                      0x200021bf   Data           1  devic_init.o(.data)
    MON                                      0x200021c0   Data           1  devic_init.o(.data)
    YEAR                                     0x200021c1   Data           1  devic_init.o(.data)
    MPR121_ERR                               0x200021c2   Data           1  devic_init.o(.data)
    Flash_ERR                                0x200021c3   Data           1  devic_init.o(.data)
    Devic_Static                             0x200021ce   Data           1  devic_init.o(.data)
    Act_PassWord_rese                        0x200021d0   Data           1  flash_rw.o(.data)
    Once_Act_Run                             0x200021d4   Data           4  flash_rw.o(.data)
    Once_Act_Num                             0x200021d8   Data           4  flash_rw.o(.data)
    LED_CL                                   0x200021dc   Data           1  moto_run.o(.data)
    Buzz_Data_T                              0x200021de   Data           2  speak.o(.data)
    Buzzer_Di_Run                            0x200021e0   Data           1  speak.o(.data)
    speaki                                   0x200021e1   Data           1  speak.o(.data)
    Lock_State                               0x200021e4   Data           1  key_run.o(.data)
    Lock_N                                   0x200021e8   Data           4  key_run.o(.data)
    LO                                       0x200021ec   Data           1  key_run.o(.data)
    Double_Key                               0x200021ed   Data           1  key_run.o(.data)
    Turn_Key                                 0x200021ee   Data           1  key_run.o(.data)
    Latch_Bolt                               0x200021ef   Data           1  key_run.o(.data)
    BLE_Data_Len                             0x200021f0   Data           1  ble_data.o(.data)
    data_len                                 0x200021f2   Data           2  ble_data.o(.data)
    IN_BLE_Dat_SW                            0x200021f4   Data           1  ble_data.o(.data)
    irw                                      0x200021f5   Data           1  ble_data.o(.data)
    Update_Time_Flag                         0x200021f6   Data           1  ble_data.o(.data)
    Batt_Value_T                             0x200021f7   Data           1  ble_data.o(.data)
    TX_Door_X                                0x200021f8   Data           2  ble_data.o(.data)
    Note_Out_Num                             0x200021fc   Data           4  ble_data.o(.data)
    Start_Manual_Add_Card                    0x20002208   Data           1  ble_data.o(.data)
    Manual_Add_Card_Start_Unix               0x2000220c   Data           4  ble_data.o(.data)
    Manual_Add_Card_Stop_Unix                0x20002210   Data           4  ble_data.o(.data)
    g_FWI                                    0x20002214   Data           1  iso14443a.o(.data)
    g_bCID                                   0x20002215   Data           1  iso14443a.o(.data)
    g_bFSD                                   0x20002216   Data           2  iso14443a.o(.data)
    g_bFSC                                   0x20002218   Data           2  iso14443a.o(.data)
    g_bBlockNum                              0x2000221a   Data           1  iso14443a.o(.data)
    g_bCIDFollowed                           0x2000221b   Data           1  iso14443a.o(.data)
    g_bLastTransmitPCB                       0x2000221c   Data           1  iso14443a.o(.data)
    g_pbaLastTransmitBuf                     0x20002220   Data           4  iso14443a.o(.data)
    g_wLastTransmitLength                    0x20002224   Data           2  iso14443a.o(.data)
    maxRCADVal                               0x20002226   Data           1  sky1311t.o(.data)
    freqScanNeed                             0x20002227   Data           1  sky1311t.o(.data)
    err_sta                                  0x20002228   Data           1  sky1311t.o(.data)
    irq_sta                                  0x20002229   Data           1  sky1311t.o(.data)
    i2c_statue                               0x2000222a   Data           1  mpr121.o(.data)
    TOU_THRESH                               0x2000222b   Data           1  mpr121.o(.data)
    REL_THRESH                               0x2000222c   Data           1  mpr121.o(.data)
    TOU_THRESH1                              0x2000222d   Data           1  mpr121.o(.data)
    REL_THRESH1                              0x2000222e   Data           1  mpr121.o(.data)
    run1                                     0x2000222f   Data           1  mpr121.o(.data)
    key_flag                                 0x20002230   Data           1  mpr121.o(.data)
    readkey_now                              0x20002231   Data           1  mpr121.o(.data)
    read_ir                                  0x20002232   Data           1  mpr121.o(.data)
    TSM12_RUN_Sen                            0x20002233   Data           6  mpr121.o(.data)
    TSM12MC_Status                           0x20002239   Data           1  mpr121.o(.data)
    key_out_Time                             0x2000223a   Data           1  mpr121.o(.data)
    Touch_key_Num                            0x2000223b   Data           1  mpr121.o(.data)
    Uart_RX_len                              0x2000223c   Data           4  uart_run.o(.data)
    Get_String_t                             0x20002240   Data           4  uart_run.o(.data)
    A71_Str_Len                              0x20002244   Data           1  uart_run.o(.data)
    A71_ID_Tab                               0x20002245   Data           4  uart_run.o(.data)
    F_Print_Run_Flag                         0x2000224c   Data           1  f_print.o(.data)
    Controllable_Power_State                 0x2000224d   Data           1  f_print.o(.data)
    Input_Ps_Lmage_Type                      0x2000224e   Data           1  f_print.o(.data)
    Input_Ps_Source                          0x2000224f   Data           1  f_print.o(.data)
    Test_Ps_Mark                             0x20002250   Data           1  f_print.o(.data)
    Start_PS_Unix                            0x20002254   Data           4  f_print.o(.data)
    Stop_PS_Unix                             0x20002258   Data           4  f_print.o(.data)
    F_print_Enable                           0x2000225c   Data           4  f_print.o(.data)
    F_Print_Goto_Sleep_Now                   0x20002260   Data           1  f_print.o(.data)
    FP_Goto_Sleep_T                          0x20002264   Data           4  f_print.o(.data)
    PS_Goto_Sleep_Num                        0x20002268   Data           1  f_print.o(.data)
    Input_Ps_Lmage_Run_Now                   0x20002269   Data           1  f_print.o(.data)
    Input_Ps_Lmage_ID                        0x2000226a   Data           2  f_print.o(.data)
    input_ps_T                               0x2000226c   Data           2  f_print.o(.data)
    CL_Ps_Print_Now                          0x2000226e   Data           1  f_print.o(.data)
    CL_PS_Num                                0x2000226f   Data           1  f_print.o(.data)
    tab_dat                                  0x200022ac   Data        1850  main.o(.bss)
    read_TypeA_Data                          0x20002a68   Data         128  main.o(.bss)
    Key_Num_Tab                              0x20002ae8   Data          51  main.o(.bss)
    TX_BUFF                                  0x20002b1b   Data          64  main.o(.bss)
    BL_VALUE_READ                            0x20003238   Data          16  bl5372.o(.bss)
    BL_VALUE_WRITE                           0x20003248   Data          16  bl5372.o(.bss)
    flash_test_tab                           0x20003278   Data          10  devic_init.o(.bss)
    Devic_Num                                0x20003282   Data          40  devic_init.o(.bss)
    Read_Op_Tab                              0x200032cc   Data          26  flash_rw.o(.bss)
    Op_Door_Buff                             0x200032e6   Data          26  flash_rw.o(.bss)
    TypeAB_Unix_T                            0x20003300   Data           9  flash_rw.o(.bss)
    BLE_Data                                 0x200033b0   Data         100  ble_data.o(.bss)
    EX_BLE_ACK_TX                            0x20003414   Data         100  ble_data.o(.bss)
    time1                                    0x20003478   Data          12  unix_time.o(.bss)
    etp                                      0x200034a4   Data          10  act_password.o(.bss)
    Type_AB_UID                              0x200034d0   Data          20  cardoper.o(.bss)
    mpr121_Baseline_Init                     0x20003504   Data          12  mpr121.o(.bss)
    mpr121_Baseline                          0x20003510   Data          12  mpr121.o(.bss)
    key_num_t                                0x2000351c   Data          13  mpr121.o(.bss)
    key_num_t1                               0x20003529   Data          13  mpr121.o(.bss)
    key_num_is                               0x20003536   Data          13  mpr121.o(.bss)
    Uart_TX_String                           0x20003564   Data          20  uart_run.o(.bss)
    Uart_RX_String                           0x20003578   Data          20  uart_run.o(.bss)
    Get_A71_Str                              0x2000358c   Data         100  uart_run.o(.bss)
    Send_Buff                                0x200035f0   Data         100  uart_run.o(.bss)
    A71_RX_Dat_Tab                           0x20003654   Data          64  uart_run.o(.bss)
    Ps_Data_Tab                              0x200036b4   Data          50  f_print.o(.bss)
    __initial_sp                             0x20003ee8   Data           0  arm_startup_nrf51.o(STACK)



==============================================================================

Memory Map of the image

  Image Entry point : 0x000180c1

  Load Region LR_IROM1 (Base: 0x00018000, Size: 0x00016c78, Max: 0x00028000, ABSOLUTE, COMPRESSED[0x00016a58])

    Execution Region ER_IROM1 (Exec base: 0x00018000, Load base: 0x00018000, Size: 0x00016a08, Max: 0x00028000, ABSOLUTE)

    Exec Addr    Load Addr    Size         Type   Attr      Idx    E Section Name        Object

    0x00018000   0x00018000   0x000000c0   Data   RO          395    RESET               arm_startup_nrf51.o
    0x000180c0   0x000180c0   0x00000000   Code   RO         1825  * .ARM.Collect$$$$00000000  mc_p.l(entry.o)
    0x000180c0   0x000180c0   0x00000004   Code   RO         1852    .ARM.Collect$$$$00000001  mc_p.l(entry2.o)
    0x000180c4   0x000180c4   0x00000004   Code   RO         1855    .ARM.Collect$$$$00000004  mc_p.l(entry5.o)
    0x000180c8   0x000180c8   0x00000000   Code   RO         1857    .ARM.Collect$$$$00000008  mc_p.l(entry7b.o)
    0x000180c8   0x000180c8   0x00000000   Code   RO         1859    .ARM.Collect$$$$0000000A  mc_p.l(entry8b.o)
    0x000180c8   0x000180c8   0x00000008   Code   RO         1860    .ARM.Collect$$$$0000000B  mc_p.l(entry9a.o)
    0x000180d0   0x000180d0   0x00000000   Code   RO         1862    .ARM.Collect$$$$0000000D  mc_p.l(entry10a.o)
    0x000180d0   0x000180d0   0x00000000   Code   RO         1864    .ARM.Collect$$$$0000000F  mc_p.l(entry11a.o)
    0x000180d0   0x000180d0   0x00000004   Code   RO         1853    .ARM.Collect$$$$00002712  mc_p.l(entry2.o)
    0x000180d4   0x000180d4   0x0000001e   Code   RO          590    .emb_text           nrf_delay.o
    0x000180f2   0x000180f2   0x00000002   PAD
    0x000180f4   0x000180f4   0x0000001e   Code   RO          828    .emb_text           app_timer.o
    0x00018112   0x00018112   0x00000002   PAD
    0x00018114   0x00018114   0x0000001e   Code   RO          925    .emb_text           w25q32.o
    0x00018132   0x00018132   0x00000002   PAD
    0x00018134   0x00018134   0x0000001e   Code   RO          969    .emb_text           bl5372.o
    0x00018152   0x00018152   0x00000002   PAD
    0x00018154   0x00018154   0x0000001e   Code   RO         1054    .emb_text           flash_rw.o
    0x00018172   0x00018172   0x00000002   PAD
    0x00018174   0x00018174   0x0000001e   Code   RO         1123    .emb_text           speak.o
    0x00018192   0x00018192   0x00000002   PAD
    0x00018194   0x00018194   0x0000001e   Code   RO         1416    .emb_text           simple_uart.o
    0x000181b2   0x000181b2   0x00000002   PAD
    0x000181b4   0x000181b4   0x0000001e   Code   RO         1670    .emb_text           stm8_eval.o
    0x000181d2   0x000181d2   0x00000002   PAD
    0x000181d4   0x000181d4   0x0000001e   Code   RO         1710    .emb_text           mpr121.o
    0x000181f2   0x000181f2   0x00000002   PAD
    0x000181f4   0x000181f4   0x0000395c   Code   RO            4    .text               main.o
    0x0001bb50   0x0001bb50   0x000001d4   Code   RO          305    .text               bsp.o
    0x0001bd24   0x0001bd24   0x000001e0   Code   RO          373    .text               bsp_btn_ble.o
    0x0001bf04   0x0001bf04   0x00000038   Code   RO          396    .text               arm_startup_nrf51.o
    0x0001bf3c   0x0001bf3c   0x000000e8   Code   RO          402    .text               system_nrf51.o
    0x0001c024   0x0001c024   0x00000838   Code   RO          426    .text               ble_advdata.o
    0x0001c85c   0x0001c85c   0x00000700   Code   RO          449    .text               ble_advertising.o
    0x0001cf5c   0x0001cf5c   0x00000308   Code   RO          483    .text               ble_conn_params.o
    0x0001d264   0x0001d264   0x0000040c   Code   RO          515    .text               ble_nus.o
    0x0001d670   0x0001d670   0x0000001c   Code   RO          591    .text               nrf_delay.o
    0x0001d68c   0x0001d68c   0x000000ac   Code   RO          618    .text               nrf_drv_common.o
    0x0001d738   0x0001d738   0x000008c8   Code   RO          645    .text               nrf_drv_gpiote.o
    0x0001e000   0x0001e000   0x000006b4   Code   RO          686    .text               nrf_drv_uart.o
    0x0001e6b4   0x0001e6b4   0x00000fb4   Code   RO          724    .text               pstorage.o
    0x0001f668   0x0001f668   0x00000204   Code   RO          760    .text               app_button.o
    0x0001f86c   0x0001f86c   0x00000020   Code   RO          793    .text               app_error.o
    0x0001f88c   0x0001f88c   0x00000978   Code   RO          829    .text               app_timer.o
    0x00020204   0x00020204   0x000001a0   Code   RO          903    .text               softdevice_handler.o
    0x000203a4   0x000203a4   0x0000057c   Code   RO          926    .text               w25q32.o
    0x00020920   0x00020920   0x0000048c   Code   RO          970    .text               bl5372.o
    0x00020dac   0x00020dac   0x00000454   Code   RO         1006    .text               devic_init.o
    0x00021200   0x00021200   0x00004f0c   Code   RO         1055    .text               flash_rw.o
    0x0002610c   0x0002610c   0x00000188   Code   RO         1095    .text               moto_run.o
    0x00026294   0x00026294   0x000004d4   Code   RO         1124    .text               speak.o
    0x00026768   0x00026768   0x000000e0   Code   RO         1159    .text               adc.o
    0x00026848   0x00026848   0x00000048   Code   RO         1189    .text               nrf_wdt.o
    0x00026890   0x00026890   0x000001cc   Code   RO         1217    .text               key_run.o
    0x00026a5c   0x00026a5c   0x00002644   Code   RO         1255    .text               ble_data.o
    0x000290a0   0x000290a0   0x00000514   Code   RO         1293    .text               unix_time.o
    0x000295b4   0x000295b4   0x00000150   Code   RO         1417    .text               simple_uart.o
    0x00029704   0x00029704   0x00000fe8   Code   RO         1444    .text               act_password.o
    0x0002a6ec   0x0002a6ec   0x000000f8   Code   RO         1472    .text               sky1311_drv.o
    0x0002a7e4   0x0002a7e4   0x00000590   Code   RO         1504    .text               mifare1.o
    0x0002ad74   0x0002ad74   0x0000021e   Code   RO         1536    .text               iso14443b.o
    0x0002af92   0x0002af92   0x00000002   PAD
    0x0002af94   0x0002af94   0x00000438   Code   RO         1562    .text               iso14443a.o
    0x0002b3cc   0x0002b3cc   0x0000096c   Code   RO         1590    .text               sky1311t.o
    0x0002bd38   0x0002bd38   0x0000084c   Code   RO         1627    .text               cardoper.o
    0x0002c584   0x0002c584   0x000000c4   Code   RO         1671    .text               stm8_eval.o
    0x0002c648   0x0002c648   0x000007a0   Code   RO         1711    .text               mpr121.o
    0x0002cde8   0x0002cde8   0x00000590   Code   RO         1746    .text               uart_run.o
    0x0002d378   0x0002d378   0x00001018   Code   RO         1785    .text               f_print.o
    0x0002e390   0x0002e390   0x0000002c   Code   RO         1830    .text               mc_p.l(uidiv.o)
    0x0002e3bc   0x0002e3bc   0x00000028   Code   RO         1832    .text               mc_p.l(idiv.o)
    0x0002e3e4   0x0002e3e4   0x00000060   Code   RO         1834    .text               mc_p.l(uldiv.o)
    0x0002e444   0x0002e444   0x0000004c   Code   RO         1836    .text               mc_p.l(ldiv.o)
    0x0002e490   0x0002e490   0x0000007a   Code   RO         1838    .text               mc_p.l(llmul.o)
    0x0002e50a   0x0002e50a   0x00000024   Code   RO         1840    .text               mc_p.l(memcpya.o)
    0x0002e52e   0x0002e52e   0x00000024   Code   RO         1842    .text               mc_p.l(memseta.o)
    0x0002e552   0x0002e552   0x0000000e   Code   RO         1844    .text               mc_p.l(strlen.o)
    0x0002e560   0x0002e560   0x00000020   Code   RO         1866    .text               mc_p.l(llshl.o)
    0x0002e580   0x0002e580   0x00000022   Code   RO         1868    .text               mc_p.l(llushr.o)
    0x0002e5a2   0x0002e5a2   0x00000002   PAD
    0x0002e5a4   0x0002e5a4   0x00000024   Code   RO         1870    .text               mc_p.l(init.o)
    0x0002e5c8   0x0002e5c8   0x0000003a   Code   RO         1880    .text               mc_p.l(__dczerorl.o)
    0x0002e602   0x0002e602   0x0000001c   Code   RO           28    i.__ARM_common_switch8  main.o
    0x0002e61e   0x0002e61e   0x0000000e   Code   RO         1874    i.__scatterload_copy  mc_p.l(handlers.o)
    0x0002e62c   0x0002e62c   0x00000002   Code   RO         1875    i.__scatterload_null  mc_p.l(handlers.o)
    0x0002e62e   0x0002e62e   0x0000000e   Code   RO         1876    i.__scatterload_zeroinit  mc_p.l(handlers.o)
    0x0002e63c   0x0002e63c   0x00000026   Data   RO            6    .constdata          main.o
    0x0002e662   0x0002e662   0x00000002   PAD
    0x0002e664   0x0002e664   0x00000040   Data   RO          307    .constdata          bsp.o
    0x0002e6a4   0x0002e6a4   0x00000004   Data   RO          485    .constdata          ble_conn_params.o
    0x0002e6a8   0x0002e6a8   0x00000030   Data   RO          516    .constdata          ble_nus.o
    0x0002e6d8   0x0002e6d8   0x00000020   Data   RO          688    .constdata          nrf_drv_uart.o
    0x0002e6f8   0x0002e6f8   0x00000028   Data   RO          726    .constdata          pstorage.o
    0x0002e720   0x0002e720   0x00000008   Data   RO          762    .constdata          app_button.o
    0x0002e728   0x0002e728   0x0000004c   Data   RO         1057    .constdata          flash_rw.o
    0x0002e774   0x0002e774   0x00000018   Data   RO         1126    .constdata          speak.o
    0x0002e78c   0x0002e78c   0x00000004   Data   RO         1219    .constdata          key_run.o
    0x0002e790   0x0002e790   0x0000001c   Data   RO         1713    .constdata          mpr121.o
    0x0002e7ac   0x0002e7ac   0x0000003c   Data   RO         1748    .constdata          uart_run.o
    0x0002e7e8   0x0002e7e8   0x000001fe   Data   RO         1787    .constdata          f_print.o
    0x0002e9e6   0x0002e9e6   0x00000002   PAD
    0x0002e9e8   0x0002e9e8   0x00000020   Data   RO         1872    Region$$Table       anon$$obj.o


    Execution Region RW_IRAM1 (Exec base: 0x20002000, Load base: 0x0002ea08, Size: 0x00001ee8, Max: 0x00006000, ABSOLUTE, COMPRESSED[0x00000050])

    Exec Addr    Load Addr    Size         Type   Attr      Idx    E Section Name        Object

    0x20002000   COMPRESSED   0x000000ec   Data   RW            7    .data               main.o
    0x200020ec   COMPRESSED   0x00000008   Data   RW          374    .data               bsp_btn_ble.o
    0x200020f4   COMPRESSED   0x00000004   Data   RW          403    .data               system_nrf51.o
    0x200020f8   COMPRESSED   0x00000020   Data   RW          451    .data               ble_advertising.o
    0x20002118   COMPRESSED   0x00000015   Data   RW          486    .data               ble_conn_params.o
    0x2000212d   COMPRESSED   0x00000003   PAD
    0x20002130   COMPRESSED   0x00000028   Data   RW          727    .data               pstorage.o
    0x20002158   COMPRESSED   0x00000014   Data   RW          763    .data               app_button.o
    0x2000216c   COMPRESSED   0x00000022   Data   RW          830    .data               app_timer.o
    0x2000218e   COMPRESSED   0x00000002   PAD
    0x20002190   COMPRESSED   0x00000018   Data   RW          904    .data               softdevice_handler.o
    0x200021a8   COMPRESSED   0x00000011   Data   RW          928    .data               w25q32.o
    0x200021b9   COMPRESSED   0x00000016   Data   RW         1008    .data               devic_init.o
    0x200021cf   COMPRESSED   0x00000001   PAD
    0x200021d0   COMPRESSED   0x0000000c   Data   RW         1058    .data               flash_rw.o
    0x200021dc   COMPRESSED   0x00000001   Data   RW         1097    .data               moto_run.o
    0x200021dd   COMPRESSED   0x00000001   PAD
    0x200021de   COMPRESSED   0x00000004   Data   RW         1127    .data               speak.o
    0x200021e2   COMPRESSED   0x00000002   PAD
    0x200021e4   COMPRESSED   0x0000000c   Data   RW         1220    .data               key_run.o
    0x200021f0   COMPRESSED   0x00000024   Data   RW         1258    .data               ble_data.o
    0x20002214   COMPRESSED   0x00000012   Data   RW         1564    .data               iso14443a.o
    0x20002226   COMPRESSED   0x00000004   Data   RW         1592    .data               sky1311t.o
    0x2000222a   COMPRESSED   0x00000012   Data   RW         1714    .data               mpr121.o
    0x2000223c   COMPRESSED   0x0000000d   Data   RW         1749    .data               uart_run.o
    0x20002249   COMPRESSED   0x00000003   PAD
    0x2000224c   COMPRESSED   0x00000024   Data   RW         1788    .data               f_print.o
    0x20002270        -       0x00000cac   Zero   RW            5    .bss                main.o
    0x20002f1c        -       0x00000040   Zero   RW          306    .bss                bsp.o
    0x20002f5c        -       0x00000103   Zero   RW          450    .bss                ble_advertising.o
    0x2000305f   COMPRESSED   0x00000001   PAD
    0x20003060        -       0x0000003c   Zero   RW          484    .bss                ble_conn_params.o
    0x2000309c        -       0x0000006c   Zero   RW          646    .bss                nrf_drv_gpiote.o
    0x20003108        -       0x00000018   Zero   RW          687    .bss                nrf_drv_uart.o
    0x20003120        -       0x000000d8   Zero   RW          725    .bss                pstorage.o
    0x200031f8        -       0x00000020   Zero   RW          761    .bss                app_button.o
    0x20003218        -       0x00000040   Zero   RW          971    .bss                bl5372.o
    0x20003258        -       0x00000052   Zero   RW         1007    .bss                devic_init.o
    0x200032aa   COMPRESSED   0x00000002   PAD
    0x200032ac        -       0x00000081   Zero   RW         1056    .bss                flash_rw.o
    0x2000332d   COMPRESSED   0x00000003   PAD
    0x20003330        -       0x00000040   Zero   RW         1125    .bss                speak.o
    0x20003370        -       0x00000020   Zero   RW         1218    .bss                key_run.o
    0x20003390        -       0x000000e8   Zero   RW         1256    .bss                ble_data.o
    0x20003478        -       0x0000000c   Zero   RW         1294    .bss                unix_time.o
    0x20003484        -       0x0000002a   Zero   RW         1445    .bss                act_password.o
    0x200034ae   COMPRESSED   0x00000002   PAD
    0x200034b0        -       0x00000034   Zero   RW         1628    .bss                cardoper.o
    0x200034e4        -       0x0000005f   Zero   RW         1712    .bss                mpr121.o
    0x20003543   COMPRESSED   0x00000001   PAD
    0x20003544        -       0x00000150   Zero   RW         1747    .bss                uart_run.o
    0x20003694        -       0x00000052   Zero   RW         1786    .bss                f_print.o
    0x200036e6   COMPRESSED   0x00000002   PAD
    0x200036e8        -       0x00000800   Zero   RW          393    STACK               arm_startup_nrf51.o


==============================================================================

Image component sizes


      Code (inc. data)   RO Data    RW Data    ZI Data      Debug   Object Name

      4072        172          0          0         42       6459   act_password.o
       224         16          0          0          0       5513   adc.o
       516         36          8         20         32       8212   app_button.o
        32         10          0          0          0       6948   app_error.o
      2454        130          0         34          0      21957   app_timer.o
         0          0          0          0          0       1464   app_uart_fifo.o
        56         18        192          0       2048        748   arm_startup_nrf51.o
      1194         14          0          0         64       8683   bl5372.o
      2104          6          0          0          0      15494   ble_advdata.o
      1792        138          0         32        259       6790   ble_advertising.o
       776         38          4         21         60      14230   ble_conn_params.o
      9796        478          0         36        232      21721   ble_data.o
      1036         14         48          0          0       4770   ble_nus.o
       468         24         64          0         64       9582   bsp.o
       480         10          0          8          0       3897   bsp_btn_ble.o
      2124         52          0          0         52      10234   cardoper.o
      1108         90          0         22         82       3942   devic_init.o
      4120        284        510         36         82      13995   f_print.o
     20266        406         76         12        129      47366   flash_rw.o
      1080         20          0         18          0       5687   iso14443a.o
       542          0          0          0          0       3077   iso14443b.o
       460         40          4         12         32       6409   key_run.o
     14712       1192         38        236       3244     112320   main.o
      1424         18          0          0          0       6524   mifare1.o
       392         32          0          1          0       2271   moto_run.o
      1982         80         28         18         95      11771   mpr121.o
        58          4          0          0          0       1743   nrf_delay.o
       172         14          0          0          0       7772   nrf_drv_common.o
      2248         56          0          0        108      21040   nrf_drv_gpiote.o
      1716         38         32          0         24      23714   nrf_drv_uart.o
        72         22          0          0          0        580   nrf_wdt.o
      4020        142         40         40        216      20726   pstorage.o
       366         18          0          0          0       6624   simple_uart.o
       248          4          0          0          0       2541   sky1311_drv.o
      2412         22          0          4          0      11187   sky1311t.o
       416         30          0         24          0       4705   softdevice_handler.o
      1266         66         24          4         64       8431   speak.o
       226          4          0          0          0       7473   stm8_eval.o
       232         30          0          4          0       1457   system_nrf51.o
      1424        130         60         13        336       5109   uart_run.o
      1300        186          0          0         12       2661   unix_time.o
      1434         64          0         17          0      12658   w25q32.o

    ----------------------------------------------------------------------
     90840       4148       1164        624       7288     498485   Object Totals
         0          0         32          0          0          0   (incl. Generated)
        20          0          4         12         11          0   (incl. Padding)

    ----------------------------------------------------------------------

      Code (inc. data)   RO Data    RW Data    ZI Data      Debug   Library Member Name

        58          0          0          0          0          0   __dczerorl.o
         0          0          0          0          0          0   entry.o
         0          0          0          0          0          0   entry10a.o
         0          0          0          0          0          0   entry11a.o
         8          4          0          0          0          0   entry2.o
         4          0          0          0          0          0   entry5.o
         0          0          0          0          0          0   entry7b.o
         0          0          0          0          0          0   entry8b.o
         8          4          0          0          0          0   entry9a.o
        30          0          0          0          0          0   handlers.o
        40          0          0          0          0         72   idiv.o
        36          8          0          0          0         68   init.o
        76          0          0          0          0         76   ldiv.o
       122          0          0          0          0         84   llmul.o
        32          0          0          0          0         68   llshl.o
        34          0          0          0          0         68   llushr.o
        36          0          0          0          0         60   memcpya.o
        36          0          0          0          0        100   memseta.o
        14          0          0          0          0         60   strlen.o
        44          0          0          0          0         72   uidiv.o
        96          0          0          0          0         84   uldiv.o

    ----------------------------------------------------------------------
       676         16          0          0          0        812   Library Totals
         2          0          0          0          0          0   (incl. Padding)

    ----------------------------------------------------------------------

      Code (inc. data)   RO Data    RW Data    ZI Data      Debug   Library Name

       674         16          0          0          0        812   mc_p.l

    ----------------------------------------------------------------------
       676         16          0          0          0        812   Library Totals

    ----------------------------------------------------------------------

==============================================================================


      Code (inc. data)   RO Data    RW Data    ZI Data      Debug   

     91516       4164       1164        624       7288     496105   Grand Totals
     91516       4164       1164         80       7288     496105   ELF Image Totals (compressed)
     91516       4164       1164         80          0          0   ROM Totals

==============================================================================

    Total RO  Size (Code + RO Data)                92680 (  90.51kB)
    Total RW  Size (RW Data + ZI Data)              7912 (   7.73kB)
    Total ROM Size (Code + RO Data + RW Data)      92760 (  90.59kB)

==============================================================================

