<!doctype html public "-//w3c//dtd html 4.0 transitional//en">
<html><head>
<title>Static Call Graph - [.\_build\nrf51422_xxac_s110.axf]</title></head>
<body><HR>
<H1>Static Call Graph for image .\_build\nrf51422_xxac_s110.axf</H1><HR>
<BR><P>#&#060CALLGRAPH&#062# ARM Linker, 5060750: Last Updated: Thu Aug 05 17:04:08 2021
<BR><P>
<H3>Maximum Stack Usage =        892 bytes + Unknown(Cycles, Untraceable Function Pointers)</H3><H3>
Call chain for Maximum Stack Depth:</H3>
nus_data_handler &rArr; Data_Input &rArr; BLE_DAT_SW &rArr; BLE_Dat_Select &rArr; Add_Information_Run &rArr; Add_Flash_PassWord &rArr; Ev_Cat_Dat &rArr; SpiFlash_Read_Data &rArr; SpiFlash_Write_CMD &rArr; SpiFlash_WriteOneByte &rArr; SPI_Tranfer
<P>
<H3>
Mutually Recursive functions
</H3> <LI><a href="#[41]">__asm___11_nrf_delay_c_532987f3__nrf_delay_us</a>&nbsp;&nbsp;&nbsp;&rArr;&nbsp;&nbsp;&nbsp;<a href="#[41]">__asm___11_nrf_delay_c_532987f3__nrf_delay_us</a><BR>
 <LI><a href="#[46]">__asm___7_speak_c_4ad3d500__nrf_delay_us</a>&nbsp;&nbsp;&nbsp;&rArr;&nbsp;&nbsp;&nbsp;<a href="#[46]">__asm___7_speak_c_4ad3d500__nrf_delay_us</a><BR>
 <LI><a href="#[43]">__asm___8_W25Q32_C_40528c18__nrf_delay_us</a>&nbsp;&nbsp;&nbsp;&rArr;&nbsp;&nbsp;&nbsp;<a href="#[43]">__asm___8_W25Q32_C_40528c18__nrf_delay_us</a><BR>
 <LI><a href="#[45]">__asm___10_Flash_RW_c_445f4bf8__nrf_delay_us</a>&nbsp;&nbsp;&nbsp;&rArr;&nbsp;&nbsp;&nbsp;<a href="#[45]">__asm___10_Flash_RW_c_445f4bf8__nrf_delay_us</a><BR>
 <LI><a href="#[48]">__asm___11_stm8_eval_c_868ffd43__nrf_delay_us</a>&nbsp;&nbsp;&nbsp;&rArr;&nbsp;&nbsp;&nbsp;<a href="#[48]">__asm___11_stm8_eval_c_868ffd43__nrf_delay_us</a><BR>
 <LI><a href="#[49]">__asm___8_MPR121_C_9b5df030__nrf_delay_us</a>&nbsp;&nbsp;&nbsp;&rArr;&nbsp;&nbsp;&nbsp;<a href="#[49]">__asm___8_MPR121_C_9b5df030__nrf_delay_us</a><BR>
 <LI><a href="#[44]">__asm___8_BL5372_C_e370d2a4__nrf_delay_us</a>&nbsp;&nbsp;&nbsp;&rArr;&nbsp;&nbsp;&nbsp;<a href="#[44]">__asm___8_BL5372_C_e370d2a4__nrf_delay_us</a><BR>
 <LI><a href="#[42]">__asm___11_app_timer_c_cd27f9c3__nrf_delay_us</a>&nbsp;&nbsp;&nbsp;&rArr;&nbsp;&nbsp;&nbsp;<a href="#[42]">__asm___11_app_timer_c_cd27f9c3__nrf_delay_us</a><BR>
 <LI><a href="#[2]">NMI_Handler</a>&nbsp;&nbsp;&nbsp;&rArr;&nbsp;&nbsp;&nbsp;<a href="#[2]">NMI_Handler</a><BR>
 <LI><a href="#[3]">HardFault_Handler</a>&nbsp;&nbsp;&nbsp;&rArr;&nbsp;&nbsp;&nbsp;<a href="#[3]">HardFault_Handler</a><BR>
 <LI><a href="#[4]">SVC_Handler</a>&nbsp;&nbsp;&nbsp;&rArr;&nbsp;&nbsp;&nbsp;<a href="#[4]">SVC_Handler</a><BR>
 <LI><a href="#[5]">PendSV_Handler</a>&nbsp;&nbsp;&nbsp;&rArr;&nbsp;&nbsp;&nbsp;<a href="#[5]">PendSV_Handler</a><BR>
 <LI><a href="#[6]">SysTick_Handler</a>&nbsp;&nbsp;&nbsp;&rArr;&nbsp;&nbsp;&nbsp;<a href="#[6]">SysTick_Handler</a><BR>
 <LI><a href="#[d]">ADC_IRQHandler</a>&nbsp;&nbsp;&nbsp;&rArr;&nbsp;&nbsp;&nbsp;<a href="#[d]">ADC_IRQHandler</a><BR>
 <LI><a href="#[15c]">store_operation_execute</a>&nbsp;&nbsp;&nbsp;&rArr;&nbsp;&nbsp;&nbsp;<a href="#[14e]">sm_state_change</a><BR>
 <LI><a href="#[15a]">clear_operation_execute</a>&nbsp;&nbsp;&nbsp;&rArr;&nbsp;&nbsp;&nbsp;<a href="#[14e]">sm_state_change</a><BR>
 <LI><a href="#[155]">flash_write</a>&nbsp;&nbsp;&nbsp;&rArr;&nbsp;&nbsp;&nbsp;<a href="#[14f]">flash_api_err_code_process</a><BR>
 <LI><a href="#[151]">state_data_erase_entry_run</a>&nbsp;&nbsp;&nbsp;&rArr;&nbsp;&nbsp;&nbsp;<a href="#[150]">flash_page_erase</a><BR>
</UL>
<P>
<H3>
Function Pointers
</H3><UL>
 <LI><a href="#[d]">ADC_IRQHandler</a> from arm_startup_nrf51.o(.text) referenced from arm_startup_nrf51.o(RESET)
 <LI><a href="#[15]">CCM_AAR_IRQHandler</a> from arm_startup_nrf51.o(.text) referenced from arm_startup_nrf51.o(RESET)
 <LI><a href="#[14]">ECB_IRQHandler</a> from arm_startup_nrf51.o(.text) referenced from arm_startup_nrf51.o(RESET)
 <LI><a href="#[c]">GPIOTE_IRQHandler</a> from nrf_drv_gpiote.o(.text) referenced from arm_startup_nrf51.o(RESET)
 <LI><a href="#[3]">HardFault_Handler</a> from arm_startup_nrf51.o(.text) referenced from arm_startup_nrf51.o(RESET)
 <LI><a href="#[32]">LEDR_Close_Timer_Hander</a> from speak.o(.text) referenced from speak.o(.text)
 <LI><a href="#[19]">LPCOMP_IRQHandler</a> from arm_startup_nrf51.o(.text) referenced from arm_startup_nrf51.o(RESET)
 <LI><a href="#[33]">Moto_Timer_Hander</a> from key_run.o(.text) referenced from key_run.o(.text)
 <LI><a href="#[2]">NMI_Handler</a> from arm_startup_nrf51.o(.text) referenced from arm_startup_nrf51.o(RESET)
 <LI><a href="#[7]">POWER_CLOCK_IRQHandler</a> from arm_startup_nrf51.o(.text) referenced from arm_startup_nrf51.o(RESET)
 <LI><a href="#[5]">PendSV_Handler</a> from arm_startup_nrf51.o(.text) referenced from arm_startup_nrf51.o(RESET)
 <LI><a href="#[18]">QDEC_IRQHandler</a> from arm_startup_nrf51.o(.text) referenced from arm_startup_nrf51.o(RESET)
 <LI><a href="#[8]">RADIO_IRQHandler</a> from arm_startup_nrf51.o(.text) referenced from arm_startup_nrf51.o(RESET)
 <LI><a href="#[13]">RNG_IRQHandler</a> from arm_startup_nrf51.o(.text) referenced from arm_startup_nrf51.o(RESET)
 <LI><a href="#[11]">RTC0_IRQHandler</a> from arm_startup_nrf51.o(.text) referenced from arm_startup_nrf51.o(RESET)
 <LI><a href="#[17]">RTC1_IRQHandler</a> from app_timer.o(.text) referenced from arm_startup_nrf51.o(RESET)
 <LI><a href="#[28]">Read_Key</a> from main.o(.text) referenced from main.o(.text)
 <LI><a href="#[1]">Reset_Handler</a> from arm_startup_nrf51.o(.text) referenced from arm_startup_nrf51.o(RESET)
 <LI><a href="#[a]">SPI0_TWI0_IRQHandler</a> from arm_startup_nrf51.o(.text) referenced from arm_startup_nrf51.o(RESET)
 <LI><a href="#[b]">SPI1_TWI1_IRQHandler</a> from arm_startup_nrf51.o(.text) referenced from arm_startup_nrf51.o(RESET)
 <LI><a href="#[4]">SVC_Handler</a> from arm_startup_nrf51.o(.text) referenced from arm_startup_nrf51.o(RESET)
 <LI><a href="#[1a]">SWI0_IRQHandler</a> from app_timer.o(.text) referenced from arm_startup_nrf51.o(RESET)
 <LI><a href="#[1b]">SWI1_IRQHandler</a> from arm_startup_nrf51.o(.text) referenced from arm_startup_nrf51.o(RESET)
 <LI><a href="#[1c]">SWI2_IRQHandler</a> from softdevice_handler.o(.text) referenced from arm_startup_nrf51.o(RESET)
 <LI><a href="#[1d]">SWI3_IRQHandler</a> from arm_startup_nrf51.o(.text) referenced from arm_startup_nrf51.o(RESET)
 <LI><a href="#[1e]">SWI4_IRQHandler</a> from arm_startup_nrf51.o(.text) referenced from arm_startup_nrf51.o(RESET)
 <LI><a href="#[1f]">SWI5_IRQHandler</a> from arm_startup_nrf51.o(.text) referenced from arm_startup_nrf51.o(RESET)
 <LI><a href="#[6]">SysTick_Handler</a> from arm_startup_nrf51.o(.text) referenced from arm_startup_nrf51.o(RESET)
 <LI><a href="#[2c]">SystemInit</a> from system_nrf51.o(.text) referenced from arm_startup_nrf51.o(.text)
 <LI><a href="#[12]">TEMP_IRQHandler</a> from arm_startup_nrf51.o(.text) referenced from arm_startup_nrf51.o(RESET)
 <LI><a href="#[e]">TIMER0_IRQHandler</a> from arm_startup_nrf51.o(.text) referenced from arm_startup_nrf51.o(RESET)
 <LI><a href="#[f]">TIMER1_IRQHandler</a> from arm_startup_nrf51.o(.text) referenced from arm_startup_nrf51.o(RESET)
 <LI><a href="#[10]">TIMER2_IRQHandler</a> from speak.o(.text) referenced from arm_startup_nrf51.o(RESET)
 <LI><a href="#[29]">Timer_1_Handler</a> from main.o(.text) referenced from main.o(.text)
 <LI><a href="#[9]">UART0_IRQHandler</a> from nrf_drv_uart.o(.text) referenced from arm_startup_nrf51.o(RESET)
 <LI><a href="#[2a]">Uart_Close_Hander</a> from main.o(.text) referenced from main.o(.text)
 <LI><a href="#[16]">WDT_IRQHandler</a> from arm_startup_nrf51.o(.text) referenced from arm_startup_nrf51.o(RESET)
 <LI><a href="#[2d]">__main</a> from entry.o(.ARM.Collect$$$$00000000) referenced from arm_startup_nrf51.o(.text)
 <LI><a href="#[24]">ble_evt_dispatch</a> from main.o(.text) referenced from main.o(.text)
 <LI><a href="#[34]">bsp_button_event_handler</a> from bsp.o(.text) referenced 5 times from bsp.o(.constdata)
 <LI><a href="#[26]">bsp_event_handler</a> from main.o(.text) referenced from main.o(.text)
 <LI><a href="#[2b]">button_timer_handler</a> from bsp.o(.text) referenced from bsp.o(.text)
 <LI><a href="#[23]">conn_params_error_handler</a> from main.o(.text) referenced from main.o(.text)
 <LI><a href="#[3c]">data_page_erase_state_run</a> from pstorage.o(.text) referenced from pstorage.o(.constdata)
 <LI><a href="#[3b]">data_to_swap_write_state_run</a> from pstorage.o(.text) referenced from pstorage.o(.constdata)
 <LI><a href="#[30]">detection_delay_timeout_handler</a> from app_button.o(.text) referenced from app_button.o(.text)
 <LI><a href="#[2f]">gpiote_event_handler</a> from app_button.o(.text) referenced from app_button.o(.text)
 <LI><a href="#[3e]">head_restore_state_run</a> from pstorage.o(.text) referenced from pstorage.o(.constdata)
 <LI><a href="#[20]">main</a> from main.o(.text) referenced from entry9a.o(.ARM.Collect$$$$0000000B)
 <LI><a href="#[27]">my_timer_handler</a> from main.o(.text) referenced from main.o(.text)
 <LI><a href="#[21]">nus_data_handler</a> from main.o(.text) referenced from main.o(.text)
 <LI><a href="#[25]">on_adv_evt</a> from main.o(.text) referenced 3 times from main.o(.text)
 <LI><a href="#[22]">on_conn_params_evt</a> from main.o(.text) referenced from main.o(.text)
 <LI><a href="#[31]">softdevice_assertion_handler</a> from softdevice_handler.o(.text) referenced from softdevice_handler.o(.text)
 <LI><a href="#[37]">state_erase_data_page_entry_run</a> from pstorage.o(.text) referenced from pstorage.o(.constdata)
 <LI><a href="#[39]">state_restore_head_entry_run</a> from pstorage.o(.text) referenced from pstorage.o(.constdata)
 <LI><a href="#[38]">state_restore_tail_entry_run</a> from pstorage.o(.text) referenced from pstorage.o(.constdata)
 <LI><a href="#[35]">state_swap_erase_entry_run</a> from pstorage.o(.text) referenced from pstorage.o(.constdata)
 <LI><a href="#[36]">state_write_data_swap_entry_run</a> from pstorage.o(.text) referenced from pstorage.o(.constdata)
 <LI><a href="#[3a]">swap_erase_state_run</a> from pstorage.o(.text) referenced from pstorage.o(.constdata)
 <LI><a href="#[3d]">tail_restore_state_run</a> from pstorage.o(.text) referenced from pstorage.o(.constdata)
 <LI><a href="#[2e]">update_timeout_handler</a> from ble_conn_params.o(.text) referenced from ble_conn_params.o(.text)
</UL>
<P>
<H3>
Global Symbols
</H3>
<P><STRONG><a name="[2d]"></a>__main</STRONG> (Thumb, 0 bytes, Stack size unknown bytes, entry.o(.ARM.Collect$$$$00000000))
<BR>[Address Reference Count : 1]<UL><LI> arm_startup_nrf51.o(.text)
</UL>
<P><STRONG><a name="[292]"></a>_main_stk</STRONG> (Thumb, 0 bytes, Stack size unknown bytes, entry2.o(.ARM.Collect$$$$00000001))

<P><STRONG><a name="[3f]"></a>_main_scatterload</STRONG> (Thumb, 0 bytes, Stack size unknown bytes, entry5.o(.ARM.Collect$$$$00000004))
<BR><BR>[Calls]<UL><LI><a href="#[40]">&gt;&gt;</a>&nbsp;&nbsp;&nbsp;__scatterload
</UL>

<P><STRONG><a name="[291]"></a>__main_after_scatterload</STRONG> (Thumb, 0 bytes, Stack size unknown bytes, entry5.o(.ARM.Collect$$$$00000004))
<BR><BR>[Called By]<UL><LI><a href="#[40]">&gt;&gt;</a>&nbsp;&nbsp;&nbsp;__scatterload
</UL>

<P><STRONG><a name="[293]"></a>_main_clock</STRONG> (Thumb, 0 bytes, Stack size unknown bytes, entry7b.o(.ARM.Collect$$$$00000008))

<P><STRONG><a name="[294]"></a>_main_cpp_init</STRONG> (Thumb, 0 bytes, Stack size unknown bytes, entry8b.o(.ARM.Collect$$$$0000000A))

<P><STRONG><a name="[295]"></a>_main_init</STRONG> (Thumb, 0 bytes, Stack size unknown bytes, entry9a.o(.ARM.Collect$$$$0000000B))

<P><STRONG><a name="[296]"></a>__rt_final_cpp</STRONG> (Thumb, 0 bytes, Stack size unknown bytes, entry10a.o(.ARM.Collect$$$$0000000D))

<P><STRONG><a name="[297]"></a>__rt_final_exit</STRONG> (Thumb, 0 bytes, Stack size unknown bytes, entry11a.o(.ARM.Collect$$$$0000000F))

<P><STRONG><a name="[41]"></a>__asm___11_nrf_delay_c_532987f3__nrf_delay_us</STRONG> (Thumb, 30 bytes, Stack size 0 bytes, nrf_delay.o(.emb_text))
<BR><BR>[Calls]<UL><LI><a href="#[41]">&gt;&gt;</a>&nbsp;&nbsp;&nbsp;__asm___11_nrf_delay_c_532987f3__nrf_delay_us
</UL>
<BR>[Called By]<UL><LI><a href="#[41]">&gt;&gt;</a>&nbsp;&nbsp;&nbsp;__asm___11_nrf_delay_c_532987f3__nrf_delay_us
<LI><a href="#[50]">&gt;&gt;</a>&nbsp;&nbsp;&nbsp;nrf_delay_ms
</UL>

<P><STRONG><a name="[42]"></a>__asm___11_app_timer_c_cd27f9c3__nrf_delay_us</STRONG> (Thumb, 30 bytes, Stack size 0 bytes, app_timer.o(.emb_text))
<BR><BR>[Calls]<UL><LI><a href="#[42]">&gt;&gt;</a>&nbsp;&nbsp;&nbsp;__asm___11_app_timer_c_cd27f9c3__nrf_delay_us
</UL>
<BR>[Called By]<UL><LI><a href="#[42]">&gt;&gt;</a>&nbsp;&nbsp;&nbsp;__asm___11_app_timer_c_cd27f9c3__nrf_delay_us
<LI><a href="#[18b]">&gt;&gt;</a>&nbsp;&nbsp;&nbsp;compare_reg_update
<LI><a href="#[17f]">&gt;&gt;</a>&nbsp;&nbsp;&nbsp;rtc1_stop
<LI><a href="#[17c]">&gt;&gt;</a>&nbsp;&nbsp;&nbsp;rtc1_start
</UL>

<P><STRONG><a name="[43]"></a>__asm___8_W25Q32_C_40528c18__nrf_delay_us</STRONG> (Thumb, 30 bytes, Stack size 0 bytes, w25q32.o(.emb_text))
<BR><BR>[Calls]<UL><LI><a href="#[43]">&gt;&gt;</a>&nbsp;&nbsp;&nbsp;__asm___8_W25Q32_C_40528c18__nrf_delay_us
</UL>
<BR>[Called By]<UL><LI><a href="#[1ab]">&gt;&gt;</a>&nbsp;&nbsp;&nbsp;SPIFlash_CMD_init
<LI><a href="#[43]">&gt;&gt;</a>&nbsp;&nbsp;&nbsp;__asm___8_W25Q32_C_40528c18__nrf_delay_us
</UL>

<P><STRONG><a name="[44]"></a>__asm___8_BL5372_C_e370d2a4__nrf_delay_us</STRONG> (Thumb, 30 bytes, Stack size 0 bytes, bl5372.o(.emb_text))
<BR><BR>[Calls]<UL><LI><a href="#[44]">&gt;&gt;</a>&nbsp;&nbsp;&nbsp;__asm___8_BL5372_C_e370d2a4__nrf_delay_us
</UL>
<BR>[Called By]<UL><LI><a href="#[1ba]">&gt;&gt;</a>&nbsp;&nbsp;&nbsp;BLI2C_delay
<LI><a href="#[44]">&gt;&gt;</a>&nbsp;&nbsp;&nbsp;__asm___8_BL5372_C_e370d2a4__nrf_delay_us
</UL>

<P><STRONG><a name="[45]"></a>__asm___10_Flash_RW_c_445f4bf8__nrf_delay_us</STRONG> (Thumb, 30 bytes, Stack size 0 bytes, flash_rw.o(.emb_text))
<BR><BR>[Calls]<UL><LI><a href="#[45]">&gt;&gt;</a>&nbsp;&nbsp;&nbsp;__asm___10_Flash_RW_c_445f4bf8__nrf_delay_us
</UL>
<BR>[Called By]<UL><LI><a href="#[9a]">&gt;&gt;</a>&nbsp;&nbsp;&nbsp;SPI_Flash_Busy
<LI><a href="#[45]">&gt;&gt;</a>&nbsp;&nbsp;&nbsp;__asm___10_Flash_RW_c_445f4bf8__nrf_delay_us
</UL>

<P><STRONG><a name="[46]"></a>__asm___7_speak_c_4ad3d500__nrf_delay_us</STRONG> (Thumb, 30 bytes, Stack size 0 bytes, speak.o(.emb_text))
<BR><BR>[Calls]<UL><LI><a href="#[46]">&gt;&gt;</a>&nbsp;&nbsp;&nbsp;__asm___7_speak_c_4ad3d500__nrf_delay_us
</UL>
<BR>[Called By]<UL><LI><a href="#[200]">&gt;&gt;</a>&nbsp;&nbsp;&nbsp;input_abus_byte
<LI><a href="#[1fe]">&gt;&gt;</a>&nbsp;&nbsp;&nbsp;Buzzer_Cl
<LI><a href="#[1fd]">&gt;&gt;</a>&nbsp;&nbsp;&nbsp;Buzzer_Di
<LI><a href="#[1fc]">&gt;&gt;</a>&nbsp;&nbsp;&nbsp;Buzzer_Ok
<LI><a href="#[1fa]">&gt;&gt;</a>&nbsp;&nbsp;&nbsp;Buzzer_Error
<LI><a href="#[46]">&gt;&gt;</a>&nbsp;&nbsp;&nbsp;__asm___7_speak_c_4ad3d500__nrf_delay_us
</UL>

<P><STRONG><a name="[47]"></a>__asm___13_simple_uart_c_5dda6715__nrf_delay_us</STRONG> (Thumb, 30 bytes, Stack size 0 bytes, simple_uart.o(.emb_text), UNUSED)
<BR><BR>[Calls]<UL><LI><a href="#[47]">&gt;&gt;</a>&nbsp;&nbsp;&nbsp;__asm___13_simple_uart_c_5dda6715__nrf_delay_us
</UL>
<BR>[Called By]<UL><LI><a href="#[223]">&gt;&gt;</a>&nbsp;&nbsp;&nbsp;simple_uart_get_with_timeout
<LI><a href="#[47]">&gt;&gt;</a>&nbsp;&nbsp;&nbsp;__asm___13_simple_uart_c_5dda6715__nrf_delay_us
</UL>

<P><STRONG><a name="[48]"></a>__asm___11_stm8_eval_c_868ffd43__nrf_delay_us</STRONG> (Thumb, 30 bytes, Stack size 0 bytes, stm8_eval.o(.emb_text))
<BR><BR>[Calls]<UL><LI><a href="#[48]">&gt;&gt;</a>&nbsp;&nbsp;&nbsp;__asm___11_stm8_eval_c_868ffd43__nrf_delay_us
</UL>
<BR>[Called By]<UL><LI><a href="#[48]">&gt;&gt;</a>&nbsp;&nbsp;&nbsp;__asm___11_stm8_eval_c_868ffd43__nrf_delay_us
<LI><a href="#[24e]">&gt;&gt;</a>&nbsp;&nbsp;&nbsp;delay
</UL>

<P><STRONG><a name="[49]"></a>__asm___8_MPR121_C_9b5df030__nrf_delay_us</STRONG> (Thumb, 30 bytes, Stack size 0 bytes, mpr121.o(.emb_text))
<BR><BR>[Calls]<UL><LI><a href="#[49]">&gt;&gt;</a>&nbsp;&nbsp;&nbsp;__asm___8_MPR121_C_9b5df030__nrf_delay_us
</UL>
<BR>[Called By]<UL><LI><a href="#[273]">&gt;&gt;</a>&nbsp;&nbsp;&nbsp;I2C_delay
<LI><a href="#[49]">&gt;&gt;</a>&nbsp;&nbsp;&nbsp;__asm___8_MPR121_C_9b5df030__nrf_delay_us
</UL>

<P><STRONG><a name="[4a]"></a>assert_nrf_callback</STRONG> (Thumb, 18 bytes, Stack size 16 bytes, main.o(.text))
<BR><BR>[Stack]<UL><LI>Max Depth = 16<LI>Call Chain = assert_nrf_callback
</UL>
<BR>[Calls]<UL><LI><a href="#[4b]">&gt;&gt;</a>&nbsp;&nbsp;&nbsp;app_error_handler
</UL>
<BR>[Called By]<UL><LI><a href="#[31]">&gt;&gt;</a>&nbsp;&nbsp;&nbsp;softdevice_assertion_handler
</UL>

<P><STRONG><a name="[4e]"></a>BLE_TX_Run</STRONG> (Thumb, 62 bytes, Stack size 24 bytes, main.o(.text))
<BR><BR>[Stack]<UL><LI>Max Depth = 64<LI>Call Chain = BLE_TX_Run &rArr; ble_nus_string_send
</UL>
<BR>[Calls]<UL><LI><a href="#[50]">&gt;&gt;</a>&nbsp;&nbsp;&nbsp;nrf_delay_ms
<LI><a href="#[4f]">&gt;&gt;</a>&nbsp;&nbsp;&nbsp;ble_nus_string_send
<LI><a href="#[4b]">&gt;&gt;</a>&nbsp;&nbsp;&nbsp;app_error_handler
</UL>
<BR>[Called By]<UL><LI><a href="#[72]">&gt;&gt;</a>&nbsp;&nbsp;&nbsp;Manual_Add_Card_ACK
<LI><a href="#[220]">&gt;&gt;</a>&nbsp;&nbsp;&nbsp;EX_BLE_ACK_Run
<LI><a href="#[21d]">&gt;&gt;</a>&nbsp;&nbsp;&nbsp;Mate_Command_Run
<LI><a href="#[21c]">&gt;&gt;</a>&nbsp;&nbsp;&nbsp;Time_Ref_Run
<LI><a href="#[21b]">&gt;&gt;</a>&nbsp;&nbsp;&nbsp;Get_Time_Run
<LI><a href="#[219]">&gt;&gt;</a>&nbsp;&nbsp;&nbsp;APP_OpenLock_Run
<LI><a href="#[218]">&gt;&gt;</a>&nbsp;&nbsp;&nbsp;Add_Information_Run
<LI><a href="#[217]">&gt;&gt;</a>&nbsp;&nbsp;&nbsp;Del_Information_Run
<LI><a href="#[215]">&gt;&gt;</a>&nbsp;&nbsp;&nbsp;Del_A_PassWord_Run
<LI><a href="#[214]">&gt;&gt;</a>&nbsp;&nbsp;&nbsp;Del_Mate_Run
<LI><a href="#[213]">&gt;&gt;</a>&nbsp;&nbsp;&nbsp;Read_OP_Door_note
<LI><a href="#[212]">&gt;&gt;</a>&nbsp;&nbsp;&nbsp;TX_Door_note
<LI><a href="#[211]">&gt;&gt;</a>&nbsp;&nbsp;&nbsp;CL_Door_note
<LI><a href="#[20d]">&gt;&gt;</a>&nbsp;&nbsp;&nbsp;Normally_Open_Door_Run
<LI><a href="#[20c]">&gt;&gt;</a>&nbsp;&nbsp;&nbsp;More_Act_PassWord_Mode_Run
<LI><a href="#[20b]">&gt;&gt;</a>&nbsp;&nbsp;&nbsp;Del_A_More_Act_PassWord_Run
</UL>

<P><STRONG><a name="[54]"></a>Dis_Conner</STRONG> (Thumb, 38 bytes, Stack size 16 bytes, main.o(.text))
<BR><BR>[Stack]<UL><LI>Max Depth = 16<LI>Call Chain = Dis_Conner
</UL>
<BR>[Calls]<UL><LI><a href="#[4b]">&gt;&gt;</a>&nbsp;&nbsp;&nbsp;app_error_handler
</UL>
<BR>[Called By]<UL><LI><a href="#[27]">&gt;&gt;</a>&nbsp;&nbsp;&nbsp;my_timer_handler
<LI><a href="#[21f]">&gt;&gt;</a>&nbsp;&nbsp;&nbsp;BLE_DAT_SW
<LI><a href="#[21e]">&gt;&gt;</a>&nbsp;&nbsp;&nbsp;BLE_Dat_Select
</UL>

<P><STRONG><a name="[63]"></a>SKY1311_RC_VALUE</STRONG> (Thumb, 116 bytes, Stack size 8 bytes, main.o(.text))
<BR><BR>[Stack]<UL><LI>Max Depth = 76<LI>Call Chain = SKY1311_RC_VALUE &rArr; Spi_Flash_Init &rArr; SPI_Flash_Start &rArr; spi_master_init &rArr; nrf_gpio_cfg_input &rArr; nrf_gpio_cfg
</UL>
<BR>[Calls]<UL><LI><a href="#[66]">&gt;&gt;</a>&nbsp;&nbsp;&nbsp;sky1311Reset
<LI><a href="#[69]">&gt;&gt;</a>&nbsp;&nbsp;&nbsp;sky1311RCFreqCali
<LI><a href="#[50]">&gt;&gt;</a>&nbsp;&nbsp;&nbsp;nrf_delay_ms
<LI><a href="#[67]">&gt;&gt;</a>&nbsp;&nbsp;&nbsp;mpr121_Run
<LI><a href="#[65]">&gt;&gt;</a>&nbsp;&nbsp;&nbsp;irqClearAll
<LI><a href="#[6a]">&gt;&gt;</a>&nbsp;&nbsp;&nbsp;TSM12_Init
<LI><a href="#[6c]">&gt;&gt;</a>&nbsp;&nbsp;&nbsp;Spi_Flash_Sleep
<LI><a href="#[64]">&gt;&gt;</a>&nbsp;&nbsp;&nbsp;Spi_Flash_Init
<LI><a href="#[6b]">&gt;&gt;</a>&nbsp;&nbsp;&nbsp;nrf_gpio_pin_clear
<LI><a href="#[68]">&gt;&gt;</a>&nbsp;&nbsp;&nbsp;nrf_gpio_pin_set
</UL>
<BR>[Called By]<UL><LI><a href="#[20]">&gt;&gt;</a>&nbsp;&nbsp;&nbsp;main
<LI><a href="#[27]">&gt;&gt;</a>&nbsp;&nbsp;&nbsp;my_timer_handler
</UL>

<P><STRONG><a name="[6d]"></a>CL_LED_Cheak_RC_Value</STRONG> (Thumb, 72 bytes, Stack size 8 bytes, main.o(.text))
<BR><BR>[Stack]<UL><LI>Max Depth = 76<LI>Call Chain = CL_LED_Cheak_RC_Value &rArr; Spi_Flash_Init &rArr; SPI_Flash_Start &rArr; spi_master_init &rArr; nrf_gpio_cfg_input &rArr; nrf_gpio_cfg
</UL>
<BR>[Calls]<UL><LI><a href="#[66]">&gt;&gt;</a>&nbsp;&nbsp;&nbsp;sky1311Reset
<LI><a href="#[69]">&gt;&gt;</a>&nbsp;&nbsp;&nbsp;sky1311RCFreqCali
<LI><a href="#[50]">&gt;&gt;</a>&nbsp;&nbsp;&nbsp;nrf_delay_ms
<LI><a href="#[65]">&gt;&gt;</a>&nbsp;&nbsp;&nbsp;irqClearAll
<LI><a href="#[6c]">&gt;&gt;</a>&nbsp;&nbsp;&nbsp;Spi_Flash_Sleep
<LI><a href="#[64]">&gt;&gt;</a>&nbsp;&nbsp;&nbsp;Spi_Flash_Init
<LI><a href="#[6b]">&gt;&gt;</a>&nbsp;&nbsp;&nbsp;nrf_gpio_pin_clear
</UL>
<BR>[Called By]<UL><LI><a href="#[8d]">&gt;&gt;</a>&nbsp;&nbsp;&nbsp;SKY1311_State
</UL>

<P><STRONG><a name="[26]"></a>bsp_event_handler</STRONG> (Thumb, 2 bytes, Stack size 0 bytes, main.o(.text))
<BR>[Address Reference Count : 1]<UL><LI> main.o(.text)
</UL>
<P><STRONG><a name="[6e]"></a>Marnual_Add_Run</STRONG> (Thumb, 596 bytes, Stack size 8 bytes, main.o(.text))
<BR><BR>[Stack]<UL><LI>Max Depth = 444<LI>Call Chain = Marnual_Add_Run &rArr; Add_Flash_US_TypeB_Data &rArr; Ev_Cat_Dat &rArr; SpiFlash_Read_Data &rArr; SpiFlash_Write_CMD &rArr; SpiFlash_WriteOneByte &rArr; SPI_Tranfer
</UL>
<BR>[Calls]<UL><LI><a href="#[71]">&gt;&gt;</a>&nbsp;&nbsp;&nbsp;input_speak
<LI><a href="#[6c]">&gt;&gt;</a>&nbsp;&nbsp;&nbsp;Spi_Flash_Sleep
<LI><a href="#[64]">&gt;&gt;</a>&nbsp;&nbsp;&nbsp;Spi_Flash_Init
<LI><a href="#[70]">&gt;&gt;</a>&nbsp;&nbsp;&nbsp;SpiFlash_PowerDown
<LI><a href="#[72]">&gt;&gt;</a>&nbsp;&nbsp;&nbsp;Manual_Add_Card_ACK
<LI><a href="#[75]">&gt;&gt;</a>&nbsp;&nbsp;&nbsp;Add_Flash_US_TypeB_Data
<LI><a href="#[73]">&gt;&gt;</a>&nbsp;&nbsp;&nbsp;Add_Flash_US_TypeA_Data
<LI><a href="#[74]">&gt;&gt;</a>&nbsp;&nbsp;&nbsp;Add_Flash_AD_TypeB_Data
<LI><a href="#[6f]">&gt;&gt;</a>&nbsp;&nbsp;&nbsp;Add_Flash_AD_TypeA_Data
</UL>
<BR>[Called By]<UL><LI><a href="#[7d]">&gt;&gt;</a>&nbsp;&nbsp;&nbsp;bsp_event_handler_O
</UL>

<P><STRONG><a name="[78]"></a>Start_Key_Run</STRONG> (Thumb, 252 bytes, Stack size 16 bytes, main.o(.text))
<BR><BR>[Stack]<UL><LI>Max Depth = 464<LI>Call Chain = Start_Key_Run &rArr; AC_advertising_init &rArr; ble_advertising_init &rArr; ble_advdata_set &rArr; adv_data_encode &rArr; uuid_list_encode &rArr; uuid_list_sized_encode
</UL>
<BR>[Calls]<UL><LI><a href="#[66]">&gt;&gt;</a>&nbsp;&nbsp;&nbsp;sky1311Reset
<LI><a href="#[50]">&gt;&gt;</a>&nbsp;&nbsp;&nbsp;nrf_delay_ms
<LI><a href="#[65]">&gt;&gt;</a>&nbsp;&nbsp;&nbsp;irqClearAll
<LI><a href="#[7b]">&gt;&gt;</a>&nbsp;&nbsp;&nbsp;checkCardInit
<LI><a href="#[7c]">&gt;&gt;</a>&nbsp;&nbsp;&nbsp;ble_advertising_start
<LI><a href="#[79]">&gt;&gt;</a>&nbsp;&nbsp;&nbsp;app_timer_start
<LI><a href="#[4b]">&gt;&gt;</a>&nbsp;&nbsp;&nbsp;app_error_handler
<LI><a href="#[7a]">&gt;&gt;</a>&nbsp;&nbsp;&nbsp;TSM12_Exit_Sleep_Mode
<LI><a href="#[6c]">&gt;&gt;</a>&nbsp;&nbsp;&nbsp;Spi_Flash_Sleep
<LI><a href="#[64]">&gt;&gt;</a>&nbsp;&nbsp;&nbsp;Spi_Flash_Init
<LI><a href="#[68]">&gt;&gt;</a>&nbsp;&nbsp;&nbsp;nrf_gpio_pin_set
<LI><a href="#[76]">&gt;&gt;</a>&nbsp;&nbsp;&nbsp;AC_advertising_init
<LI><a href="#[4c]">&gt;&gt;</a>&nbsp;&nbsp;&nbsp;gap_params_init
</UL>
<BR>[Called By]<UL><LI><a href="#[7d]">&gt;&gt;</a>&nbsp;&nbsp;&nbsp;bsp_event_handler_O
<LI><a href="#[210]">&gt;&gt;</a>&nbsp;&nbsp;&nbsp;Manual_Add_Card
</UL>

<P><STRONG><a name="[7d]"></a>bsp_event_handler_O</STRONG> (Thumb, 2672 bytes, Stack size 24 bytes, main.o(.text))
<BR><BR>[Stack]<UL><LI>Max Depth = 516<LI>Call Chain = bsp_event_handler_O &rArr; Data_Card_Run &rArr; Ev_Cat_Dat &rArr; SpiFlash_Read_Data &rArr; SpiFlash_Write_CMD &rArr; SpiFlash_WriteOneByte &rArr; SPI_Tranfer
</UL>
<BR>[Calls]<UL><LI><a href="#[66]">&gt;&gt;</a>&nbsp;&nbsp;&nbsp;sky1311Reset
<LI><a href="#[7f]">&gt;&gt;</a>&nbsp;&nbsp;&nbsp;sky1311ReadReg
<LI><a href="#[50]">&gt;&gt;</a>&nbsp;&nbsp;&nbsp;nrf_delay_ms
<LI><a href="#[67]">&gt;&gt;</a>&nbsp;&nbsp;&nbsp;mpr121_Run
<LI><a href="#[65]">&gt;&gt;</a>&nbsp;&nbsp;&nbsp;irqClearAll
<LI><a href="#[71]">&gt;&gt;</a>&nbsp;&nbsp;&nbsp;input_speak
<LI><a href="#[7b]">&gt;&gt;</a>&nbsp;&nbsp;&nbsp;checkCardInit
<LI><a href="#[80]">&gt;&gt;</a>&nbsp;&nbsp;&nbsp;checkCardDeinit
<LI><a href="#[7c]">&gt;&gt;</a>&nbsp;&nbsp;&nbsp;ble_advertising_start
<LI><a href="#[79]">&gt;&gt;</a>&nbsp;&nbsp;&nbsp;app_timer_start
<LI><a href="#[4b]">&gt;&gt;</a>&nbsp;&nbsp;&nbsp;app_error_handler
<LI><a href="#[82]">&gt;&gt;</a>&nbsp;&nbsp;&nbsp;Type_B_Rrun
<LI><a href="#[81]">&gt;&gt;</a>&nbsp;&nbsp;&nbsp;Type_A_Rrun
<LI><a href="#[83]">&gt;&gt;</a>&nbsp;&nbsp;&nbsp;Type_A_Null_Key_Rrun
<LI><a href="#[8a]">&gt;&gt;</a>&nbsp;&nbsp;&nbsp;Time_to_Unix
<LI><a href="#[7a]">&gt;&gt;</a>&nbsp;&nbsp;&nbsp;TSM12_Exit_Sleep_Mode
<LI><a href="#[6c]">&gt;&gt;</a>&nbsp;&nbsp;&nbsp;Spi_Flash_Sleep
<LI><a href="#[64]">&gt;&gt;</a>&nbsp;&nbsp;&nbsp;Spi_Flash_Init
<LI><a href="#[8c]">&gt;&gt;</a>&nbsp;&nbsp;&nbsp;Need_TypeB_Data_SN
<LI><a href="#[88]">&gt;&gt;</a>&nbsp;&nbsp;&nbsp;Need_TypeA_Data_SN
<LI><a href="#[86]">&gt;&gt;</a>&nbsp;&nbsp;&nbsp;Lock_Open
<LI><a href="#[89]">&gt;&gt;</a>&nbsp;&nbsp;&nbsp;Get_Time
<LI><a href="#[84]">&gt;&gt;</a>&nbsp;&nbsp;&nbsp;Devic_static_read
<LI><a href="#[85]">&gt;&gt;</a>&nbsp;&nbsp;&nbsp;Data_Card_Run
<LI><a href="#[87]">&gt;&gt;</a>&nbsp;&nbsp;&nbsp;ADD_Op_Door_Note
<LI><a href="#[78]">&gt;&gt;</a>&nbsp;&nbsp;&nbsp;Start_Key_Run
<LI><a href="#[6e]">&gt;&gt;</a>&nbsp;&nbsp;&nbsp;Marnual_Add_Run
<LI><a href="#[7e]">&gt;&gt;</a>&nbsp;&nbsp;&nbsp;nrf_gpio_pin_read
<LI><a href="#[6b]">&gt;&gt;</a>&nbsp;&nbsp;&nbsp;nrf_gpio_pin_clear
<LI><a href="#[68]">&gt;&gt;</a>&nbsp;&nbsp;&nbsp;nrf_gpio_pin_set
<LI><a href="#[76]">&gt;&gt;</a>&nbsp;&nbsp;&nbsp;AC_advertising_init
<LI><a href="#[4c]">&gt;&gt;</a>&nbsp;&nbsp;&nbsp;gap_params_init
<LI><a href="#[8b]">&gt;&gt;</a>&nbsp;&nbsp;&nbsp;nrf_gpio_cfg_input
</UL>
<BR>[Called By]<UL><LI><a href="#[34]">&gt;&gt;</a>&nbsp;&nbsp;&nbsp;bsp_button_event_handler
</UL>

<P><STRONG><a name="[8d]"></a>SKY1311_State</STRONG> (Thumb, 290 bytes, Stack size 8 bytes, main.o(.text))
<BR><BR>[Stack]<UL><LI>Max Depth = 96<LI>Call Chain = SKY1311_State &rArr; app_timer_start &rArr; timer_start_op_schedule &rArr; user_op_alloc
</UL>
<BR>[Calls]<UL><LI><a href="#[66]">&gt;&gt;</a>&nbsp;&nbsp;&nbsp;sky1311Reset
<LI><a href="#[65]">&gt;&gt;</a>&nbsp;&nbsp;&nbsp;irqClearAll
<LI><a href="#[8f]">&gt;&gt;</a>&nbsp;&nbsp;&nbsp;checkCardRemove
<LI><a href="#[7b]">&gt;&gt;</a>&nbsp;&nbsp;&nbsp;checkCardInit
<LI><a href="#[8e]">&gt;&gt;</a>&nbsp;&nbsp;&nbsp;app_timer_stop
<LI><a href="#[79]">&gt;&gt;</a>&nbsp;&nbsp;&nbsp;app_timer_start
<LI><a href="#[6c]">&gt;&gt;</a>&nbsp;&nbsp;&nbsp;Spi_Flash_Sleep
<LI><a href="#[64]">&gt;&gt;</a>&nbsp;&nbsp;&nbsp;Spi_Flash_Init
<LI><a href="#[6d]">&gt;&gt;</a>&nbsp;&nbsp;&nbsp;CL_LED_Cheak_RC_Value
</UL>
<BR>[Called By]<UL><LI><a href="#[29]">&gt;&gt;</a>&nbsp;&nbsp;&nbsp;Timer_1_Handler
</UL>

<P><STRONG><a name="[91]"></a>ref_BLE_Adv</STRONG> (Thumb, 338 bytes, Stack size 16 bytes, main.o(.text))
<BR><BR>[Stack]<UL><LI>Max Depth = 464<LI>Call Chain = ref_BLE_Adv &rArr; advertising_init &rArr; ble_advertising_init &rArr; ble_advdata_set &rArr; adv_data_encode &rArr; uuid_list_encode &rArr; uuid_list_sized_encode
</UL>
<BR>[Calls]<UL><LI><a href="#[90]">&gt;&gt;</a>&nbsp;&nbsp;&nbsp;advertising_init
<LI><a href="#[76]">&gt;&gt;</a>&nbsp;&nbsp;&nbsp;AC_advertising_init
<LI><a href="#[4c]">&gt;&gt;</a>&nbsp;&nbsp;&nbsp;gap_params_init
</UL>
<BR>[Called By]<UL><LI><a href="#[20]">&gt;&gt;</a>&nbsp;&nbsp;&nbsp;main
<LI><a href="#[29]">&gt;&gt;</a>&nbsp;&nbsp;&nbsp;Timer_1_Handler
<LI><a href="#[28]">&gt;&gt;</a>&nbsp;&nbsp;&nbsp;Read_Key
<LI><a href="#[21d]">&gt;&gt;</a>&nbsp;&nbsp;&nbsp;Mate_Command_Run
<LI><a href="#[214]">&gt;&gt;</a>&nbsp;&nbsp;&nbsp;Del_Mate_Run
</UL>

<P><STRONG><a name="[29]"></a>Timer_1_Handler</STRONG> (Thumb, 228 bytes, Stack size 8 bytes, main.o(.text))
<BR><BR>[Stack]<UL><LI>Max Depth = 472<LI>Call Chain = Timer_1_Handler &rArr; ref_BLE_Adv &rArr; advertising_init &rArr; ble_advertising_init &rArr; ble_advdata_set &rArr; adv_data_encode &rArr; uuid_list_encode &rArr; uuid_list_sized_encode
</UL>
<BR>[Calls]<UL><LI><a href="#[50]">&gt;&gt;</a>&nbsp;&nbsp;&nbsp;nrf_delay_ms
<LI><a href="#[71]">&gt;&gt;</a>&nbsp;&nbsp;&nbsp;input_speak
<LI><a href="#[8e]">&gt;&gt;</a>&nbsp;&nbsp;&nbsp;app_timer_stop
<LI><a href="#[6c]">&gt;&gt;</a>&nbsp;&nbsp;&nbsp;Spi_Flash_Sleep
<LI><a href="#[64]">&gt;&gt;</a>&nbsp;&nbsp;&nbsp;Spi_Flash_Init
<LI><a href="#[70]">&gt;&gt;</a>&nbsp;&nbsp;&nbsp;SpiFlash_PowerDown
<LI><a href="#[9a]">&gt;&gt;</a>&nbsp;&nbsp;&nbsp;SPI_Flash_Busy
<LI><a href="#[92]">&gt;&gt;</a>&nbsp;&nbsp;&nbsp;SPIFlash_Erase_Sector
<LI><a href="#[99]">&gt;&gt;</a>&nbsp;&nbsp;&nbsp;Erase_US_TypeB_Sector
<LI><a href="#[97]">&gt;&gt;</a>&nbsp;&nbsp;&nbsp;Erase_US_TypeA_Sector
<LI><a href="#[98]">&gt;&gt;</a>&nbsp;&nbsp;&nbsp;Erase_AD_TypeB_Sector
<LI><a href="#[96]">&gt;&gt;</a>&nbsp;&nbsp;&nbsp;Erase_AD_TypeA_Sector
<LI><a href="#[84]">&gt;&gt;</a>&nbsp;&nbsp;&nbsp;Devic_static_read
<LI><a href="#[94]">&gt;&gt;</a>&nbsp;&nbsp;&nbsp;CL_Flash_PassWord
<LI><a href="#[95]">&gt;&gt;</a>&nbsp;&nbsp;&nbsp;CL_Flash_OPEN_DOOR_NOTE
<LI><a href="#[93]">&gt;&gt;</a>&nbsp;&nbsp;&nbsp;CL_FlashWord_Num
<LI><a href="#[91]">&gt;&gt;</a>&nbsp;&nbsp;&nbsp;ref_BLE_Adv
<LI><a href="#[8d]">&gt;&gt;</a>&nbsp;&nbsp;&nbsp;SKY1311_State
<LI><a href="#[7e]">&gt;&gt;</a>&nbsp;&nbsp;&nbsp;nrf_gpio_pin_read
<LI><a href="#[6b]">&gt;&gt;</a>&nbsp;&nbsp;&nbsp;nrf_gpio_pin_clear
<LI><a href="#[68]">&gt;&gt;</a>&nbsp;&nbsp;&nbsp;nrf_gpio_pin_set
</UL>
<BR>[Address Reference Count : 1]<UL><LI> main.o(.text)
</UL>
<P><STRONG><a name="[9b]"></a>uart_init</STRONG> (Thumb, 32 bytes, Stack size 8 bytes, main.o(.text), UNUSED)
<BR><BR>[Calls]<UL><LI><a href="#[9c]">&gt;&gt;</a>&nbsp;&nbsp;&nbsp;simple_uart_config
<LI><a href="#[50]">&gt;&gt;</a>&nbsp;&nbsp;&nbsp;nrf_delay_ms
</UL>

<P><STRONG><a name="[9d]"></a>Uart_Start_TC</STRONG> (Thumb, 70 bytes, Stack size 16 bytes, main.o(.text))
<BR><BR>[Stack]<UL><LI>Max Depth = 104<LI>Call Chain = Uart_Start_TC &rArr; app_timer_start &rArr; timer_start_op_schedule &rArr; user_op_alloc
</UL>
<BR>[Calls]<UL><LI><a href="#[9c]">&gt;&gt;</a>&nbsp;&nbsp;&nbsp;simple_uart_config
<LI><a href="#[50]">&gt;&gt;</a>&nbsp;&nbsp;&nbsp;nrf_delay_ms
<LI><a href="#[79]">&gt;&gt;</a>&nbsp;&nbsp;&nbsp;app_timer_start
<LI><a href="#[4b]">&gt;&gt;</a>&nbsp;&nbsp;&nbsp;app_error_handler
</UL>
<BR>[Called By]<UL><LI><a href="#[cd]">&gt;&gt;</a>&nbsp;&nbsp;&nbsp;Uart_Put_String
</UL>

<P><STRONG><a name="[be]"></a>close_uart</STRONG> (Thumb, 12 bytes, Stack size 0 bytes, main.o(.text))
<BR><BR>[Called By]<UL><LI><a href="#[2a]">&gt;&gt;</a>&nbsp;&nbsp;&nbsp;Uart_Close_Hander
</UL>

<P><STRONG><a name="[9e]"></a>advertising_IDLE_Init</STRONG> (Thumb, 112 bytes, Stack size 168 bytes, main.o(.text), UNUSED)
<BR><BR>[Calls]<UL><LI><a href="#[77]">&gt;&gt;</a>&nbsp;&nbsp;&nbsp;ble_advertising_init
<LI><a href="#[4b]">&gt;&gt;</a>&nbsp;&nbsp;&nbsp;app_error_handler
<LI><a href="#[56]">&gt;&gt;</a>&nbsp;&nbsp;&nbsp;__aeabi_memclr4
</UL>

<P><STRONG><a name="[a3]"></a>mac_set</STRONG> (Thumb, 84 bytes, Stack size 24 bytes, main.o(.text), UNUSED)
<BR><BR>[Calls]<UL><LI><a href="#[4b]">&gt;&gt;</a>&nbsp;&nbsp;&nbsp;app_error_handler
</UL>

<P><STRONG><a name="[a5]"></a>read_a_key</STRONG> (Thumb, 146 bytes, Stack size 16 bytes, main.o(.text), UNUSED)
<BR><BR>[Calls]<UL><LI><a href="#[50]">&gt;&gt;</a>&nbsp;&nbsp;&nbsp;nrf_delay_ms
<LI><a href="#[71]">&gt;&gt;</a>&nbsp;&nbsp;&nbsp;input_speak
<LI><a href="#[a6]">&gt;&gt;</a>&nbsp;&nbsp;&nbsp;MPR121_Key_Run
<LI><a href="#[7e]">&gt;&gt;</a>&nbsp;&nbsp;&nbsp;nrf_gpio_pin_read
<LI><a href="#[6b]">&gt;&gt;</a>&nbsp;&nbsp;&nbsp;nrf_gpio_pin_clear
<LI><a href="#[68]">&gt;&gt;</a>&nbsp;&nbsp;&nbsp;nrf_gpio_pin_set
</UL>

<P><STRONG><a name="[a7]"></a>PassWord_Con</STRONG> (Thumb, 1162 bytes, Stack size 32 bytes, main.o(.text))
<BR><BR>[Stack]<UL><LI>Max Depth = 148<LI>Call Chain = PassWord_Con &rArr; SPIFlash_Read_Tab &rArr; SpiFlash_Read_Data &rArr; SpiFlash_Write_CMD &rArr; SpiFlash_WriteOneByte &rArr; SPI_Tranfer
</UL>
<BR>[Calls]<UL><LI><a href="#[a8]">&gt;&gt;</a>&nbsp;&nbsp;&nbsp;Sector_to_Block_Page
<LI><a href="#[a9]">&gt;&gt;</a>&nbsp;&nbsp;&nbsp;SPIFlash_Read_Tab
</UL>
<BR>[Called By]<UL><LI><a href="#[aa]">&gt;&gt;</a>&nbsp;&nbsp;&nbsp;Pass_Word_Run
</UL>

<P><STRONG><a name="[aa]"></a>Pass_Word_Run</STRONG> (Thumb, 1860 bytes, Stack size 40 bytes, main.o(.text))
<BR><BR>[Stack]<UL><LI>Max Depth = 588<LI>Call Chain = Pass_Word_Run &rArr; Once_Act_PassWord_Verify &rArr; Act_PassWord_Save &rArr; More_Act_PassWord_Save &rArr; Ev_Cat_Dat &rArr; SpiFlash_Read_Data &rArr; SpiFlash_Write_CMD &rArr; SpiFlash_WriteOneByte &rArr; SPI_Tranfer
</UL>
<BR>[Calls]<UL><LI><a href="#[50]">&gt;&gt;</a>&nbsp;&nbsp;&nbsp;nrf_delay_ms
<LI><a href="#[71]">&gt;&gt;</a>&nbsp;&nbsp;&nbsp;input_speak
<LI><a href="#[b0]">&gt;&gt;</a>&nbsp;&nbsp;&nbsp;des_psw
<LI><a href="#[8a]">&gt;&gt;</a>&nbsp;&nbsp;&nbsp;Time_to_Unix
<LI><a href="#[6c]">&gt;&gt;</a>&nbsp;&nbsp;&nbsp;Spi_Flash_Sleep
<LI><a href="#[64]">&gt;&gt;</a>&nbsp;&nbsp;&nbsp;Spi_Flash_Init
<LI><a href="#[70]">&gt;&gt;</a>&nbsp;&nbsp;&nbsp;SpiFlash_PowerDown
<LI><a href="#[ad]">&gt;&gt;</a>&nbsp;&nbsp;&nbsp;Per_Act_PassWord_Verify
<LI><a href="#[b2]">&gt;&gt;</a>&nbsp;&nbsp;&nbsp;Per_Act_PassWord_Save
<LI><a href="#[b1]">&gt;&gt;</a>&nbsp;&nbsp;&nbsp;Once_Act_PassWord_Verify
<LI><a href="#[ae]">&gt;&gt;</a>&nbsp;&nbsp;&nbsp;More_Act_PassWord_Verify
<LI><a href="#[86]">&gt;&gt;</a>&nbsp;&nbsp;&nbsp;Lock_Open
<LI><a href="#[89]">&gt;&gt;</a>&nbsp;&nbsp;&nbsp;Get_Time
<LI><a href="#[ab]">&gt;&gt;</a>&nbsp;&nbsp;&nbsp;Get_Cat_Dat
<LI><a href="#[84]">&gt;&gt;</a>&nbsp;&nbsp;&nbsp;Devic_static_read
<LI><a href="#[ac]">&gt;&gt;</a>&nbsp;&nbsp;&nbsp;Act_PassWord_Verify
<LI><a href="#[b3]">&gt;&gt;</a>&nbsp;&nbsp;&nbsp;Act_PassWord_Save
<LI><a href="#[87]">&gt;&gt;</a>&nbsp;&nbsp;&nbsp;ADD_Op_Door_Note
<LI><a href="#[a7]">&gt;&gt;</a>&nbsp;&nbsp;&nbsp;PassWord_Con
<LI><a href="#[7e]">&gt;&gt;</a>&nbsp;&nbsp;&nbsp;nrf_gpio_pin_read
<LI><a href="#[6b]">&gt;&gt;</a>&nbsp;&nbsp;&nbsp;nrf_gpio_pin_clear
<LI><a href="#[68]">&gt;&gt;</a>&nbsp;&nbsp;&nbsp;nrf_gpio_pin_set
<LI><a href="#[8b]">&gt;&gt;</a>&nbsp;&nbsp;&nbsp;nrf_gpio_cfg_input
<LI><a href="#[af]">&gt;&gt;</a>&nbsp;&nbsp;&nbsp;__aeabi_uidivmod
</UL>
<BR>[Called By]<UL><LI><a href="#[28]">&gt;&gt;</a>&nbsp;&nbsp;&nbsp;Read_Key
</UL>

<P><STRONG><a name="[b7]"></a>sky1311_In_Read</STRONG> (Thumb, 20 bytes, Stack size 8 bytes, main.o(.text), UNUSED)
<BR><BR>[Calls]<UL><LI><a href="#[7e]">&gt;&gt;</a>&nbsp;&nbsp;&nbsp;nrf_gpio_pin_read
</UL>
<BR>[Called By]<UL><LI><a href="#[bc]">&gt;&gt;</a>&nbsp;&nbsp;&nbsp;sky1311_run
</UL>

<P><STRONG><a name="[b8]"></a>sky1311_Init</STRONG> (Thumb, 22 bytes, Stack size 8 bytes, main.o(.text))
<BR><BR>[Stack]<UL><LI>Max Depth = 76<LI>Call Chain = sky1311_Init &rArr; Spi_Flash_Init &rArr; SPI_Flash_Start &rArr; spi_master_init &rArr; nrf_gpio_cfg_input &rArr; nrf_gpio_cfg
</UL>
<BR>[Calls]<UL><LI><a href="#[b9]">&gt;&gt;</a>&nbsp;&nbsp;&nbsp;system_Init
<LI><a href="#[6c]">&gt;&gt;</a>&nbsp;&nbsp;&nbsp;Spi_Flash_Sleep
<LI><a href="#[64]">&gt;&gt;</a>&nbsp;&nbsp;&nbsp;Spi_Flash_Init
<LI><a href="#[68]">&gt;&gt;</a>&nbsp;&nbsp;&nbsp;nrf_gpio_pin_set
</UL>
<BR>[Called By]<UL><LI><a href="#[20]">&gt;&gt;</a>&nbsp;&nbsp;&nbsp;main
</UL>

<P><STRONG><a name="[ba]"></a>sky1311_Read</STRONG> (Thumb, 202 bytes, Stack size 8 bytes, main.o(.text), UNUSED)
<BR><BR>[Calls]<UL><LI><a href="#[66]">&gt;&gt;</a>&nbsp;&nbsp;&nbsp;sky1311Reset
<LI><a href="#[7f]">&gt;&gt;</a>&nbsp;&nbsp;&nbsp;sky1311ReadReg
<LI><a href="#[69]">&gt;&gt;</a>&nbsp;&nbsp;&nbsp;sky1311RCFreqCali
<LI><a href="#[65]">&gt;&gt;</a>&nbsp;&nbsp;&nbsp;irqClearAll
<LI><a href="#[8f]">&gt;&gt;</a>&nbsp;&nbsp;&nbsp;checkCardRemove
<LI><a href="#[7b]">&gt;&gt;</a>&nbsp;&nbsp;&nbsp;checkCardInit
<LI><a href="#[80]">&gt;&gt;</a>&nbsp;&nbsp;&nbsp;checkCardDeinit
<LI><a href="#[82]">&gt;&gt;</a>&nbsp;&nbsp;&nbsp;Type_B_Rrun
<LI><a href="#[81]">&gt;&gt;</a>&nbsp;&nbsp;&nbsp;Type_A_Rrun
<LI><a href="#[bb]">&gt;&gt;</a>&nbsp;&nbsp;&nbsp;DelayMS
<LI><a href="#[7e]">&gt;&gt;</a>&nbsp;&nbsp;&nbsp;nrf_gpio_pin_read
</UL>

<P><STRONG><a name="[bc]"></a>sky1311_run</STRONG> (Thumb, 332 bytes, Stack size 0 bytes, main.o(.text), UNUSED)
<BR><BR>[Calls]<UL><LI><a href="#[b9]">&gt;&gt;</a>&nbsp;&nbsp;&nbsp;system_Init
<LI><a href="#[66]">&gt;&gt;</a>&nbsp;&nbsp;&nbsp;sky1311Reset
<LI><a href="#[7f]">&gt;&gt;</a>&nbsp;&nbsp;&nbsp;sky1311ReadReg
<LI><a href="#[69]">&gt;&gt;</a>&nbsp;&nbsp;&nbsp;sky1311RCFreqCali
<LI><a href="#[65]">&gt;&gt;</a>&nbsp;&nbsp;&nbsp;irqClearAll
<LI><a href="#[8f]">&gt;&gt;</a>&nbsp;&nbsp;&nbsp;checkCardRemove
<LI><a href="#[7b]">&gt;&gt;</a>&nbsp;&nbsp;&nbsp;checkCardInit
<LI><a href="#[80]">&gt;&gt;</a>&nbsp;&nbsp;&nbsp;checkCardDeinit
<LI><a href="#[82]">&gt;&gt;</a>&nbsp;&nbsp;&nbsp;Type_B_Rrun
<LI><a href="#[81]">&gt;&gt;</a>&nbsp;&nbsp;&nbsp;Type_A_Rrun
<LI><a href="#[64]">&gt;&gt;</a>&nbsp;&nbsp;&nbsp;Spi_Flash_Init
<LI><a href="#[bb]">&gt;&gt;</a>&nbsp;&nbsp;&nbsp;DelayMS
<LI><a href="#[b7]">&gt;&gt;</a>&nbsp;&nbsp;&nbsp;sky1311_In_Read
<LI><a href="#[7e]">&gt;&gt;</a>&nbsp;&nbsp;&nbsp;nrf_gpio_pin_read
<LI><a href="#[68]">&gt;&gt;</a>&nbsp;&nbsp;&nbsp;nrf_gpio_pin_set
</UL>

<P><STRONG><a name="[bd]"></a>CL_SKY1311_IRQ</STRONG> (Thumb, 20 bytes, Stack size 8 bytes, main.o(.text))
<BR><BR>[Stack]<UL><LI>Max Depth = 56<LI>Call Chain = CL_SKY1311_IRQ &rArr; irqClearAll &rArr; sky1311WriteReg &rArr; SPIByteCom &rArr; SPI_Tranfer
</UL>
<BR>[Calls]<UL><LI><a href="#[65]">&gt;&gt;</a>&nbsp;&nbsp;&nbsp;irqClearAll
<LI><a href="#[6b]">&gt;&gt;</a>&nbsp;&nbsp;&nbsp;nrf_gpio_pin_clear
<LI><a href="#[68]">&gt;&gt;</a>&nbsp;&nbsp;&nbsp;nrf_gpio_pin_set
</UL>
<BR>[Called By]<UL><LI><a href="#[6c]">&gt;&gt;</a>&nbsp;&nbsp;&nbsp;Spi_Flash_Sleep
</UL>

<P><STRONG><a name="[2a]"></a>Uart_Close_Hander</STRONG> (Thumb, 66 bytes, Stack size 8 bytes, main.o(.text))
<BR><BR>[Stack]<UL><LI>Max Depth = 64<LI>Call Chain = Uart_Close_Hander &rArr; app_timer_stop &rArr; timer_stop_op_schedule &rArr; user_op_alloc
</UL>
<BR>[Calls]<UL><LI><a href="#[8e]">&gt;&gt;</a>&nbsp;&nbsp;&nbsp;app_timer_stop
<LI><a href="#[bf]">&gt;&gt;</a>&nbsp;&nbsp;&nbsp;Controllable_Power_Off
<LI><a href="#[be]">&gt;&gt;</a>&nbsp;&nbsp;&nbsp;close_uart
</UL>
<BR>[Address Reference Count : 1]<UL><LI> main.o(.text)
</UL>
<P><STRONG><a name="[c0]"></a>FD_Key_Run</STRONG> (Thumb, 72 bytes, Stack size 8 bytes, main.o(.text))
<BR><BR>[Stack]<UL><LI>Max Depth = 208<LI>Call Chain = FD_Key_Run &rArr; input_speak &rArr; PS_LED_Run &rArr; Uart_Put_String &rArr; Uart_Start_TC &rArr; app_timer_start &rArr; timer_start_op_schedule &rArr; user_op_alloc
</UL>
<BR>[Calls]<UL><LI><a href="#[71]">&gt;&gt;</a>&nbsp;&nbsp;&nbsp;input_speak
<LI><a href="#[7e]">&gt;&gt;</a>&nbsp;&nbsp;&nbsp;nrf_gpio_pin_read
</UL>
<BR>[Called By]<UL><LI><a href="#[20]">&gt;&gt;</a>&nbsp;&nbsp;&nbsp;main
</UL>

<P><STRONG><a name="[20]"></a>main</STRONG> (Thumb, 582 bytes, Stack size 16 bytes, main.o(.text))
<BR><BR>[Stack]<UL><LI>Max Depth = 480<LI>Call Chain = main &rArr; ref_BLE_Adv &rArr; advertising_init &rArr; ble_advertising_init &rArr; ble_advdata_set &rArr; adv_data_encode &rArr; uuid_list_encode &rArr; uuid_list_sized_encode
</UL>
<BR>[Calls]<UL><LI><a href="#[c3]">&gt;&gt;</a>&nbsp;&nbsp;&nbsp;start_init
<LI><a href="#[66]">&gt;&gt;</a>&nbsp;&nbsp;&nbsp;sky1311Reset
<LI><a href="#[50]">&gt;&gt;</a>&nbsp;&nbsp;&nbsp;nrf_delay_ms
<LI><a href="#[65]">&gt;&gt;</a>&nbsp;&nbsp;&nbsp;irqClearAll
<LI><a href="#[7b]">&gt;&gt;</a>&nbsp;&nbsp;&nbsp;checkCardInit
<LI><a href="#[7c]">&gt;&gt;</a>&nbsp;&nbsp;&nbsp;ble_advertising_start
<LI><a href="#[c1]">&gt;&gt;</a>&nbsp;&nbsp;&nbsp;auart_init
<LI><a href="#[79]">&gt;&gt;</a>&nbsp;&nbsp;&nbsp;app_timer_start
<LI><a href="#[c5]">&gt;&gt;</a>&nbsp;&nbsp;&nbsp;app_timer_init
<LI><a href="#[c6]">&gt;&gt;</a>&nbsp;&nbsp;&nbsp;app_timer_create
<LI><a href="#[4b]">&gt;&gt;</a>&nbsp;&nbsp;&nbsp;app_error_handler
<LI><a href="#[6a]">&gt;&gt;</a>&nbsp;&nbsp;&nbsp;TSM12_Init
<LI><a href="#[6c]">&gt;&gt;</a>&nbsp;&nbsp;&nbsp;Spi_Flash_Sleep
<LI><a href="#[64]">&gt;&gt;</a>&nbsp;&nbsp;&nbsp;Spi_Flash_Init
<LI><a href="#[70]">&gt;&gt;</a>&nbsp;&nbsp;&nbsp;SpiFlash_PowerDown
<LI><a href="#[c2]">&gt;&gt;</a>&nbsp;&nbsp;&nbsp;NRF_WDT_Init
<LI><a href="#[c4]">&gt;&gt;</a>&nbsp;&nbsp;&nbsp;NRF_WDT_Feed
<LI><a href="#[c7]">&gt;&gt;</a>&nbsp;&nbsp;&nbsp;LOCK_OPEN_Init
<LI><a href="#[b5]">&gt;&gt;</a>&nbsp;&nbsp;&nbsp;Bsp_Set
<LI><a href="#[c0]">&gt;&gt;</a>&nbsp;&nbsp;&nbsp;FD_Key_Run
<LI><a href="#[b8]">&gt;&gt;</a>&nbsp;&nbsp;&nbsp;sky1311_Init
<LI><a href="#[91]">&gt;&gt;</a>&nbsp;&nbsp;&nbsp;ref_BLE_Adv
<LI><a href="#[63]">&gt;&gt;</a>&nbsp;&nbsp;&nbsp;SKY1311_RC_VALUE
<LI><a href="#[a2]">&gt;&gt;</a>&nbsp;&nbsp;&nbsp;power_manage
<LI><a href="#[9f]">&gt;&gt;</a>&nbsp;&nbsp;&nbsp;buttons_leds_init
<LI><a href="#[90]">&gt;&gt;</a>&nbsp;&nbsp;&nbsp;advertising_init
<LI><a href="#[60]">&gt;&gt;</a>&nbsp;&nbsp;&nbsp;ble_stack_init
<LI><a href="#[55]">&gt;&gt;</a>&nbsp;&nbsp;&nbsp;conn_params_init
<LI><a href="#[52]">&gt;&gt;</a>&nbsp;&nbsp;&nbsp;services_init
<LI><a href="#[4c]">&gt;&gt;</a>&nbsp;&nbsp;&nbsp;gap_params_init
</UL>
<BR>[Address Reference Count : 1]<UL><LI> entry9a.o(.ARM.Collect$$$$0000000B)
</UL>
<P><STRONG><a name="[c8]"></a>F_Print_Input_Ps_Run</STRONG> (Thumb, 314 bytes, Stack size 8 bytes, main.o(.text), UNUSED)
<BR><BR>[Calls]<UL><LI><a href="#[8e]">&gt;&gt;</a>&nbsp;&nbsp;&nbsp;app_timer_stop
<LI><a href="#[79]">&gt;&gt;</a>&nbsp;&nbsp;&nbsp;app_timer_start
<LI><a href="#[c9]">&gt;&gt;</a>&nbsp;&nbsp;&nbsp;Uart_Get_String
<LI><a href="#[ca]">&gt;&gt;</a>&nbsp;&nbsp;&nbsp;Input_PS_Lmage
</UL>

<P><STRONG><a name="[cb]"></a>PS_Print_Run</STRONG> (Thumb, 1300 bytes, Stack size 8 bytes, main.o(.text), UNUSED)
<BR><BR>[Calls]<UL><LI><a href="#[50]">&gt;&gt;</a>&nbsp;&nbsp;&nbsp;nrf_delay_ms
<LI><a href="#[71]">&gt;&gt;</a>&nbsp;&nbsp;&nbsp;input_speak
<LI><a href="#[cd]">&gt;&gt;</a>&nbsp;&nbsp;&nbsp;Uart_Put_String
<LI><a href="#[6c]">&gt;&gt;</a>&nbsp;&nbsp;&nbsp;Spi_Flash_Sleep
<LI><a href="#[64]">&gt;&gt;</a>&nbsp;&nbsp;&nbsp;Spi_Flash_Init
<LI><a href="#[70]">&gt;&gt;</a>&nbsp;&nbsp;&nbsp;SpiFlash_PowerDown
<LI><a href="#[cf]">&gt;&gt;</a>&nbsp;&nbsp;&nbsp;Opinion_PS_Print_Valid
<LI><a href="#[86]">&gt;&gt;</a>&nbsp;&nbsp;&nbsp;Lock_Open
<LI><a href="#[ce]">&gt;&gt;</a>&nbsp;&nbsp;&nbsp;F_print_Goto_Sleep
<LI><a href="#[bf]">&gt;&gt;</a>&nbsp;&nbsp;&nbsp;Controllable_Power_Off
<LI><a href="#[87]">&gt;&gt;</a>&nbsp;&nbsp;&nbsp;ADD_Op_Door_Note
<LI><a href="#[cc]">&gt;&gt;</a>&nbsp;&nbsp;&nbsp;__ARM_common_switch8
</UL>

<P><STRONG><a name="[d0]"></a>CL_PS_Print_Run</STRONG> (Thumb, 1028 bytes, Stack size 8 bytes, main.o(.text), UNUSED)
<BR><BR>[Calls]<UL><LI><a href="#[cd]">&gt;&gt;</a>&nbsp;&nbsp;&nbsp;Uart_Put_String
<LI><a href="#[ce]">&gt;&gt;</a>&nbsp;&nbsp;&nbsp;F_print_Goto_Sleep
<LI><a href="#[bf]">&gt;&gt;</a>&nbsp;&nbsp;&nbsp;Controllable_Power_Off
<LI><a href="#[d1]">&gt;&gt;</a>&nbsp;&nbsp;&nbsp;Controllable_Power_No
<LI><a href="#[cc]">&gt;&gt;</a>&nbsp;&nbsp;&nbsp;__ARM_common_switch8
</UL>

<P><STRONG><a name="[298]"></a>bsp_buttons_state_get</STRONG> (Thumb, 54 bytes, Stack size 12 bytes, bsp.o(.text), UNUSED)

<P><STRONG><a name="[dc]"></a>bsp_button_is_pressed</STRONG> (Thumb, 48 bytes, Stack size 8 bytes, bsp.o(.text))
<BR><BR>[Stack]<UL><LI>Max Depth = 8<LI>Call Chain = bsp_button_is_pressed
</UL>
<BR>[Called By]<UL><LI><a href="#[db]">&gt;&gt;</a>&nbsp;&nbsp;&nbsp;startup_event_extract
</UL>

<P><STRONG><a name="[59]"></a>bsp_indication_set</STRONG> (Thumb, 6 bytes, Stack size 0 bytes, bsp.o(.text))
<BR><BR>[Called By]<UL><LI><a href="#[d2]">&gt;&gt;</a>&nbsp;&nbsp;&nbsp;bsp_indication_text_set
<LI><a href="#[5b]">&gt;&gt;</a>&nbsp;&nbsp;&nbsp;on_ble_evt
<LI><a href="#[25]">&gt;&gt;</a>&nbsp;&nbsp;&nbsp;on_adv_evt
<LI><a href="#[58]">&gt;&gt;</a>&nbsp;&nbsp;&nbsp;sleep_mode_enter
</UL>

<P><STRONG><a name="[d2]"></a>bsp_indication_text_set</STRONG> (Thumb, 18 bytes, Stack size 12 bytes, bsp.o(.text), UNUSED)
<BR><BR>[Calls]<UL><LI><a href="#[59]">&gt;&gt;</a>&nbsp;&nbsp;&nbsp;bsp_indication_set
</UL>

<P><STRONG><a name="[d3]"></a>bsp_event_to_button_action_assign</STRONG> (Thumb, 58 bytes, Stack size 8 bytes, bsp.o(.text))
<BR><BR>[Stack]<UL><LI>Max Depth = 8<LI>Call Chain = bsp_event_to_button_action_assign
</UL>
<BR>[Called By]<UL><LI><a href="#[da]">&gt;&gt;</a>&nbsp;&nbsp;&nbsp;advertising_buttons_configure
<LI><a href="#[d9]">&gt;&gt;</a>&nbsp;&nbsp;&nbsp;connection_buttons_configure
<LI><a href="#[a0]">&gt;&gt;</a>&nbsp;&nbsp;&nbsp;bsp_init
<LI><a href="#[b5]">&gt;&gt;</a>&nbsp;&nbsp;&nbsp;Bsp_Set
</UL>

<P><STRONG><a name="[a0]"></a>bsp_init</STRONG> (Thumb, 90 bytes, Stack size 24 bytes, bsp.o(.text))
<BR><BR>[Stack]<UL><LI>Max Depth = 156<LI>Call Chain = bsp_init &rArr; app_button_init &rArr; nrf_drv_gpiote_in_init &rArr; channel_port_alloc
</UL>
<BR>[Calls]<UL><LI><a href="#[d4]">&gt;&gt;</a>&nbsp;&nbsp;&nbsp;app_button_init
<LI><a href="#[d5]">&gt;&gt;</a>&nbsp;&nbsp;&nbsp;app_button_enable
<LI><a href="#[d3]">&gt;&gt;</a>&nbsp;&nbsp;&nbsp;bsp_event_to_button_action_assign
<LI><a href="#[c6]">&gt;&gt;</a>&nbsp;&nbsp;&nbsp;app_timer_create
</UL>
<BR>[Called By]<UL><LI><a href="#[9f]">&gt;&gt;</a>&nbsp;&nbsp;&nbsp;buttons_leds_init
</UL>

<P><STRONG><a name="[b5]"></a>Bsp_Set</STRONG> (Thumb, 44 bytes, Stack size 16 bytes, bsp.o(.text))
<BR><BR>[Stack]<UL><LI>Max Depth = 64<LI>Call Chain = Bsp_Set &rArr; app_button_enable &rArr; nrf_drv_gpiote_in_event_enable &rArr; nrf_gpiote_event_clear
</UL>
<BR>[Calls]<UL><LI><a href="#[d5]">&gt;&gt;</a>&nbsp;&nbsp;&nbsp;app_button_enable
<LI><a href="#[d3]">&gt;&gt;</a>&nbsp;&nbsp;&nbsp;bsp_event_to_button_action_assign
</UL>
<BR>[Called By]<UL><LI><a href="#[20]">&gt;&gt;</a>&nbsp;&nbsp;&nbsp;main
<LI><a href="#[28]">&gt;&gt;</a>&nbsp;&nbsp;&nbsp;Read_Key
</UL>

<P><STRONG><a name="[d6]"></a>bsp_buttons_enable</STRONG> (Thumb, 8 bytes, Stack size 8 bytes, bsp.o(.text), UNUSED)
<BR><BR>[Calls]<UL><LI><a href="#[d5]">&gt;&gt;</a>&nbsp;&nbsp;&nbsp;app_button_enable
</UL>

<P><STRONG><a name="[d7]"></a>bsp_buttons_disable</STRONG> (Thumb, 8 bytes, Stack size 8 bytes, bsp.o(.text), UNUSED)
<BR><BR>[Calls]<UL><LI><a href="#[d8]">&gt;&gt;</a>&nbsp;&nbsp;&nbsp;app_button_disable
</UL>

<P><STRONG><a name="[dd]"></a>bsp_wakeup_buttons_set</STRONG> (Thumb, 84 bytes, Stack size 16 bytes, bsp.o(.text))
<BR><BR>[Stack]<UL><LI>Max Depth = 16<LI>Call Chain = bsp_wakeup_buttons_set
</UL>
<BR>[Called By]<UL><LI><a href="#[5a]">&gt;&gt;</a>&nbsp;&nbsp;&nbsp;bsp_btn_ble_sleep_mode_prepare
</UL>

<P><STRONG><a name="[5a]"></a>bsp_btn_ble_sleep_mode_prepare</STRONG> (Thumb, 30 bytes, Stack size 8 bytes, bsp_btn_ble.o(.text))
<BR><BR>[Stack]<UL><LI>Max Depth = 24<LI>Call Chain = bsp_btn_ble_sleep_mode_prepare &rArr; bsp_wakeup_buttons_set
</UL>
<BR>[Calls]<UL><LI><a href="#[dd]">&gt;&gt;</a>&nbsp;&nbsp;&nbsp;bsp_wakeup_buttons_set
</UL>
<BR>[Called By]<UL><LI><a href="#[58]">&gt;&gt;</a>&nbsp;&nbsp;&nbsp;sleep_mode_enter
</UL>

<P><STRONG><a name="[5f]"></a>bsp_btn_ble_on_ble_evt</STRONG> (Thumb, 122 bytes, Stack size 16 bytes, bsp_btn_ble.o(.text))
<BR><BR>[Stack]<UL><LI>Max Depth = 32<LI>Call Chain = bsp_btn_ble_on_ble_evt &rArr; advertising_buttons_configure &rArr; bsp_event_to_button_action_assign
</UL>
<BR>[Calls]<UL><LI><a href="#[da]">&gt;&gt;</a>&nbsp;&nbsp;&nbsp;advertising_buttons_configure
<LI><a href="#[d9]">&gt;&gt;</a>&nbsp;&nbsp;&nbsp;connection_buttons_configure
</UL>
<BR>[Called By]<UL><LI><a href="#[24]">&gt;&gt;</a>&nbsp;&nbsp;&nbsp;ble_evt_dispatch
</UL>

<P><STRONG><a name="[a1]"></a>bsp_btn_ble_init</STRONG> (Thumb, 54 bytes, Stack size 16 bytes, bsp_btn_ble.o(.text))
<BR><BR>[Stack]<UL><LI>Max Depth = 48<LI>Call Chain = bsp_btn_ble_init &rArr; startup_event_extract &rArr; bsp_button_is_pressed
</UL>
<BR>[Calls]<UL><LI><a href="#[db]">&gt;&gt;</a>&nbsp;&nbsp;&nbsp;startup_event_extract
<LI><a href="#[da]">&gt;&gt;</a>&nbsp;&nbsp;&nbsp;advertising_buttons_configure
</UL>
<BR>[Called By]<UL><LI><a href="#[9f]">&gt;&gt;</a>&nbsp;&nbsp;&nbsp;buttons_leds_init
</UL>

<P><STRONG><a name="[1]"></a>Reset_Handler</STRONG> (Thumb, 26 bytes, Stack size 0 bytes, arm_startup_nrf51.o(.text))
<BR>[Address Reference Count : 1]<UL><LI> arm_startup_nrf51.o(RESET)
</UL>
<P><STRONG><a name="[2]"></a>NMI_Handler</STRONG> (Thumb, 2 bytes, Stack size 0 bytes, arm_startup_nrf51.o(.text))
<BR><BR>[Calls]<UL><LI><a href="#[2]">&gt;&gt;</a>&nbsp;&nbsp;&nbsp;NMI_Handler
</UL>
<BR>[Called By]<UL><LI><a href="#[2]">&gt;&gt;</a>&nbsp;&nbsp;&nbsp;NMI_Handler
</UL>
<BR>[Address Reference Count : 1]<UL><LI> arm_startup_nrf51.o(RESET)
</UL>
<P><STRONG><a name="[3]"></a>HardFault_Handler</STRONG> (Thumb, 2 bytes, Stack size 0 bytes, arm_startup_nrf51.o(.text))
<BR><BR>[Calls]<UL><LI><a href="#[3]">&gt;&gt;</a>&nbsp;&nbsp;&nbsp;HardFault_Handler
</UL>
<BR>[Called By]<UL><LI><a href="#[3]">&gt;&gt;</a>&nbsp;&nbsp;&nbsp;HardFault_Handler
</UL>
<BR>[Address Reference Count : 1]<UL><LI> arm_startup_nrf51.o(RESET)
</UL>
<P><STRONG><a name="[4]"></a>SVC_Handler</STRONG> (Thumb, 2 bytes, Stack size 0 bytes, arm_startup_nrf51.o(.text))
<BR><BR>[Calls]<UL><LI><a href="#[4]">&gt;&gt;</a>&nbsp;&nbsp;&nbsp;SVC_Handler
</UL>
<BR>[Called By]<UL><LI><a href="#[4]">&gt;&gt;</a>&nbsp;&nbsp;&nbsp;SVC_Handler
</UL>
<BR>[Address Reference Count : 1]<UL><LI> arm_startup_nrf51.o(RESET)
</UL>
<P><STRONG><a name="[5]"></a>PendSV_Handler</STRONG> (Thumb, 2 bytes, Stack size 0 bytes, arm_startup_nrf51.o(.text))
<BR><BR>[Calls]<UL><LI><a href="#[5]">&gt;&gt;</a>&nbsp;&nbsp;&nbsp;PendSV_Handler
</UL>
<BR>[Called By]<UL><LI><a href="#[5]">&gt;&gt;</a>&nbsp;&nbsp;&nbsp;PendSV_Handler
</UL>
<BR>[Address Reference Count : 1]<UL><LI> arm_startup_nrf51.o(RESET)
</UL>
<P><STRONG><a name="[6]"></a>SysTick_Handler</STRONG> (Thumb, 2 bytes, Stack size 0 bytes, arm_startup_nrf51.o(.text))
<BR><BR>[Calls]<UL><LI><a href="#[6]">&gt;&gt;</a>&nbsp;&nbsp;&nbsp;SysTick_Handler
</UL>
<BR>[Called By]<UL><LI><a href="#[6]">&gt;&gt;</a>&nbsp;&nbsp;&nbsp;SysTick_Handler
</UL>
<BR>[Address Reference Count : 1]<UL><LI> arm_startup_nrf51.o(RESET)
</UL>
<P><STRONG><a name="[d]"></a>ADC_IRQHandler</STRONG> (Thumb, 0 bytes, Stack size 0 bytes, arm_startup_nrf51.o(.text))
<BR><BR>[Calls]<UL><LI><a href="#[d]">&gt;&gt;</a>&nbsp;&nbsp;&nbsp;ADC_IRQHandler
</UL>
<BR>[Called By]<UL><LI><a href="#[d]">&gt;&gt;</a>&nbsp;&nbsp;&nbsp;ADC_IRQHandler
</UL>
<BR>[Address Reference Count : 1]<UL><LI> arm_startup_nrf51.o(RESET)
</UL>
<P><STRONG><a name="[15]"></a>CCM_AAR_IRQHandler</STRONG> (Thumb, 0 bytes, Stack size 0 bytes, arm_startup_nrf51.o(.text))
<BR>[Address Reference Count : 1]<UL><LI> arm_startup_nrf51.o(RESET)
</UL>
<P><STRONG><a name="[14]"></a>ECB_IRQHandler</STRONG> (Thumb, 0 bytes, Stack size 0 bytes, arm_startup_nrf51.o(.text))
<BR>[Address Reference Count : 1]<UL><LI> arm_startup_nrf51.o(RESET)
</UL>
<P><STRONG><a name="[19]"></a>LPCOMP_IRQHandler</STRONG> (Thumb, 0 bytes, Stack size 0 bytes, arm_startup_nrf51.o(.text))
<BR>[Address Reference Count : 1]<UL><LI> arm_startup_nrf51.o(RESET)
</UL>
<P><STRONG><a name="[7]"></a>POWER_CLOCK_IRQHandler</STRONG> (Thumb, 0 bytes, Stack size 0 bytes, arm_startup_nrf51.o(.text))
<BR>[Address Reference Count : 1]<UL><LI> arm_startup_nrf51.o(RESET)
</UL>
<P><STRONG><a name="[18]"></a>QDEC_IRQHandler</STRONG> (Thumb, 0 bytes, Stack size 0 bytes, arm_startup_nrf51.o(.text))
<BR>[Address Reference Count : 1]<UL><LI> arm_startup_nrf51.o(RESET)
</UL>
<P><STRONG><a name="[8]"></a>RADIO_IRQHandler</STRONG> (Thumb, 0 bytes, Stack size 0 bytes, arm_startup_nrf51.o(.text))
<BR>[Address Reference Count : 1]<UL><LI> arm_startup_nrf51.o(RESET)
</UL>
<P><STRONG><a name="[13]"></a>RNG_IRQHandler</STRONG> (Thumb, 0 bytes, Stack size 0 bytes, arm_startup_nrf51.o(.text))
<BR>[Address Reference Count : 1]<UL><LI> arm_startup_nrf51.o(RESET)
</UL>
<P><STRONG><a name="[11]"></a>RTC0_IRQHandler</STRONG> (Thumb, 0 bytes, Stack size 0 bytes, arm_startup_nrf51.o(.text))
<BR>[Address Reference Count : 1]<UL><LI> arm_startup_nrf51.o(RESET)
</UL>
<P><STRONG><a name="[a]"></a>SPI0_TWI0_IRQHandler</STRONG> (Thumb, 0 bytes, Stack size 0 bytes, arm_startup_nrf51.o(.text))
<BR>[Address Reference Count : 1]<UL><LI> arm_startup_nrf51.o(RESET)
</UL>
<P><STRONG><a name="[b]"></a>SPI1_TWI1_IRQHandler</STRONG> (Thumb, 0 bytes, Stack size 0 bytes, arm_startup_nrf51.o(.text))
<BR>[Address Reference Count : 1]<UL><LI> arm_startup_nrf51.o(RESET)
</UL>
<P><STRONG><a name="[1b]"></a>SWI1_IRQHandler</STRONG> (Thumb, 0 bytes, Stack size 0 bytes, arm_startup_nrf51.o(.text))
<BR>[Address Reference Count : 1]<UL><LI> arm_startup_nrf51.o(RESET)
</UL>
<P><STRONG><a name="[1d]"></a>SWI3_IRQHandler</STRONG> (Thumb, 0 bytes, Stack size 0 bytes, arm_startup_nrf51.o(.text))
<BR>[Address Reference Count : 1]<UL><LI> arm_startup_nrf51.o(RESET)
</UL>
<P><STRONG><a name="[1e]"></a>SWI4_IRQHandler</STRONG> (Thumb, 0 bytes, Stack size 0 bytes, arm_startup_nrf51.o(.text))
<BR>[Address Reference Count : 1]<UL><LI> arm_startup_nrf51.o(RESET)
</UL>
<P><STRONG><a name="[1f]"></a>SWI5_IRQHandler</STRONG> (Thumb, 0 bytes, Stack size 0 bytes, arm_startup_nrf51.o(.text))
<BR>[Address Reference Count : 1]<UL><LI> arm_startup_nrf51.o(RESET)
</UL>
<P><STRONG><a name="[12]"></a>TEMP_IRQHandler</STRONG> (Thumb, 0 bytes, Stack size 0 bytes, arm_startup_nrf51.o(.text))
<BR>[Address Reference Count : 1]<UL><LI> arm_startup_nrf51.o(RESET)
</UL>
<P><STRONG><a name="[e]"></a>TIMER0_IRQHandler</STRONG> (Thumb, 0 bytes, Stack size 0 bytes, arm_startup_nrf51.o(.text))
<BR>[Address Reference Count : 1]<UL><LI> arm_startup_nrf51.o(RESET)
</UL>
<P><STRONG><a name="[f]"></a>TIMER1_IRQHandler</STRONG> (Thumb, 0 bytes, Stack size 0 bytes, arm_startup_nrf51.o(.text))
<BR>[Address Reference Count : 1]<UL><LI> arm_startup_nrf51.o(RESET)
</UL>
<P><STRONG><a name="[16]"></a>WDT_IRQHandler</STRONG> (Thumb, 0 bytes, Stack size 0 bytes, arm_startup_nrf51.o(.text))
<BR>[Address Reference Count : 1]<UL><LI> arm_startup_nrf51.o(RESET)
</UL>
<P><STRONG><a name="[299]"></a>SystemCoreClockUpdate</STRONG> (Thumb, 8 bytes, Stack size 0 bytes, system_nrf51.o(.text), UNUSED)

<P><STRONG><a name="[2c]"></a>SystemInit</STRONG> (Thumb, 38 bytes, Stack size 8 bytes, system_nrf51.o(.text))
<BR><BR>[Stack]<UL><LI>Max Depth = 8<LI>Call Chain = SystemInit
</UL>
<BR>[Calls]<UL><LI><a href="#[de]">&gt;&gt;</a>&nbsp;&nbsp;&nbsp;is_manual_peripheral_setup_needed
<LI><a href="#[df]">&gt;&gt;</a>&nbsp;&nbsp;&nbsp;is_disabled_in_debug_needed
</UL>
<BR>[Address Reference Count : 1]<UL><LI> arm_startup_nrf51.o(.text)
</UL>
<P><STRONG><a name="[ea]"></a>adv_data_encode</STRONG> (Thumb, 444 bytes, Stack size 40 bytes, ble_advdata.o(.text))
<BR><BR>[Stack]<UL><LI>Max Depth = 152<LI>Call Chain = adv_data_encode &rArr; uuid_list_encode &rArr; uuid_list_sized_encode
</UL>
<BR>[Calls]<UL><LI><a href="#[e9]">&gt;&gt;</a>&nbsp;&nbsp;&nbsp;service_data_encode
<LI><a href="#[e8]">&gt;&gt;</a>&nbsp;&nbsp;&nbsp;manuf_specific_data_encode
<LI><a href="#[e6]">&gt;&gt;</a>&nbsp;&nbsp;&nbsp;conn_int_encode
<LI><a href="#[e4]">&gt;&gt;</a>&nbsp;&nbsp;&nbsp;uuid_list_encode
<LI><a href="#[ef]">&gt;&gt;</a>&nbsp;&nbsp;&nbsp;tx_power_level_encode
<LI><a href="#[eb]">&gt;&gt;</a>&nbsp;&nbsp;&nbsp;sec_mgr_oob_flags_encode
<LI><a href="#[ee]">&gt;&gt;</a>&nbsp;&nbsp;&nbsp;flags_encode
<LI><a href="#[e2]">&gt;&gt;</a>&nbsp;&nbsp;&nbsp;appearance_encode
<LI><a href="#[f0]">&gt;&gt;</a>&nbsp;&nbsp;&nbsp;name_encode
<LI><a href="#[e0]">&gt;&gt;</a>&nbsp;&nbsp;&nbsp;ble_device_addr_encode
<LI><a href="#[ed]">&gt;&gt;</a>&nbsp;&nbsp;&nbsp;le_role_encode
<LI><a href="#[ec]">&gt;&gt;</a>&nbsp;&nbsp;&nbsp;tk_value_encode
</UL>
<BR>[Called By]<UL><LI><a href="#[f1]">&gt;&gt;</a>&nbsp;&nbsp;&nbsp;ble_advdata_set
</UL>

<P><STRONG><a name="[f1]"></a>ble_advdata_set</STRONG> (Thumb, 142 bytes, Stack size 104 bytes, ble_advdata.o(.text))
<BR><BR>[Stack]<UL><LI>Max Depth = 256<LI>Call Chain = ble_advdata_set &rArr; adv_data_encode &rArr; uuid_list_encode &rArr; uuid_list_sized_encode
</UL>
<BR>[Calls]<UL><LI><a href="#[ea]">&gt;&gt;</a>&nbsp;&nbsp;&nbsp;adv_data_encode
<LI><a href="#[f3]">&gt;&gt;</a>&nbsp;&nbsp;&nbsp;srdata_check
<LI><a href="#[f2]">&gt;&gt;</a>&nbsp;&nbsp;&nbsp;advdata_check
</UL>
<BR>[Called By]<UL><LI><a href="#[7c]">&gt;&gt;</a>&nbsp;&nbsp;&nbsp;ble_advertising_start
<LI><a href="#[77]">&gt;&gt;</a>&nbsp;&nbsp;&nbsp;ble_advertising_init
</UL>

<P><STRONG><a name="[77]"></a>ble_advertising_init</STRONG> (Thumb, 316 bytes, Stack size 24 bytes, ble_advertising.o(.text))
<BR><BR>[Stack]<UL><LI>Max Depth = 280<LI>Call Chain = ble_advertising_init &rArr; ble_advdata_set &rArr; adv_data_encode &rArr; uuid_list_encode &rArr; uuid_list_sized_encode
</UL>
<BR>[Calls]<UL><LI><a href="#[f4]">&gt;&gt;</a>&nbsp;&nbsp;&nbsp;ble_advertising_peer_address_clear
<LI><a href="#[f1]">&gt;&gt;</a>&nbsp;&nbsp;&nbsp;ble_advdata_set
<LI><a href="#[56]">&gt;&gt;</a>&nbsp;&nbsp;&nbsp;__aeabi_memclr4
<LI><a href="#[f6]">&gt;&gt;</a>&nbsp;&nbsp;&nbsp;__aeabi_memcpy4
</UL>
<BR>[Called By]<UL><LI><a href="#[9e]">&gt;&gt;</a>&nbsp;&nbsp;&nbsp;advertising_IDLE_Init
<LI><a href="#[90]">&gt;&gt;</a>&nbsp;&nbsp;&nbsp;advertising_init
<LI><a href="#[76]">&gt;&gt;</a>&nbsp;&nbsp;&nbsp;AC_advertising_init
</UL>

<P><STRONG><a name="[7c]"></a>ble_advertising_start</STRONG> (Thumb, 770 bytes, Stack size 40 bytes, ble_advertising.o(.text))
<BR><BR>[Stack]<UL><LI>Max Depth = 296<LI>Call Chain = ble_advertising_start &rArr; ble_advdata_set &rArr; adv_data_encode &rArr; uuid_list_encode &rArr; uuid_list_sized_encode
</UL>
<BR>[Calls]<UL><LI><a href="#[f7]">&gt;&gt;</a>&nbsp;&nbsp;&nbsp;pstorage_access_status_get
<LI><a href="#[f8]">&gt;&gt;</a>&nbsp;&nbsp;&nbsp;peer_address_exists
<LI><a href="#[f4]">&gt;&gt;</a>&nbsp;&nbsp;&nbsp;ble_advertising_peer_address_clear
<LI><a href="#[f9]">&gt;&gt;</a>&nbsp;&nbsp;&nbsp;whitelist_has_entries
<LI><a href="#[f1]">&gt;&gt;</a>&nbsp;&nbsp;&nbsp;ble_advdata_set
<LI><a href="#[56]">&gt;&gt;</a>&nbsp;&nbsp;&nbsp;__aeabi_memclr4
</UL>
<BR>[Called By]<UL><LI><a href="#[fb]">&gt;&gt;</a>&nbsp;&nbsp;&nbsp;ble_advertising_restart_without_whitelist
<LI><a href="#[fa]">&gt;&gt;</a>&nbsp;&nbsp;&nbsp;ble_advertising_on_sys_evt
<LI><a href="#[5e]">&gt;&gt;</a>&nbsp;&nbsp;&nbsp;ble_advertising_on_ble_evt
<LI><a href="#[20]">&gt;&gt;</a>&nbsp;&nbsp;&nbsp;main
<LI><a href="#[7d]">&gt;&gt;</a>&nbsp;&nbsp;&nbsp;bsp_event_handler_O
<LI><a href="#[78]">&gt;&gt;</a>&nbsp;&nbsp;&nbsp;Start_Key_Run
</UL>

<P><STRONG><a name="[29a]"></a>ble_advertising_stop</STRONG> (Thumb, 68 bytes, Stack size 40 bytes, ble_advertising.o(.text), UNUSED)

<P><STRONG><a name="[5e]"></a>ble_advertising_on_ble_evt</STRONG> (Thumb, 236 bytes, Stack size 16 bytes, ble_advertising.o(.text))
<BR><BR>[Stack]<UL><LI>Max Depth = 312<LI>Call Chain = ble_advertising_on_ble_evt &rArr; ble_advertising_start &rArr; ble_advdata_set &rArr; adv_data_encode &rArr; uuid_list_encode &rArr; uuid_list_sized_encode
</UL>
<BR>[Calls]<UL><LI><a href="#[7c]">&gt;&gt;</a>&nbsp;&nbsp;&nbsp;ble_advertising_start
</UL>
<BR>[Called By]<UL><LI><a href="#[24]">&gt;&gt;</a>&nbsp;&nbsp;&nbsp;ble_evt_dispatch
</UL>

<P><STRONG><a name="[fa]"></a>ble_advertising_on_sys_evt</STRONG> (Thumb, 70 bytes, Stack size 16 bytes, ble_advertising.o(.text), UNUSED)
<BR><BR>[Calls]<UL><LI><a href="#[7c]">&gt;&gt;</a>&nbsp;&nbsp;&nbsp;ble_advertising_start
</UL>

<P><STRONG><a name="[29b]"></a>ble_advertising_peer_addr_reply</STRONG> (Thumb, 50 bytes, Stack size 0 bytes, ble_advertising.o(.text), UNUSED)

<P><STRONG><a name="[29c]"></a>ble_advertising_whitelist_reply</STRONG> (Thumb, 88 bytes, Stack size 8 bytes, ble_advertising.o(.text), UNUSED)

<P><STRONG><a name="[fb]"></a>ble_advertising_restart_without_whitelist</STRONG> (Thumb, 78 bytes, Stack size 8 bytes, ble_advertising.o(.text), UNUSED)
<BR><BR>[Calls]<UL><LI><a href="#[7c]">&gt;&gt;</a>&nbsp;&nbsp;&nbsp;ble_advertising_start
</UL>

<P><STRONG><a name="[57]"></a>ble_conn_params_init</STRONG> (Thumb, 90 bytes, Stack size 16 bytes, ble_conn_params.o(.text))
<BR><BR>[Stack]<UL><LI>Max Depth = 24<LI>Call Chain = ble_conn_params_init &rArr; app_timer_create
</UL>
<BR>[Calls]<UL><LI><a href="#[c6]">&gt;&gt;</a>&nbsp;&nbsp;&nbsp;app_timer_create
<LI><a href="#[f6]">&gt;&gt;</a>&nbsp;&nbsp;&nbsp;__aeabi_memcpy4
<LI><a href="#[e1]">&gt;&gt;</a>&nbsp;&nbsp;&nbsp;__aeabi_memcpy
</UL>
<BR>[Called By]<UL><LI><a href="#[55]">&gt;&gt;</a>&nbsp;&nbsp;&nbsp;conn_params_init
</UL>

<P><STRONG><a name="[fc]"></a>ble_conn_params_stop</STRONG> (Thumb, 12 bytes, Stack size 8 bytes, ble_conn_params.o(.text), UNUSED)
<BR><BR>[Calls]<UL><LI><a href="#[8e]">&gt;&gt;</a>&nbsp;&nbsp;&nbsp;app_timer_stop
</UL>

<P><STRONG><a name="[5c]"></a>ble_conn_params_on_ble_evt</STRONG> (Thumb, 62 bytes, Stack size 8 bytes, ble_conn_params.o(.text))
<BR><BR>[Stack]<UL><LI>Max Depth = 128<LI>Call Chain = ble_conn_params_on_ble_evt &rArr; on_write &rArr; conn_params_negotiation &rArr; app_timer_start &rArr; timer_start_op_schedule &rArr; user_op_alloc
</UL>
<BR>[Calls]<UL><LI><a href="#[102]">&gt;&gt;</a>&nbsp;&nbsp;&nbsp;on_conn_params_update
<LI><a href="#[101]">&gt;&gt;</a>&nbsp;&nbsp;&nbsp;on_write
<LI><a href="#[100]">&gt;&gt;</a>&nbsp;&nbsp;&nbsp;on_disconnect
<LI><a href="#[ff]">&gt;&gt;</a>&nbsp;&nbsp;&nbsp;on_connect
</UL>
<BR>[Called By]<UL><LI><a href="#[24]">&gt;&gt;</a>&nbsp;&nbsp;&nbsp;ble_evt_dispatch
</UL>

<P><STRONG><a name="[103]"></a>ble_conn_params_change_conn_params</STRONG> (Thumb, 86 bytes, Stack size 16 bytes, ble_conn_params.o(.text), UNUSED)
<BR><BR>[Calls]<UL><LI><a href="#[fe]">&gt;&gt;</a>&nbsp;&nbsp;&nbsp;is_conn_params_ok
<LI><a href="#[e1]">&gt;&gt;</a>&nbsp;&nbsp;&nbsp;__aeabi_memcpy
</UL>

<P><STRONG><a name="[5d]"></a>ble_nus_on_ble_evt</STRONG> (Thumb, 70 bytes, Stack size 16 bytes, ble_nus.o(.text))
<BR><BR>[Stack]<UL><LI>Max Depth = 32<LI>Call Chain = ble_nus_on_ble_evt &rArr; on_write
</UL>
<BR>[Calls]<UL><LI><a href="#[108]">&gt;&gt;</a>&nbsp;&nbsp;&nbsp;on_write
<LI><a href="#[107]">&gt;&gt;</a>&nbsp;&nbsp;&nbsp;on_disconnect
<LI><a href="#[106]">&gt;&gt;</a>&nbsp;&nbsp;&nbsp;on_connect
</UL>
<BR>[Called By]<UL><LI><a href="#[24]">&gt;&gt;</a>&nbsp;&nbsp;&nbsp;ble_evt_dispatch
</UL>

<P><STRONG><a name="[53]"></a>ble_nus_init</STRONG> (Thumb, 256 bytes, Stack size 72 bytes, ble_nus.o(.text))
<BR><BR>[Stack]<UL><LI>Max Depth = 144<LI>Call Chain = ble_nus_init &rArr; tx_char_add
</UL>
<BR>[Calls]<UL><LI><a href="#[105]">&gt;&gt;</a>&nbsp;&nbsp;&nbsp;tx_char_add
<LI><a href="#[104]">&gt;&gt;</a>&nbsp;&nbsp;&nbsp;rx_char_add
</UL>
<BR>[Called By]<UL><LI><a href="#[52]">&gt;&gt;</a>&nbsp;&nbsp;&nbsp;services_init
</UL>

<P><STRONG><a name="[4f]"></a>ble_nus_string_send</STRONG> (Thumb, 84 bytes, Stack size 40 bytes, ble_nus.o(.text))
<BR><BR>[Stack]<UL><LI>Max Depth = 40<LI>Call Chain = ble_nus_string_send
</UL>
<BR>[Called By]<UL><LI><a href="#[4e]">&gt;&gt;</a>&nbsp;&nbsp;&nbsp;BLE_TX_Run
</UL>

<P><STRONG><a name="[50]"></a>nrf_delay_ms</STRONG> (Thumb, 24 bytes, Stack size 8 bytes, nrf_delay.o(.text))
<BR><BR>[Stack]<UL><LI>Max Depth = 8<LI>Call Chain = nrf_delay_ms
</UL>
<BR>[Calls]<UL><LI><a href="#[41]">&gt;&gt;</a>&nbsp;&nbsp;&nbsp;__asm___11_nrf_delay_c_532987f3__nrf_delay_us
</UL>
<BR>[Called By]<UL><LI><a href="#[1b3]">&gt;&gt;</a>&nbsp;&nbsp;&nbsp;SPI_Flash_Start
<LI><a href="#[1a5]">&gt;&gt;</a>&nbsp;&nbsp;&nbsp;SpiFlash_Wait_Busy
<LI><a href="#[c3]">&gt;&gt;</a>&nbsp;&nbsp;&nbsp;start_init
<LI><a href="#[71]">&gt;&gt;</a>&nbsp;&nbsp;&nbsp;input_speak
<LI><a href="#[81]">&gt;&gt;</a>&nbsp;&nbsp;&nbsp;Type_A_Rrun
<LI><a href="#[83]">&gt;&gt;</a>&nbsp;&nbsp;&nbsp;Type_A_Null_Key_Rrun
<LI><a href="#[6a]">&gt;&gt;</a>&nbsp;&nbsp;&nbsp;TSM12_Init
<LI><a href="#[7a]">&gt;&gt;</a>&nbsp;&nbsp;&nbsp;TSM12_Exit_Sleep_Mode
<LI><a href="#[ad]">&gt;&gt;</a>&nbsp;&nbsp;&nbsp;Per_Act_PassWord_Verify
<LI><a href="#[ae]">&gt;&gt;</a>&nbsp;&nbsp;&nbsp;More_Act_PassWord_Verify
<LI><a href="#[72]">&gt;&gt;</a>&nbsp;&nbsp;&nbsp;Manual_Add_Card_ACK
<LI><a href="#[86]">&gt;&gt;</a>&nbsp;&nbsp;&nbsp;Lock_Open
<LI><a href="#[bb]">&gt;&gt;</a>&nbsp;&nbsp;&nbsp;DelayMS
<LI><a href="#[85]">&gt;&gt;</a>&nbsp;&nbsp;&nbsp;Data_Card_Run
<LI><a href="#[d1]">&gt;&gt;</a>&nbsp;&nbsp;&nbsp;Controllable_Power_No
<LI><a href="#[ac]">&gt;&gt;</a>&nbsp;&nbsp;&nbsp;Act_PassWord_Verify
<LI><a href="#[cb]">&gt;&gt;</a>&nbsp;&nbsp;&nbsp;PS_Print_Run
<LI><a href="#[20]">&gt;&gt;</a>&nbsp;&nbsp;&nbsp;main
<LI><a href="#[aa]">&gt;&gt;</a>&nbsp;&nbsp;&nbsp;Pass_Word_Run
<LI><a href="#[a5]">&gt;&gt;</a>&nbsp;&nbsp;&nbsp;read_a_key
<LI><a href="#[9d]">&gt;&gt;</a>&nbsp;&nbsp;&nbsp;Uart_Start_TC
<LI><a href="#[9b]">&gt;&gt;</a>&nbsp;&nbsp;&nbsp;uart_init
<LI><a href="#[29]">&gt;&gt;</a>&nbsp;&nbsp;&nbsp;Timer_1_Handler
<LI><a href="#[7d]">&gt;&gt;</a>&nbsp;&nbsp;&nbsp;bsp_event_handler_O
<LI><a href="#[78]">&gt;&gt;</a>&nbsp;&nbsp;&nbsp;Start_Key_Run
<LI><a href="#[6d]">&gt;&gt;</a>&nbsp;&nbsp;&nbsp;CL_LED_Cheak_RC_Value
<LI><a href="#[63]">&gt;&gt;</a>&nbsp;&nbsp;&nbsp;SKY1311_RC_VALUE
<LI><a href="#[4e]">&gt;&gt;</a>&nbsp;&nbsp;&nbsp;BLE_TX_Run
<LI><a href="#[28]">&gt;&gt;</a>&nbsp;&nbsp;&nbsp;Read_Key
<LI><a href="#[27]">&gt;&gt;</a>&nbsp;&nbsp;&nbsp;my_timer_handler
<LI><a href="#[21d]">&gt;&gt;</a>&nbsp;&nbsp;&nbsp;Mate_Command_Run
<LI><a href="#[20d]">&gt;&gt;</a>&nbsp;&nbsp;&nbsp;Normally_Open_Door_Run
<LI><a href="#[206]">&gt;&gt;</a>&nbsp;&nbsp;&nbsp;nrf_adc_read
<LI><a href="#[201]">&gt;&gt;</a>&nbsp;&nbsp;&nbsp;PS_LED_Run
<LI><a href="#[200]">&gt;&gt;</a>&nbsp;&nbsp;&nbsp;input_abus_byte
<LI><a href="#[1ff]">&gt;&gt;</a>&nbsp;&nbsp;&nbsp;Buzzer_Run
<LI><a href="#[1fc]">&gt;&gt;</a>&nbsp;&nbsp;&nbsp;Buzzer_Ok
<LI><a href="#[1fa]">&gt;&gt;</a>&nbsp;&nbsp;&nbsp;Buzzer_Error
<LI><a href="#[1ce]">&gt;&gt;</a>&nbsp;&nbsp;&nbsp;TSM12_read_tast
<LI><a href="#[1d0]">&gt;&gt;</a>&nbsp;&nbsp;&nbsp;Lock_Close
<LI><a href="#[28c]">&gt;&gt;</a>&nbsp;&nbsp;&nbsp;PS_LED_Shutdown
<LI><a href="#[28a]">&gt;&gt;</a>&nbsp;&nbsp;&nbsp;Input_PS_Lmage_Run
<LI><a href="#[284]">&gt;&gt;</a>&nbsp;&nbsp;&nbsp;A71_RF_RX_MODE
<LI><a href="#[283]">&gt;&gt;</a>&nbsp;&nbsp;&nbsp;A71_Data_TX
<LI><a href="#[27e]">&gt;&gt;</a>&nbsp;&nbsp;&nbsp;TSM12_Into_Sleep_Mode
<LI><a href="#[268]">&gt;&gt;</a>&nbsp;&nbsp;&nbsp;TypeA_test
</UL>

<P><STRONG><a name="[109]"></a>nrf_drv_common_irq_enable</STRONG> (Thumb, 48 bytes, Stack size 16 bytes, nrf_drv_common.o(.text))
<BR><BR>[Stack]<UL><LI>Max Depth = 24<LI>Call Chain = nrf_drv_common_irq_enable &rArr; NVIC_SetPriority
</UL>
<BR>[Calls]<UL><LI><a href="#[10a]">&gt;&gt;</a>&nbsp;&nbsp;&nbsp;NVIC_SetPriority
</UL>
<BR>[Called By]<UL><LI><a href="#[10b]">&gt;&gt;</a>&nbsp;&nbsp;&nbsp;nrf_drv_gpiote_init
<LI><a href="#[12a]">&gt;&gt;</a>&nbsp;&nbsp;&nbsp;nrf_drv_uart_init
</UL>

<P><STRONG><a name="[10b]"></a>nrf_drv_gpiote_init</STRONG> (Thumb, 80 bytes, Stack size 8 bytes, nrf_drv_gpiote.o(.text))
<BR><BR>[Stack]<UL><LI>Max Depth = 32<LI>Call Chain = nrf_drv_gpiote_init &rArr; nrf_drv_common_irq_enable &rArr; NVIC_SetPriority
</UL>
<BR>[Calls]<UL><LI><a href="#[10c]">&gt;&gt;</a>&nbsp;&nbsp;&nbsp;pin_in_use_clear
<LI><a href="#[10e]">&gt;&gt;</a>&nbsp;&nbsp;&nbsp;nrf_gpiote_int_enable
<LI><a href="#[10d]">&gt;&gt;</a>&nbsp;&nbsp;&nbsp;channel_free
<LI><a href="#[109]">&gt;&gt;</a>&nbsp;&nbsp;&nbsp;nrf_drv_common_irq_enable
</UL>
<BR>[Called By]<UL><LI><a href="#[d4]">&gt;&gt;</a>&nbsp;&nbsp;&nbsp;app_button_init
</UL>

<P><STRONG><a name="[178]"></a>nrf_drv_gpiote_is_init</STRONG> (Thumb, 18 bytes, Stack size 0 bytes, nrf_drv_gpiote.o(.text))
<BR><BR>[Called By]<UL><LI><a href="#[d4]">&gt;&gt;</a>&nbsp;&nbsp;&nbsp;app_button_init
</UL>

<P><STRONG><a name="[10f]"></a>nrf_drv_gpiote_in_event_disable</STRONG> (Thumb, 88 bytes, Stack size 16 bytes, nrf_drv_gpiote.o(.text), UNUSED)
<BR><BR>[Calls]<UL><LI><a href="#[113]">&gt;&gt;</a>&nbsp;&nbsp;&nbsp;channel_port_get
<LI><a href="#[110]">&gt;&gt;</a>&nbsp;&nbsp;&nbsp;pin_in_use_by_port
<LI><a href="#[112]">&gt;&gt;</a>&nbsp;&nbsp;&nbsp;pin_in_use_by_te
<LI><a href="#[111]">&gt;&gt;</a>&nbsp;&nbsp;&nbsp;nrf_gpio_cfg_sense_set
</UL>
<BR>[Called By]<UL><LI><a href="#[114]">&gt;&gt;</a>&nbsp;&nbsp;&nbsp;nrf_drv_gpiote_in_uninit
<LI><a href="#[d8]">&gt;&gt;</a>&nbsp;&nbsp;&nbsp;app_button_disable
</UL>

<P><STRONG><a name="[114]"></a>nrf_drv_gpiote_in_uninit</STRONG> (Thumb, 60 bytes, Stack size 16 bytes, nrf_drv_gpiote.o(.text), UNUSED)
<BR><BR>[Calls]<UL><LI><a href="#[10f]">&gt;&gt;</a>&nbsp;&nbsp;&nbsp;nrf_drv_gpiote_in_event_disable
<LI><a href="#[113]">&gt;&gt;</a>&nbsp;&nbsp;&nbsp;channel_port_get
<LI><a href="#[10c]">&gt;&gt;</a>&nbsp;&nbsp;&nbsp;pin_in_use_clear
<LI><a href="#[116]">&gt;&gt;</a>&nbsp;&nbsp;&nbsp;nrf_gpio_cfg_default
<LI><a href="#[115]">&gt;&gt;</a>&nbsp;&nbsp;&nbsp;nrf_gpiote_te_default
<LI><a href="#[10d]">&gt;&gt;</a>&nbsp;&nbsp;&nbsp;channel_free
<LI><a href="#[112]">&gt;&gt;</a>&nbsp;&nbsp;&nbsp;pin_in_use_by_te
</UL>
<BR>[Called By]<UL><LI><a href="#[118]">&gt;&gt;</a>&nbsp;&nbsp;&nbsp;nrf_drv_gpiote_uninit
</UL>

<P><STRONG><a name="[117]"></a>nrf_drv_gpiote_out_uninit</STRONG> (Thumb, 54 bytes, Stack size 16 bytes, nrf_drv_gpiote.o(.text), UNUSED)
<BR><BR>[Calls]<UL><LI><a href="#[113]">&gt;&gt;</a>&nbsp;&nbsp;&nbsp;channel_port_get
<LI><a href="#[10c]">&gt;&gt;</a>&nbsp;&nbsp;&nbsp;pin_in_use_clear
<LI><a href="#[116]">&gt;&gt;</a>&nbsp;&nbsp;&nbsp;nrf_gpio_cfg_default
<LI><a href="#[115]">&gt;&gt;</a>&nbsp;&nbsp;&nbsp;nrf_gpiote_te_default
<LI><a href="#[10d]">&gt;&gt;</a>&nbsp;&nbsp;&nbsp;channel_free
<LI><a href="#[112]">&gt;&gt;</a>&nbsp;&nbsp;&nbsp;pin_in_use_by_te
</UL>
<BR>[Called By]<UL><LI><a href="#[118]">&gt;&gt;</a>&nbsp;&nbsp;&nbsp;nrf_drv_gpiote_uninit
</UL>

<P><STRONG><a name="[118]"></a>nrf_drv_gpiote_uninit</STRONG> (Thumb, 68 bytes, Stack size 8 bytes, nrf_drv_gpiote.o(.text), UNUSED)
<BR><BR>[Calls]<UL><LI><a href="#[117]">&gt;&gt;</a>&nbsp;&nbsp;&nbsp;nrf_drv_gpiote_out_uninit
<LI><a href="#[114]">&gt;&gt;</a>&nbsp;&nbsp;&nbsp;nrf_drv_gpiote_in_uninit
<LI><a href="#[119]">&gt;&gt;</a>&nbsp;&nbsp;&nbsp;pin_in_use_by_gpiote
</UL>

<P><STRONG><a name="[11a]"></a>nrf_drv_gpiote_out_init</STRONG> (Thumb, 230 bytes, Stack size 32 bytes, nrf_drv_gpiote.o(.text), UNUSED)
<BR><BR>[Calls]<UL><LI><a href="#[11d]">&gt;&gt;</a>&nbsp;&nbsp;&nbsp;nrf_gpio_pin_clear
<LI><a href="#[11c]">&gt;&gt;</a>&nbsp;&nbsp;&nbsp;nrf_gpio_pin_set
<LI><a href="#[11b]">&gt;&gt;</a>&nbsp;&nbsp;&nbsp;channel_port_alloc
<LI><a href="#[11e]">&gt;&gt;</a>&nbsp;&nbsp;&nbsp;nrf_gpio_cfg
</UL>

<P><STRONG><a name="[11f]"></a>nrf_drv_gpiote_out_set</STRONG> (Thumb, 12 bytes, Stack size 8 bytes, nrf_drv_gpiote.o(.text), UNUSED)
<BR><BR>[Calls]<UL><LI><a href="#[11c]">&gt;&gt;</a>&nbsp;&nbsp;&nbsp;nrf_gpio_pin_set
</UL>

<P><STRONG><a name="[120]"></a>nrf_drv_gpiote_out_clear</STRONG> (Thumb, 12 bytes, Stack size 8 bytes, nrf_drv_gpiote.o(.text), UNUSED)
<BR><BR>[Calls]<UL><LI><a href="#[11d]">&gt;&gt;</a>&nbsp;&nbsp;&nbsp;nrf_gpio_pin_clear
</UL>

<P><STRONG><a name="[29d]"></a>nrf_drv_gpiote_out_toggle</STRONG> (Thumb, 38 bytes, Stack size 8 bytes, nrf_drv_gpiote.o(.text), UNUSED)

<P><STRONG><a name="[29e]"></a>nrf_drv_gpiote_out_task_enable</STRONG> (Thumb, 62 bytes, Stack size 12 bytes, nrf_drv_gpiote.o(.text), UNUSED)

<P><STRONG><a name="[29f]"></a>nrf_drv_gpiote_out_task_disable</STRONG> (Thumb, 40 bytes, Stack size 8 bytes, nrf_drv_gpiote.o(.text), UNUSED)

<P><STRONG><a name="[121]"></a>nrf_drv_gpiote_out_task_addr_get</STRONG> (Thumb, 24 bytes, Stack size 16 bytes, nrf_drv_gpiote.o(.text), UNUSED)
<BR><BR>[Calls]<UL><LI><a href="#[113]">&gt;&gt;</a>&nbsp;&nbsp;&nbsp;channel_port_get
</UL>

<P><STRONG><a name="[2a0]"></a>nrf_drv_gpiote_out_task_force</STRONG> (Thumb, 92 bytes, Stack size 16 bytes, nrf_drv_gpiote.o(.text), UNUSED)

<P><STRONG><a name="[122]"></a>nrf_drv_gpiote_out_task_trigger</STRONG> (Thumb, 28 bytes, Stack size 16 bytes, nrf_drv_gpiote.o(.text), UNUSED)
<BR><BR>[Calls]<UL><LI><a href="#[113]">&gt;&gt;</a>&nbsp;&nbsp;&nbsp;channel_port_get
</UL>

<P><STRONG><a name="[123]"></a>nrf_drv_gpiote_in_init</STRONG> (Thumb, 228 bytes, Stack size 48 bytes, nrf_drv_gpiote.o(.text))
<BR><BR>[Stack]<UL><LI>Max Depth = 100<LI>Call Chain = nrf_drv_gpiote_in_init &rArr; channel_port_alloc
</UL>
<BR>[Calls]<UL><LI><a href="#[119]">&gt;&gt;</a>&nbsp;&nbsp;&nbsp;pin_in_use_by_gpiote
<LI><a href="#[11b]">&gt;&gt;</a>&nbsp;&nbsp;&nbsp;channel_port_alloc
<LI><a href="#[11e]">&gt;&gt;</a>&nbsp;&nbsp;&nbsp;nrf_gpio_cfg
</UL>
<BR>[Called By]<UL><LI><a href="#[d4]">&gt;&gt;</a>&nbsp;&nbsp;&nbsp;app_button_init
</UL>

<P><STRONG><a name="[124]"></a>nrf_drv_gpiote_in_event_enable</STRONG> (Thumb, 186 bytes, Stack size 32 bytes, nrf_drv_gpiote.o(.text))
<BR><BR>[Stack]<UL><LI>Max Depth = 40<LI>Call Chain = nrf_drv_gpiote_in_event_enable &rArr; nrf_gpiote_event_clear
</UL>
<BR>[Calls]<UL><LI><a href="#[126]">&gt;&gt;</a>&nbsp;&nbsp;&nbsp;channel_handler_get
<LI><a href="#[113]">&gt;&gt;</a>&nbsp;&nbsp;&nbsp;channel_port_get
<LI><a href="#[110]">&gt;&gt;</a>&nbsp;&nbsp;&nbsp;pin_in_use_by_port
<LI><a href="#[10e]">&gt;&gt;</a>&nbsp;&nbsp;&nbsp;nrf_gpiote_int_enable
<LI><a href="#[125]">&gt;&gt;</a>&nbsp;&nbsp;&nbsp;nrf_gpiote_event_clear
<LI><a href="#[112]">&gt;&gt;</a>&nbsp;&nbsp;&nbsp;pin_in_use_by_te
<LI><a href="#[111]">&gt;&gt;</a>&nbsp;&nbsp;&nbsp;nrf_gpio_cfg_sense_set
</UL>
<BR>[Called By]<UL><LI><a href="#[d5]">&gt;&gt;</a>&nbsp;&nbsp;&nbsp;app_button_enable
</UL>

<P><STRONG><a name="[177]"></a>nrf_drv_gpiote_in_is_set</STRONG> (Thumb, 26 bytes, Stack size 0 bytes, nrf_drv_gpiote.o(.text))
<BR><BR>[Called By]<UL><LI><a href="#[179]">&gt;&gt;</a>&nbsp;&nbsp;&nbsp;app_button_is_pushed
<LI><a href="#[2f]">&gt;&gt;</a>&nbsp;&nbsp;&nbsp;gpiote_event_handler
<LI><a href="#[30]">&gt;&gt;</a>&nbsp;&nbsp;&nbsp;detection_delay_timeout_handler
</UL>

<P><STRONG><a name="[127]"></a>nrf_drv_gpiote_in_event_addr_get</STRONG> (Thumb, 26 bytes, Stack size 16 bytes, nrf_drv_gpiote.o(.text), UNUSED)
<BR><BR>[Calls]<UL><LI><a href="#[113]">&gt;&gt;</a>&nbsp;&nbsp;&nbsp;channel_port_get
<LI><a href="#[128]">&gt;&gt;</a>&nbsp;&nbsp;&nbsp;nrf_gpiote_event_addr_get
</UL>

<P><STRONG><a name="[c]"></a>GPIOTE_IRQHandler</STRONG> (Thumb, 378 bytes, Stack size 48 bytes, nrf_drv_gpiote.o(.text))
<BR><BR>[Stack]<UL><LI>Max Depth = 56<LI>Call Chain = GPIOTE_IRQHandler &rArr; nrf_gpiote_event_clear
</UL>
<BR>[Calls]<UL><LI><a href="#[126]">&gt;&gt;</a>&nbsp;&nbsp;&nbsp;channel_handler_get
<LI><a href="#[113]">&gt;&gt;</a>&nbsp;&nbsp;&nbsp;channel_port_get
<LI><a href="#[125]">&gt;&gt;</a>&nbsp;&nbsp;&nbsp;nrf_gpiote_event_clear
<LI><a href="#[129]">&gt;&gt;</a>&nbsp;&nbsp;&nbsp;nrf_gpiote_event_is_set
<LI><a href="#[111]">&gt;&gt;</a>&nbsp;&nbsp;&nbsp;nrf_gpio_cfg_sense_set
</UL>
<BR>[Address Reference Count : 1]<UL><LI> arm_startup_nrf51.o(RESET)
</UL>
<P><STRONG><a name="[12a]"></a>nrf_drv_uart_init</STRONG> (Thumb, 110 bytes, Stack size 16 bytes, nrf_drv_uart.o(.text), UNUSED)
<BR><BR>[Calls]<UL><LI><a href="#[12b]">&gt;&gt;</a>&nbsp;&nbsp;&nbsp;apply_config
<LI><a href="#[12c]">&gt;&gt;</a>&nbsp;&nbsp;&nbsp;nrf_uart_int_enable
<LI><a href="#[109]">&gt;&gt;</a>&nbsp;&nbsp;&nbsp;nrf_drv_common_irq_enable
</UL>

<P><STRONG><a name="[12d]"></a>nrf_drv_uart_uninit</STRONG> (Thumb, 74 bytes, Stack size 8 bytes, nrf_drv_uart.o(.text), UNUSED)
<BR><BR>[Calls]<UL><LI><a href="#[12f]">&gt;&gt;</a>&nbsp;&nbsp;&nbsp;pins_to_default
<LI><a href="#[12e]">&gt;&gt;</a>&nbsp;&nbsp;&nbsp;nrf_uart_int_disable
</UL>

<P><STRONG><a name="[132]"></a>nrf_drv_uart_tx</STRONG> (Thumb, 170 bytes, Stack size 16 bytes, nrf_drv_uart.o(.text), UNUSED)
<BR><BR>[Calls]<UL><LI><a href="#[133]">&gt;&gt;</a>&nbsp;&nbsp;&nbsp;nrf_uart_task_trigger
<LI><a href="#[134]">&gt;&gt;</a>&nbsp;&nbsp;&nbsp;nrf_uart_event_check
<LI><a href="#[131]">&gt;&gt;</a>&nbsp;&nbsp;&nbsp;nrf_uart_event_clear
<LI><a href="#[130]">&gt;&gt;</a>&nbsp;&nbsp;&nbsp;tx_byte
</UL>

<P><STRONG><a name="[136]"></a>nrf_drv_uart_rx</STRONG> (Thumb, 216 bytes, Stack size 32 bytes, nrf_drv_uart.o(.text), UNUSED)
<BR><BR>[Calls]<UL><LI><a href="#[137]">&gt;&gt;</a>&nbsp;&nbsp;&nbsp;rx_enable
<LI><a href="#[133]">&gt;&gt;</a>&nbsp;&nbsp;&nbsp;nrf_uart_task_trigger
<LI><a href="#[12c]">&gt;&gt;</a>&nbsp;&nbsp;&nbsp;nrf_uart_int_enable
<LI><a href="#[134]">&gt;&gt;</a>&nbsp;&nbsp;&nbsp;nrf_uart_event_check
<LI><a href="#[131]">&gt;&gt;</a>&nbsp;&nbsp;&nbsp;nrf_uart_event_clear
<LI><a href="#[135]">&gt;&gt;</a>&nbsp;&nbsp;&nbsp;rx_byte
</UL>

<P><STRONG><a name="[138]"></a>nrf_drv_uart_rx_enable</STRONG> (Thumb, 22 bytes, Stack size 8 bytes, nrf_drv_uart.o(.text), UNUSED)
<BR><BR>[Calls]<UL><LI><a href="#[137]">&gt;&gt;</a>&nbsp;&nbsp;&nbsp;rx_enable
</UL>

<P><STRONG><a name="[139]"></a>nrf_drv_uart_rx_disable</STRONG> (Thumb, 18 bytes, Stack size 8 bytes, nrf_drv_uart.o(.text), UNUSED)
<BR><BR>[Calls]<UL><LI><a href="#[133]">&gt;&gt;</a>&nbsp;&nbsp;&nbsp;nrf_uart_task_trigger
</UL>

<P><STRONG><a name="[13a]"></a>nrf_drv_uart_errorsrc_get</STRONG> (Thumb, 24 bytes, Stack size 8 bytes, nrf_drv_uart.o(.text), UNUSED)
<BR><BR>[Calls]<UL><LI><a href="#[13b]">&gt;&gt;</a>&nbsp;&nbsp;&nbsp;nrf_uart_errorsrc_get_and_clear
<LI><a href="#[131]">&gt;&gt;</a>&nbsp;&nbsp;&nbsp;nrf_uart_event_clear
</UL>

<P><STRONG><a name="[13c]"></a>nrf_drv_uart_tx_abort</STRONG> (Thumb, 40 bytes, Stack size 8 bytes, nrf_drv_uart.o(.text), UNUSED)
<BR><BR>[Calls]<UL><LI><a href="#[133]">&gt;&gt;</a>&nbsp;&nbsp;&nbsp;nrf_uart_task_trigger
<LI><a href="#[13d]">&gt;&gt;</a>&nbsp;&nbsp;&nbsp;tx_done_event
</UL>

<P><STRONG><a name="[13e]"></a>nrf_drv_uart_rx_abort</STRONG> (Thumb, 22 bytes, Stack size 8 bytes, nrf_drv_uart.o(.text), UNUSED)
<BR><BR>[Calls]<UL><LI><a href="#[133]">&gt;&gt;</a>&nbsp;&nbsp;&nbsp;nrf_uart_task_trigger
<LI><a href="#[12e]">&gt;&gt;</a>&nbsp;&nbsp;&nbsp;nrf_uart_int_disable
</UL>

<P><STRONG><a name="[9]"></a>UART0_IRQHandler</STRONG> (Thumb, 330 bytes, Stack size 24 bytes, nrf_drv_uart.o(.text))
<BR><BR>[Stack]<UL><LI>Max Depth = 48<LI>Call Chain = UART0_IRQHandler &rArr; tx_done_event
</UL>
<BR>[Calls]<UL><LI><a href="#[133]">&gt;&gt;</a>&nbsp;&nbsp;&nbsp;nrf_uart_task_trigger
<LI><a href="#[13b]">&gt;&gt;</a>&nbsp;&nbsp;&nbsp;nrf_uart_errorsrc_get_and_clear
<LI><a href="#[12e]">&gt;&gt;</a>&nbsp;&nbsp;&nbsp;nrf_uart_int_disable
<LI><a href="#[13f]">&gt;&gt;</a>&nbsp;&nbsp;&nbsp;nrf_uart_int_enable_check
<LI><a href="#[134]">&gt;&gt;</a>&nbsp;&nbsp;&nbsp;nrf_uart_event_check
<LI><a href="#[131]">&gt;&gt;</a>&nbsp;&nbsp;&nbsp;nrf_uart_event_clear
<LI><a href="#[13d]">&gt;&gt;</a>&nbsp;&nbsp;&nbsp;tx_done_event
<LI><a href="#[140]">&gt;&gt;</a>&nbsp;&nbsp;&nbsp;rx_done_event
<LI><a href="#[135]">&gt;&gt;</a>&nbsp;&nbsp;&nbsp;rx_byte
<LI><a href="#[130]">&gt;&gt;</a>&nbsp;&nbsp;&nbsp;tx_byte
</UL>
<BR>[Address Reference Count : 1]<UL><LI> arm_startup_nrf51.o(RESET)
</UL>
<P><STRONG><a name="[16f]"></a>pstorage_sys_event_handler</STRONG> (Thumb, 66 bytes, Stack size 8 bytes, pstorage.o(.text), UNUSED)
<BR><BR>[Calls]<UL><LI><a href="#[16e]">&gt;&gt;</a>&nbsp;&nbsp;&nbsp;flash_operation_failure_run
<LI><a href="#[16c]">&gt;&gt;</a>&nbsp;&nbsp;&nbsp;flash_operation_success_run
</UL>

<P><STRONG><a name="[170]"></a>pstorage_init</STRONG> (Thumb, 104 bytes, Stack size 8 bytes, pstorage.o(.text), UNUSED)
<BR><BR>[Calls]<UL><LI><a href="#[149]">&gt;&gt;</a>&nbsp;&nbsp;&nbsp;pstorage_flash_page_size
<LI><a href="#[162]">&gt;&gt;</a>&nbsp;&nbsp;&nbsp;cmd_queue_init
<LI><a href="#[148]">&gt;&gt;</a>&nbsp;&nbsp;&nbsp;pstorage_flash_page_end
</UL>

<P><STRONG><a name="[171]"></a>pstorage_register</STRONG> (Thumb, 270 bytes, Stack size 24 bytes, pstorage.o(.text), UNUSED)
<BR><BR>[Calls]<UL><LI><a href="#[149]">&gt;&gt;</a>&nbsp;&nbsp;&nbsp;pstorage_flash_page_size
[...]
<LI><a href="#[1ae]">&gt;&gt;</a>&nbsp;&nbsp;&nbsp;SPIFlash_Erase_Block
<LI><a href="#[1ac]">&gt;&gt;</a>&nbsp;&nbsp;&nbsp;SpiFlash_Write_Page
<LI><a href="#[1aa]">&gt;&gt;</a>&nbsp;&nbsp;&nbsp;SPIFlash_Reset
<LI><a href="#[1a9]">&gt;&gt;</a>&nbsp;&nbsp;&nbsp;SPIFlash_EnableReset
<LI><a href="#[1a8]">&gt;&gt;</a>&nbsp;&nbsp;&nbsp;SpiFlash_PowerUp
<LI><a href="#[1a6]">&gt;&gt;</a>&nbsp;&nbsp;&nbsp;SpiFlash_Read
<LI><a href="#[1a2]">&gt;&gt;</a>&nbsp;&nbsp;&nbsp;SpiFlash_ReadSR
<LI><a href="#[1a7]">&gt;&gt;</a>&nbsp;&nbsp;&nbsp;SpiFlash_Write_Enable
<LI><a href="#[6c]">&gt;&gt;</a>&nbsp;&nbsp;&nbsp;Spi_Flash_Sleep
<LI><a href="#[92]">&gt;&gt;</a>&nbsp;&nbsp;&nbsp;SPIFlash_Erase_Sector
</UL>

<P><STRONG><a name="[1c8]"></a>nrf_gpio_cfg</STRONG> (Thumb, 38 bytes, Stack size 20 bytes, bl5372.o(.text))
<BR><BR>[Stack]<UL><LI>Max Depth = 20<LI>Call Chain = nrf_gpio_cfg
</UL>
<BR>[Called By]<UL><LI><a href="#[1b9]">&gt;&gt;</a>&nbsp;&nbsp;&nbsp;nrf_gpio_cfg_default
<LI><a href="#[1b6]">&gt;&gt;</a>&nbsp;&nbsp;&nbsp;nrf_gpio_cfg_output
</UL>

<P><STRONG><a name="[1b6]"></a>nrf_gpio_cfg_output</STRONG> (Thumb, 24 bytes, Stack size 16 bytes, bl5372.o(.text))
<BR><BR>[Stack]<UL><LI>Max Depth = 36<LI>Call Chain = nrf_gpio_cfg_output &rArr; nrf_gpio_cfg
</UL>
<BR>[Calls]<UL><LI><a href="#[1c8]">&gt;&gt;</a>&nbsp;&nbsp;&nbsp;nrf_gpio_cfg
</UL>
<BR>[Called By]<UL><LI><a href="#[1b5]">&gt;&gt;</a>&nbsp;&nbsp;&nbsp;BL_I2C_GPIO_init
</UL>

<P><STRONG><a name="[1b9]"></a>nrf_gpio_cfg_default</STRONG> (Thumb, 24 bytes, Stack size 16 bytes, bl5372.o(.text))
<BR><BR>[Stack]<UL><LI>Max Depth = 36<LI>Call Chain = nrf_gpio_cfg_default &rArr; nrf_gpio_cfg
</UL>
<BR>[Calls]<UL><LI><a href="#[1c8]">&gt;&gt;</a>&nbsp;&nbsp;&nbsp;nrf_gpio_cfg
</UL>
<BR>[Called By]<UL><LI><a href="#[1b8]">&gt;&gt;</a>&nbsp;&nbsp;&nbsp;BL_I2C_GPIO_SLEEP
</UL>

<P><STRONG><a name="[1b7]"></a>nrf_gpio_pin_set</STRONG> (Thumb, 10 bytes, Stack size 0 bytes, bl5372.o(.text))
<BR><BR>[Called By]<UL><LI><a href="#[1c2]">&gt;&gt;</a>&nbsp;&nbsp;&nbsp;BLI2C_READ_BYTE
<LI><a href="#[1c1]">&gt;&gt;</a>&nbsp;&nbsp;&nbsp;BL_I2C_WRITE_BYTE
<LI><a href="#[1c0]">&gt;&gt;</a>&nbsp;&nbsp;&nbsp;BL_I2C_SEND_ACK
<LI><a href="#[1be]">&gt;&gt;</a>&nbsp;&nbsp;&nbsp;BL_I2C_WAIT_ACK
<LI><a href="#[1bd]">&gt;&gt;</a>&nbsp;&nbsp;&nbsp;BLI2C_STOP
<LI><a href="#[1bb]">&gt;&gt;</a>&nbsp;&nbsp;&nbsp;BLI2C_START
<LI><a href="#[1b8]">&gt;&gt;</a>&nbsp;&nbsp;&nbsp;BL_I2C_GPIO_SLEEP
<LI><a href="#[1b5]">&gt;&gt;</a>&nbsp;&nbsp;&nbsp;BL_I2C_GPIO_init
</UL>

<P><STRONG><a name="[1bc]"></a>nrf_gpio_pin_clear</STRONG> (Thumb, 10 bytes, Stack size 0 bytes, bl5372.o(.text))
<BR><BR>[Called By]<UL><LI><a href="#[1c2]">&gt;&gt;</a>&nbsp;&nbsp;&nbsp;BLI2C_READ_BYTE
<LI><a href="#[1c1]">&gt;&gt;</a>&nbsp;&nbsp;&nbsp;BL_I2C_WRITE_BYTE
<LI><a href="#[1c0]">&gt;&gt;</a>&nbsp;&nbsp;&nbsp;BL_I2C_SEND_ACK
<LI><a href="#[1be]">&gt;&gt;</a>&nbsp;&nbsp;&nbsp;BL_I2C_WAIT_ACK
<LI><a href="#[1bd]">&gt;&gt;</a>&nbsp;&nbsp;&nbsp;BLI2C_STOP
<LI><a href="#[1bb]">&gt;&gt;</a>&nbsp;&nbsp;&nbsp;BLI2C_START
</UL>

<P><STRONG><a name="[1bf]"></a>nrf_gpio_pin_read</STRONG> (Thumb, 14 bytes, Stack size 0 bytes, bl5372.o(.text))
<BR><BR>[Called By]<UL><LI><a href="#[1c2]">&gt;&gt;</a>&nbsp;&nbsp;&nbsp;BLI2C_READ_BYTE
<LI><a href="#[1be]">&gt;&gt;</a>&nbsp;&nbsp;&nbsp;BL_I2C_WAIT_ACK
</UL>

<P><STRONG><a name="[1e3]"></a>nrf_gpio_cfg_input</STRONG> (Thumb, 46 bytes, Stack size 24 bytes, flash_rw.o(.text))
<BR><BR>[Stack]<UL><LI>Max Depth = 24<LI>Call Chain = nrf_gpio_cfg_input
</UL>
<BR>[Called By]<UL><LI><a href="#[ad]">&gt;&gt;</a>&nbsp;&nbsp;&nbsp;Per_Act_PassWord_Verify
<LI><a href="#[ae]">&gt;&gt;</a>&nbsp;&nbsp;&nbsp;More_Act_PassWord_Verify
<LI><a href="#[ac]">&gt;&gt;</a>&nbsp;&nbsp;&nbsp;Act_PassWord_Verify
</UL>

<P><STRONG><a name="[1e4]"></a>nrf_gpio_pin_read</STRONG> (Thumb, 14 bytes, Stack size 0 bytes, flash_rw.o(.text))
<BR><BR>[Called By]<UL><LI><a href="#[ad]">&gt;&gt;</a>&nbsp;&nbsp;&nbsp;Per_Act_PassWord_Verify
<LI><a href="#[ae]">&gt;&gt;</a>&nbsp;&nbsp;&nbsp;More_Act_PassWord_Verify
<LI><a href="#[ac]">&gt;&gt;</a>&nbsp;&nbsp;&nbsp;Act_PassWord_Verify
</UL>

<P><STRONG><a name="[1f6]"></a>nrf_gpio_cfg</STRONG> (Thumb, 38 bytes, Stack size 20 bytes, moto_run.o(.text))
<BR><BR>[Stack]<UL><LI>Max Depth = 20<LI>Call Chain = nrf_gpio_cfg
</UL>
<BR>[Called By]<UL><LI><a href="#[1f3]">&gt;&gt;</a>&nbsp;&nbsp;&nbsp;nrf_gpio_cfg_default
<LI><a href="#[1f0]">&gt;&gt;</a>&nbsp;&nbsp;&nbsp;nrf_gpio_cfg_output
</UL>

<P><STRONG><a name="[1f0]"></a>nrf_gpio_cfg_output</STRONG> (Thumb, 24 bytes, Stack size 16 bytes, moto_run.o(.text))
<BR><BR>[Stack]<UL><LI>Max Depth = 36<LI>Call Chain = nrf_gpio_cfg_output &rArr; nrf_gpio_cfg
</UL>
<BR>[Calls]<UL><LI><a href="#[1f6]">&gt;&gt;</a>&nbsp;&nbsp;&nbsp;nrf_gpio_cfg
</UL>
<BR>[Called By]<UL><LI><a href="#[1ef]">&gt;&gt;</a>&nbsp;&nbsp;&nbsp;Lock_Mot_Init
</UL>

<P><STRONG><a name="[1f3]"></a>nrf_gpio_cfg_default</STRONG> (Thumb, 24 bytes, Stack size 16 bytes, moto_run.o(.text))
<BR><BR>[Stack]<UL><LI>Max Depth = 36<LI>Call Chain = nrf_gpio_cfg_default &rArr; nrf_gpio_cfg
</UL>
<BR>[Calls]<UL><LI><a href="#[1f6]">&gt;&gt;</a>&nbsp;&nbsp;&nbsp;nrf_gpio_cfg
</UL>
<BR>[Called By]<UL><LI><a href="#[1f1]">&gt;&gt;</a>&nbsp;&nbsp;&nbsp;Lock_Mot_Default
</UL>

<P><STRONG><a name="[1f4]"></a>nrf_gpio_pin_set</STRONG> (Thumb, 10 bytes, Stack size 0 bytes, moto_run.o(.text))
<BR><BR>[Called By]<UL><LI><a href="#[86]">&gt;&gt;</a>&nbsp;&nbsp;&nbsp;Lock_Open
<LI><a href="#[1d0]">&gt;&gt;</a>&nbsp;&nbsp;&nbsp;Lock_Close
</UL>

<P><STRONG><a name="[1f2]"></a>nrf_gpio_pin_clear</STRONG> (Thumb, 10 bytes, Stack size 0 bytes, moto_run.o(.text))
<BR><BR>[Called By]<UL><LI><a href="#[86]">&gt;&gt;</a>&nbsp;&nbsp;&nbsp;Lock_Open
<LI><a href="#[1f1]">&gt;&gt;</a>&nbsp;&nbsp;&nbsp;Lock_Mot_Default
<LI><a href="#[1d0]">&gt;&gt;</a>&nbsp;&nbsp;&nbsp;Lock_Close
</UL>

<P><STRONG><a name="[1f7]"></a>nrf_gpio_cfg_output</STRONG> (Thumb, 48 bytes, Stack size 24 bytes, speak.o(.text))
<BR><BR>[Stack]<UL><LI>Max Depth = 24<LI>Call Chain = nrf_gpio_cfg_output
</UL>
<BR>[Called By]<UL><LI><a href="#[c1]">&gt;&gt;</a>&nbsp;&nbsp;&nbsp;auart_init
</UL>

<P><STRONG><a name="[32]"></a>LEDR_Close_Timer_Hander</STRONG> (Thumb, 20 bytes, Stack size 8 bytes, speak.o(.text))
<BR><BR>[Stack]<UL><LI>Max Depth = 64<LI>Call Chain = LEDR_Close_Timer_Hander &rArr; app_timer_stop &rArr; timer_stop_op_schedule &rArr; user_op_alloc
</UL>
<BR>[Calls]<UL><LI><a href="#[8e]">&gt;&gt;</a>&nbsp;&nbsp;&nbsp;app_timer_stop
<LI><a href="#[1f8]">&gt;&gt;</a>&nbsp;&nbsp;&nbsp;nrf_gpio_pin_clear
</UL>
<BR>[Address Reference Count : 1]<UL><LI> speak.o(.text)
</UL>
<P><STRONG><a name="[1fb]"></a>nrf_gpio_pin_set</STRONG> (Thumb, 10 bytes, Stack size 0 bytes, speak.o(.text))
<BR><BR>[Called By]<UL><LI><a href="#[71]">&gt;&gt;</a>&nbsp;&nbsp;&nbsp;input_speak
<LI><a href="#[200]">&gt;&gt;</a>&nbsp;&nbsp;&nbsp;input_abus_byte
<LI><a href="#[1fe]">&gt;&gt;</a>&nbsp;&nbsp;&nbsp;Buzzer_Cl
<LI><a href="#[1fd]">&gt;&gt;</a>&nbsp;&nbsp;&nbsp;Buzzer_Di
<LI><a href="#[1fc]">&gt;&gt;</a>&nbsp;&nbsp;&nbsp;Buzzer_Ok
<LI><a href="#[1fa]">&gt;&gt;</a>&nbsp;&nbsp;&nbsp;Buzzer_Error
</UL>

<P><STRONG><a name="[1f8]"></a>nrf_gpio_pin_clear</STRONG> (Thumb, 10 bytes, Stack size 0 bytes, speak.o(.text))
<BR><BR>[Called By]<UL><LI><a href="#[c1]">&gt;&gt;</a>&nbsp;&nbsp;&nbsp;auart_init
<LI><a href="#[200]">&gt;&gt;</a>&nbsp;&nbsp;&nbsp;input_abus_byte
<LI><a href="#[1ff]">&gt;&gt;</a>&nbsp;&nbsp;&nbsp;Buzzer_Run
<LI><a href="#[1fe]">&gt;&gt;</a>&nbsp;&nbsp;&nbsp;Buzzer_Cl
<LI><a href="#[1fd]">&gt;&gt;</a>&nbsp;&nbsp;&nbsp;Buzzer_Di
<LI><a href="#[1fc]">&gt;&gt;</a>&nbsp;&nbsp;&nbsp;Buzzer_Ok
<LI><a href="#[1fa]">&gt;&gt;</a>&nbsp;&nbsp;&nbsp;Buzzer_Error
<LI><a href="#[32]">&gt;&gt;</a>&nbsp;&nbsp;&nbsp;LEDR_Close_Timer_Hander
</UL>

<P><STRONG><a name="[203]"></a>nrf_gpio_cfg</STRONG> (Thumb, 38 bytes, Stack size 20 bytes, adc.o(.text))
<BR><BR>[Stack]<UL><LI>Max Depth = 20<LI>Call Chain = nrf_gpio_cfg
</UL>
<BR>[Called By]<UL><LI><a href="#[202]">&gt;&gt;</a>&nbsp;&nbsp;&nbsp;ADC_F
<LI><a href="#[204]">&gt;&gt;</a>&nbsp;&nbsp;&nbsp;nrf_gpio_cfg_output
</UL>

<P><STRONG><a name="[204]"></a>nrf_gpio_cfg_output</STRONG> (Thumb, 24 bytes, Stack size 16 bytes, adc.o(.text))
<BR><BR>[Stack]<UL><LI>Max Depth = 36<LI>Call Chain = nrf_gpio_cfg_output &rArr; nrf_gpio_cfg
</UL>
<BR>[Calls]<UL><LI><a href="#[203]">&gt;&gt;</a>&nbsp;&nbsp;&nbsp;nrf_gpio_cfg
</UL>
<BR>[Called By]<UL><LI><a href="#[205]">&gt;&gt;</a>&nbsp;&nbsp;&nbsp;ADC_N
<LI><a href="#[1d1]">&gt;&gt;</a>&nbsp;&nbsp;&nbsp;adc_init
</UL>

<P><STRONG><a name="[20a]"></a>nrf_gpio_cfg</STRONG> (Thumb, 38 bytes, Stack size 20 bytes, key_run.o(.text))
<BR><BR>[Stack]<UL><LI>Max Depth = 20<LI>Call Chain = nrf_gpio_cfg
</UL>
<BR>[Called By]<UL><LI><a href="#[208]">&gt;&gt;</a>&nbsp;&nbsp;&nbsp;nrf_gpio_cfg_input
<LI><a href="#[207]">&gt;&gt;</a>&nbsp;&nbsp;&nbsp;nrf_gpio_cfg_output
</UL>

<P><STRONG><a name="[33]"></a>Moto_Timer_Hander</STRONG> (Thumb, 112 bytes, Stack size 8 bytes, key_run.o(.text))
<BR><BR>[Stack]<UL><LI>Max Depth = 64<LI>Call Chain = Moto_Timer_Hander &rArr; app_timer_stop &rArr; timer_stop_op_schedule &rArr; user_op_alloc
</UL>
<BR>[Calls]<UL><LI><a href="#[8e]">&gt;&gt;</a>&nbsp;&nbsp;&nbsp;app_timer_stop
<LI><a href="#[209]">&gt;&gt;</a>&nbsp;&nbsp;&nbsp;nrf_gpio_pin_read
<LI><a href="#[1d0]">&gt;&gt;</a>&nbsp;&nbsp;&nbsp;Lock_Close
</UL>
<BR>[Address Reference Count : 1]<UL><LI> key_run.o(.text)
</UL>
<P><STRONG><a name="[207]"></a>nrf_gpio_cfg_output</STRONG> (Thumb, 24 bytes, Stack size 16 bytes, key_run.o(.text))
<BR><BR>[Stack]<UL><LI>Max Depth = 36<LI>Call Chain = nrf_gpio_cfg_output &rArr; nrf_gpio_cfg
</UL>
<BR>[Calls]<UL><LI><a href="#[20a]">&gt;&gt;</a>&nbsp;&nbsp;&nbsp;nrf_gpio_cfg
</UL>
<BR>[Called By]<UL><LI><a href="#[1cf]">&gt;&gt;</a>&nbsp;&nbsp;&nbsp;LED_BR_Init
</UL>

<P><STRONG><a name="[208]"></a>nrf_gpio_cfg_input</STRONG> (Thumb, 26 bytes, Stack size 24 bytes, key_run.o(.text))
<BR><BR>[Stack]<UL><LI>Max Depth = 44<LI>Call Chain = nrf_gpio_cfg_input &rArr; nrf_gpio_cfg
</UL>
<BR>[Calls]<UL><LI><a href="#[20a]">&gt;&gt;</a>&nbsp;&nbsp;&nbsp;nrf_gpio_cfg
</UL>
<BR>[Called By]<UL><LI><a href="#[c7]">&gt;&gt;</a>&nbsp;&nbsp;&nbsp;LOCK_OPEN_Init
<LI><a href="#[1cc]">&gt;&gt;</a>&nbsp;&nbsp;&nbsp;Read_Lock_Bon
</UL>

<P><STRONG><a name="[209]"></a>nrf_gpio_pin_read</STRONG> (Thumb, 14 bytes, Stack size 0 bytes, key_run.o(.text))
<BR><BR>[Called By]<UL><LI><a href="#[33]">&gt;&gt;</a>&nbsp;&nbsp;&nbsp;Moto_Timer_Hander
<LI><a href="#[1cc]">&gt;&gt;</a>&nbsp;&nbsp;&nbsp;Read_Lock_Bon
</UL>

<P><STRONG><a name="[20e]"></a>nrf_gpio_pin_set</STRONG> (Thumb, 10 bytes, Stack size 0 bytes, ble_data.o(.text))
<BR><BR>[Called By]<UL><LI><a href="#[219]">&gt;&gt;</a>&nbsp;&nbsp;&nbsp;APP_OpenLock_Run
<LI><a href="#[20d]">&gt;&gt;</a>&nbsp;&nbsp;&nbsp;Normally_Open_Door_Run
</UL>

<P><STRONG><a name="[20f]"></a>nrf_gpio_pin_clear</STRONG> (Thumb, 10 bytes, Stack size 0 bytes, ble_data.o(.text))
<BR><BR>[Called By]<UL><LI><a href="#[219]">&gt;&gt;</a>&nbsp;&nbsp;&nbsp;APP_OpenLock_Run
<LI><a href="#[20d]">&gt;&gt;</a>&nbsp;&nbsp;&nbsp;Normally_Open_Door_Run
</UL>

<P><STRONG><a name="[228]"></a>nrf_gpio_cfg</STRONG> (Thumb, 38 bytes, Stack size 20 bytes, simple_uart.o(.text))
<BR><BR>[Stack]<UL><LI>Max Depth = 20<LI>Call Chain = nrf_gpio_cfg
</UL>
<BR>[Called By]<UL><LI><a href="#[227]">&gt;&gt;</a>&nbsp;&nbsp;&nbsp;nrf_gpio_cfg_input
<LI><a href="#[226]">&gt;&gt;</a>&nbsp;&nbsp;&nbsp;nrf_gpio_cfg_output
</UL>

<P><STRONG><a name="[226]"></a>nrf_gpio_cfg_output</STRONG> (Thumb, 24 bytes, Stack size 16 bytes, simple_uart.o(.text))
<BR><BR>[Stack]<UL><LI>Max Depth = 36<LI>Call Chain = nrf_gpio_cfg_output &rArr; nrf_gpio_cfg
</UL>
<BR>[Calls]<UL><LI><a href="#[228]">&gt;&gt;</a>&nbsp;&nbsp;&nbsp;nrf_gpio_cfg
</UL>
<BR>[Called By]<UL><LI><a href="#[9c]">&gt;&gt;</a>&nbsp;&nbsp;&nbsp;simple_uart_config
</UL>

<P><STRONG><a name="[227]"></a>nrf_gpio_cfg_input</STRONG> (Thumb, 26 bytes, Stack size 24 bytes, simple_uart.o(.text))
<BR><BR>[Stack]<UL><LI>Max Depth = 44<LI>Call Chain = nrf_gpio_cfg_input &rArr; nrf_gpio_cfg
</UL>
<BR>[Calls]<UL><LI><a href="#[228]">&gt;&gt;</a>&nbsp;&nbsp;&nbsp;nrf_gpio_cfg
</UL>
<BR>[Called By]<UL><LI><a href="#[9c]">&gt;&gt;</a>&nbsp;&nbsp;&nbsp;simple_uart_config
</UL>

<P><STRONG><a name="[22b]"></a>nrf_gpio_cfg_input</STRONG> (Thumb, 46 bytes, Stack size 24 bytes, act_password.o(.text))
<BR><BR>[Stack]<UL><LI>Max Depth = 24<LI>Call Chain = nrf_gpio_cfg_input
</UL>
<BR>[Called By]<UL><LI><a href="#[85]">&gt;&gt;</a>&nbsp;&nbsp;&nbsp;Data_Card_Run
</UL>

<P><STRONG><a name="[22c]"></a>nrf_gpio_pin_read</STRONG> (Thumb, 14 bytes, Stack size 0 bytes, act_password.o(.text))
<BR><BR>[Called By]<UL><LI><a href="#[85]">&gt;&gt;</a>&nbsp;&nbsp;&nbsp;Data_Card_Run
</UL>

<P><STRONG><a name="[230]"></a>nrf_gpio_pin_set</STRONG> (Thumb, 10 bytes, Stack size 0 bytes, sky1311_drv.o(.text))
<BR><BR>[Called By]<UL><LI><a href="#[7f]">&gt;&gt;</a>&nbsp;&nbsp;&nbsp;sky1311ReadReg
<LI><a href="#[233]">&gt;&gt;</a>&nbsp;&nbsp;&nbsp;sky1311ReadFifo
<LI><a href="#[232]">&gt;&gt;</a>&nbsp;&nbsp;&nbsp;sky1311WriteFifo
<LI><a href="#[231]">&gt;&gt;</a>&nbsp;&nbsp;&nbsp;sky1311WriteReg
<LI><a href="#[22e]">&gt;&gt;</a>&nbsp;&nbsp;&nbsp;sky1311WriteCmd
</UL>

<P><STRONG><a name="[22f]"></a>nrf_gpio_pin_clear</STRONG> (Thumb, 10 bytes, Stack size 0 bytes, sky1311_drv.o(.text))
<BR><BR>[Called By]<UL><LI><a href="#[7f]">&gt;&gt;</a>&nbsp;&nbsp;&nbsp;sky1311ReadReg
<LI><a href="#[233]">&gt;&gt;</a>&nbsp;&nbsp;&nbsp;sky1311ReadFifo
<LI><a href="#[232]">&gt;&gt;</a>&nbsp;&nbsp;&nbsp;sky1311WriteFifo
<LI><a href="#[231]">&gt;&gt;</a>&nbsp;&nbsp;&nbsp;sky1311WriteReg
<LI><a href="#[22e]">&gt;&gt;</a>&nbsp;&nbsp;&nbsp;sky1311WriteCmd
</UL>

<P><STRONG><a name="[25b]"></a>analogInit</STRONG> (Thumb, 42 bytes, Stack size 8 bytes, sky1311t.o(.text), UNUSED)
<BR><BR>[Calls]<UL><LI><a href="#[231]">&gt;&gt;</a>&nbsp;&nbsp;&nbsp;sky1311WriteReg
<LI><a href="#[24e]">&gt;&gt;</a>&nbsp;&nbsp;&nbsp;delay
</UL>
<BR>[Called By]<UL><LI><a href="#[25e]">&gt;&gt;</a>&nbsp;&nbsp;&nbsp;sky1311Init
</UL>

<P><STRONG><a name="[25c]"></a>analogInit_A</STRONG> (Thumb, 42 bytes, Stack size 8 bytes, sky1311t.o(.text))
<BR><BR>[Stack]<UL><LI>Max Depth = 48<LI>Call Chain = analogInit_A &rArr; sky1311WriteReg &rArr; SPIByteCom &rArr; SPI_Tranfer
</UL>
<BR>[Calls]<UL><LI><a href="#[231]">&gt;&gt;</a>&nbsp;&nbsp;&nbsp;sky1311WriteReg
<LI><a href="#[24e]">&gt;&gt;</a>&nbsp;&nbsp;&nbsp;delay
</UL>
<BR>[Called By]<UL><LI><a href="#[25f]">&gt;&gt;</a>&nbsp;&nbsp;&nbsp;sky1311Init_A
</UL>

<P><STRONG><a name="[25d]"></a>analogInit_B</STRONG> (Thumb, 42 bytes, Stack size 8 bytes, sky1311t.o(.text))
<BR><BR>[Stack]<UL><LI>Max Depth = 48<LI>Call Chain = analogInit_B &rArr; sky1311WriteReg &rArr; SPIByteCom &rArr; SPI_Tranfer
</UL>
<BR>[Calls]<UL><LI><a href="#[231]">&gt;&gt;</a>&nbsp;&nbsp;&nbsp;sky1311WriteReg
<LI><a href="#[24e]">&gt;&gt;</a>&nbsp;&nbsp;&nbsp;delay
</UL>
<BR>[Called By]<UL><LI><a href="#[260]">&gt;&gt;</a>&nbsp;&nbsp;&nbsp;sky1311Init_B
</UL>

<P><STRONG><a name="[264]"></a>nrf_gpio_pin_set</STRONG> (Thumb, 10 bytes, Stack size 0 bytes, sky1311t.o(.text))
<BR><BR>[Called By]<UL><LI><a href="#[69]">&gt;&gt;</a>&nbsp;&nbsp;&nbsp;sky1311RCFreqCali
<LI><a href="#[8f]">&gt;&gt;</a>&nbsp;&nbsp;&nbsp;checkCardRemove
<LI><a href="#[7b]">&gt;&gt;</a>&nbsp;&nbsp;&nbsp;checkCardInit
<LI><a href="#[80]">&gt;&gt;</a>&nbsp;&nbsp;&nbsp;checkCardDeinit
</UL>

<P><STRONG><a name="[261]"></a>nrf_gpio_pin_clear</STRONG> (Thumb, 10 bytes, Stack size 0 bytes, sky1311t.o(.text))
<BR><BR>[Called By]<UL><LI><a href="#[66]">&gt;&gt;</a>&nbsp;&nbsp;&nbsp;sky1311Reset
<LI><a href="#[8f]">&gt;&gt;</a>&nbsp;&nbsp;&nbsp;checkCardRemove
<LI><a href="#[7b]">&gt;&gt;</a>&nbsp;&nbsp;&nbsp;checkCardInit
<LI><a href="#[80]">&gt;&gt;</a>&nbsp;&nbsp;&nbsp;checkCardDeinit
</UL>

<P><STRONG><a name="[263]"></a>nrf_gpio_pin_read</STRONG> (Thumb, 14 bytes, Stack size 0 bytes, sky1311t.o(.text))
<BR><BR>[Called By]<UL><LI><a href="#[23c]">&gt;&gt;</a>&nbsp;&nbsp;&nbsp;sky1311_fifo_tx
<LI><a href="#[23d]">&gt;&gt;</a>&nbsp;&nbsp;&nbsp;sky1311_fifo_rx
<LI><a href="#[24d]">&gt;&gt;</a>&nbsp;&nbsp;&nbsp;bitCollisionTrans
</UL>

<P><STRONG><a name="[269]"></a>nrf_gpio_pin_set</STRONG> (Thumb, 10 bytes, Stack size 0 bytes, cardoper.o(.text))
<BR><BR>[Called By]<UL><LI><a href="#[82]">&gt;&gt;</a>&nbsp;&nbsp;&nbsp;Type_B_Rrun
<LI><a href="#[81]">&gt;&gt;</a>&nbsp;&nbsp;&nbsp;Type_A_Rrun
<LI><a href="#[83]">&gt;&gt;</a>&nbsp;&nbsp;&nbsp;Type_A_Null_Key_Rrun
<LI><a href="#[26a]">&gt;&gt;</a>&nbsp;&nbsp;&nbsp;TypeB_test
<LI><a href="#[268]">&gt;&gt;</a>&nbsp;&nbsp;&nbsp;TypeA_test
</UL>

<P><STRONG><a name="[26c]"></a>nrf_gpio_cfg_output</STRONG> (Thumb, 48 bytes, Stack size 24 bytes, stm8_eval.o(.text))
<BR><BR>[Stack]<UL><LI>Max Depth = 24<LI>Call Chain = nrf_gpio_cfg_output
</UL>
<BR>[Called By]<UL><LI><a href="#[26b]">&gt;&gt;</a>&nbsp;&nbsp;&nbsp;SKY1311_SPI_Init
</UL>

<P><STRONG><a name="[26d]"></a>nrf_gpio_pin_set</STRONG> (Thumb, 10 bytes, Stack size 0 bytes, stm8_eval.o(.text))
<BR><BR>[Called By]<UL><LI><a href="#[26f]">&gt;&gt;</a>&nbsp;&nbsp;&nbsp;SKY1311_DeInit
<LI><a href="#[26e]">&gt;&gt;</a>&nbsp;&nbsp;&nbsp;SKY1311_Init
<LI><a href="#[26b]">&gt;&gt;</a>&nbsp;&nbsp;&nbsp;SKY1311_SPI_Init
</UL>

<P><STRONG><a name="[271]"></a>nrf_gpio_cfg</STRONG> (Thumb, 38 bytes, Stack size 20 bytes, mpr121.o(.text))
<BR><BR>[Stack]<UL><LI>Max Depth = 20<LI>Call Chain = nrf_gpio_cfg
</UL>
<BR>[Called By]<UL><LI><a href="#[1cb]">&gt;&gt;</a>&nbsp;&nbsp;&nbsp;I2C_GPIO_init
<LI><a href="#[270]">&gt;&gt;</a>&nbsp;&nbsp;&nbsp;nrf_gpio_cfg_output
</UL>

<P><STRONG><a name="[270]"></a>nrf_gpio_cfg_output</STRONG> (Thumb, 24 bytes, Stack size 16 bytes, mpr121.o(.text))
<BR><BR>[Stack]<UL><LI>Max Depth = 36<LI>Call Chain = nrf_gpio_cfg_output &rArr; nrf_gpio_cfg
</UL>
<BR>[Calls]<UL><LI><a href="#[271]">&gt;&gt;</a>&nbsp;&nbsp;&nbsp;nrf_gpio_cfg
</UL>
<BR>[Called By]<UL><LI><a href="#[1cb]">&gt;&gt;</a>&nbsp;&nbsp;&nbsp;I2C_GPIO_init
</UL>

<P><STRONG><a name="[272]"></a>nrf_gpio_pin_set</STRONG> (Thumb, 10 bytes, Stack size 0 bytes, mpr121.o(.text))
<BR><BR>[Called By]<UL><LI><a href="#[6a]">&gt;&gt;</a>&nbsp;&nbsp;&nbsp;TSM12_Init
<LI><a href="#[1ce]">&gt;&gt;</a>&nbsp;&nbsp;&nbsp;TSM12_read_tast
<LI><a href="#[1cb]">&gt;&gt;</a>&nbsp;&nbsp;&nbsp;I2C_GPIO_init
<LI><a href="#[27e]">&gt;&gt;</a>&nbsp;&nbsp;&nbsp;TSM12_Into_Sleep_Mode
<LI><a href="#[27b]">&gt;&gt;</a>&nbsp;&nbsp;&nbsp;I2C_READ_BYTE
<LI><a href="#[27a]">&gt;&gt;</a>&nbsp;&nbsp;&nbsp;I2C_WRITE_BYTE
<LI><a href="#[279]">&gt;&gt;</a>&nbsp;&nbsp;&nbsp;I2C_SEND_ACK
<LI><a href="#[277]">&gt;&gt;</a>&nbsp;&nbsp;&nbsp;I2C_WAIT_ACK
<LI><a href="#[276]">&gt;&gt;</a>&nbsp;&nbsp;&nbsp;I2C_STOP
<LI><a href="#[274]">&gt;&gt;</a>&nbsp;&nbsp;&nbsp;I2C_START
</UL>

<P><STRONG><a name="[275]"></a>nrf_gpio_pin_clear</STRONG> (Thumb, 10 bytes, Stack size 0 bytes, mpr121.o(.text))
<BR><BR>[Called By]<UL><LI><a href="#[6a]">&gt;&gt;</a>&nbsp;&nbsp;&nbsp;TSM12_Init
<LI><a href="#[7a]">&gt;&gt;</a>&nbsp;&nbsp;&nbsp;TSM12_Exit_Sleep_Mode
<LI><a href="#[27e]">&gt;&gt;</a>&nbsp;&nbsp;&nbsp;TSM12_Into_Sleep_Mode
<LI><a href="#[27b]">&gt;&gt;</a>&nbsp;&nbsp;&nbsp;I2C_READ_BYTE
<LI><a href="#[27a]">&gt;&gt;</a>&nbsp;&nbsp;&nbsp;I2C_WRITE_BYTE
<LI><a href="#[279]">&gt;&gt;</a>&nbsp;&nbsp;&nbsp;I2C_SEND_ACK
<LI><a href="#[277]">&gt;&gt;</a>&nbsp;&nbsp;&nbsp;I2C_WAIT_ACK
<LI><a href="#[276]">&gt;&gt;</a>&nbsp;&nbsp;&nbsp;I2C_STOP
<LI><a href="#[274]">&gt;&gt;</a>&nbsp;&nbsp;&nbsp;I2C_START
</UL>

<P><STRONG><a name="[278]"></a>nrf_gpio_pin_read</STRONG> (Thumb, 14 bytes, Stack size 0 bytes, mpr121.o(.text))
<BR><BR>[Called By]<UL><LI><a href="#[27b]">&gt;&gt;</a>&nbsp;&nbsp;&nbsp;I2C_READ_BYTE
<LI><a href="#[277]">&gt;&gt;</a>&nbsp;&nbsp;&nbsp;I2C_WAIT_ACK
</UL>
<P>
<H3>
Undefined Global Symbols
</H3><HR></body></html>
